OpenROAD 41a51eaf4ca2171c92ff38afb91eb37bbd3f36da 
This program is licensed under the BSD-3 license. See the LICENSE file for details.
Components of this program may be licensed under more restrictive licenses which must be honored.
[INFO]: Reading ODB at '/openlane/designs/Markov_Chain_Accelerator/runs/PDN_mqrn_test/tmp/routing/24-fill.odb'…
define_corners Typical
read_liberty -corner Typical /home/user/.ciel/gf180mcuC/libs.ref/gf180mcu_fd_sc_mcu7t5v0/lib/gf180mcu_fd_sc_mcu7t5v0__tt_025C_5v00.lib
Using 1e-12 for capacitance...
Using 1e+00 for resistance...
Using 1e-09 for time...
Using 1e+00 for voltage...
Using 1e-03 for current...
Using 1e-06 for power...
Using 1e-06 for distance...
Reading design constraints file at '/openlane/designs/Markov_Chain_Accelerator/runs/PDN_mqrn_test/tmp/17-A06_BH_top_wrapper.sdc'…
[INFO ORD-0030] Using 2 thread(s).
[INFO DRT-0149] Reading tech and libs.
[WARNING DRT-0140] SpacingRange unsupported.
[WARNING DRT-0140] SpacingRange unsupported.
[WARNING DRT-0140] SpacingRange unsupported.
[WARNING DRT-0140] SpacingRange unsupported.
[WARNING DRT-0140] SpacingRange unsupported.

Units:                2000
Number of layers:     11
Number of macros:     229
Number of vias:       60
Number of viarulegen: 18

[INFO DRT-0150] Reading design.

Design:                   A06_BH_top_wrapper
Die area:                 ( 0 0 ) ( 2220000 1100000 )
Number of track patterns: 10
Number of DEF vias:       0
Number of components:     42146
Number of terminals:      79
Number of snets:          2
Number of nets:           12395

[INFO DRT-0167] List of default vias:
  Layer Via1
    default via: Via1_HV
  Layer Via2
    default via: Via2_VH
  Layer Via3
    default via: Via3_HV
  Layer Via4
    default via: Via4_1_VH
[INFO DRT-0162] Library cell analysis.
[INFO DRT-0163] Instance analysis.
  Complete 10000 instances.
  Complete 20000 instances.
  Complete 30000 instances.
  Complete 40000 instances.
[INFO DRT-0164] Number of unique instances = 269.
[INFO DRT-0168] Init region query.
[INFO DRT-0018]   Complete 10000 insts.
[INFO DRT-0018]   Complete 20000 insts.
[INFO DRT-0018]   Complete 30000 insts.
[INFO DRT-0018]   Complete 40000 insts.
[INFO DRT-0024]   Complete Poly2.
[INFO DRT-0024]   Complete CON.
[INFO DRT-0024]   Complete Metal1.
[INFO DRT-0024]   Complete Via1.
[INFO DRT-0024]   Complete Metal2.
[INFO DRT-0024]   Complete Via2.
[INFO DRT-0024]   Complete Metal3.
[INFO DRT-0024]   Complete Via3.
[INFO DRT-0024]   Complete Metal4.
[INFO DRT-0024]   Complete Via4.
[INFO DRT-0024]   Complete Metal5.
[INFO DRT-0033] Poly2 shape region query size = 0.
[INFO DRT-0033] CON shape region query size = 0.
[INFO DRT-0033] Metal1 shape region query size = 474785.
[INFO DRT-0033] Via1 shape region query size = 3312.
[INFO DRT-0033] Metal2 shape region query size = 2285.
[INFO DRT-0033] Via2 shape region query size = 3312.
[INFO DRT-0033] Metal3 shape region query size = 2208.
[INFO DRT-0033] Via3 shape region query size = 3312.
[INFO DRT-0033] Metal4 shape region query size = 1264.
[INFO DRT-0033] Via4 shape region query size = 1080.
[INFO DRT-0033] Metal5 shape region query size = 144.
[INFO DRT-0165] Start pin access.
[INFO DRT-0076]   Complete 100 pins.
[INFO DRT-0076]   Complete 200 pins.
[INFO DRT-0076]   Complete 300 pins.
[INFO DRT-0076]   Complete 400 pins.
[INFO DRT-0076]   Complete 500 pins.
[INFO DRT-0076]   Complete 600 pins.
[INFO DRT-0076]   Complete 700 pins.
[INFO DRT-0076]   Complete 800 pins.
[INFO DRT-0078]   Complete 837 pins.
[INFO DRT-0079]   Complete 100 unique inst patterns.
[INFO DRT-0079]   Complete 200 unique inst patterns.
[INFO DRT-0081]   Complete 249 unique inst patterns.
[INFO DRT-0082]   Complete 1000 groups.
[INFO DRT-0082]   Complete 2000 groups.
[INFO DRT-0082]   Complete 3000 groups.
[INFO DRT-0082]   Complete 4000 groups.
[INFO DRT-0082]   Complete 5000 groups.
[INFO DRT-0082]   Complete 6000 groups.
[INFO DRT-0082]   Complete 7000 groups.
[INFO DRT-0082]   Complete 8000 groups.
[INFO DRT-0082]   Complete 9000 groups.
[INFO DRT-0083]   Complete 10000 groups.
[INFO DRT-0084]   Complete 11014 groups.
#scanned instances     = 42146
#unique  instances     = 269
#stdCellGenAp          = 6637
#stdCellValidPlanarAp  = 0
#stdCellValidViaAp     = 5588
#stdCellPinNoAp        = 0
#stdCellPinCnt         = 35315
#instTermValidViaApCnt = 0
#macroGenAp            = 0
#macroValidPlanarAp    = 0
#macroValidViaAp       = 0
#macroNoAp             = 0
[INFO DRT-0166] Complete pin access.
[INFO DRT-0267] cpu time = 00:00:38, elapsed time = 00:00:19, memory = 270.03 (MB), peak = 278.34 (MB)

Number of guides:     89078

[INFO DRT-0169] Post process guides.
[INFO DRT-0176] GCELLGRID X 0 DO 132 STEP 16800 ;
[INFO DRT-0177] GCELLGRID Y 0 DO 65 STEP 16800 ;
[INFO DRT-0026]   Complete 10000 origin guides.
[INFO DRT-0026]   Complete 20000 origin guides.
[INFO DRT-0026]   Complete 30000 origin guides.
[INFO DRT-0026]   Complete 40000 origin guides.
[INFO DRT-0026]   Complete 50000 origin guides.
[INFO DRT-0026]   Complete 60000 origin guides.
[INFO DRT-0026]   Complete 70000 origin guides.
[INFO DRT-0026]   Complete 80000 origin guides.
[INFO DRT-0028]   Complete Poly2.
[INFO DRT-0028]   Complete CON.
[INFO DRT-0028]   Complete Metal1.
[INFO DRT-0028]   Complete Via1.
[INFO DRT-0028]   Complete Metal2.
[INFO DRT-0028]   Complete Via2.
[INFO DRT-0028]   Complete Metal3.
[INFO DRT-0028]   Complete Via3.
[INFO DRT-0028]   Complete Metal4.
[INFO DRT-0028]   Complete Via4.
[INFO DRT-0028]   Complete Metal5.
  complete 10000 nets.
[INFO DRT-0178] Init guide query.
[INFO DRT-0029]   Complete 10000 nets (guide).
[INFO DRT-0035]   Complete Poly2 (guide).
[INFO DRT-0035]   Complete CON (guide).
[INFO DRT-0035]   Complete Metal1 (guide).
[INFO DRT-0035]   Complete Via1 (guide).
[INFO DRT-0035]   Complete Metal2 (guide).
[INFO DRT-0035]   Complete Via2 (guide).
[INFO DRT-0035]   Complete Metal3 (guide).
[INFO DRT-0035]   Complete Via3 (guide).
[INFO DRT-0035]   Complete Metal4 (guide).
[INFO DRT-0035]   Complete Via4 (guide).
[INFO DRT-0035]   Complete Metal5 (guide).
[INFO DRT-0036] Poly2 guide region query size = 0.
[INFO DRT-0036] CON guide region query size = 0.
[INFO DRT-0036] Metal1 guide region query size = 32985.
[INFO DRT-0036] Via1 guide region query size = 0.
[INFO DRT-0036] Metal2 guide region query size = 24701.
[INFO DRT-0036] Via2 guide region query size = 0.
[INFO DRT-0036] Metal3 guide region query size = 12875.
[INFO DRT-0036] Via3 guide region query size = 0.
[INFO DRT-0036] Metal4 guide region query size = 65.
[INFO DRT-0036] Via4 guide region query size = 0.
[INFO DRT-0036] Metal5 guide region query size = 27.
[INFO DRT-0179] Init gr pin query.
[INFO DRT-0245] skipped writing guide updates to database.
[INFO DRT-0185] Post process initialize RPin region query.
[INFO DRT-0181] Start track assignment.
[INFO DRT-0184] Done with 24766 vertical wires in 3 frboxes and 45887 horizontal wires in 2 frboxes.
[INFO DRT-0186] Done with 5158 vertical wires in 3 frboxes and 4850 horizontal wires in 2 frboxes.
[INFO DRT-0182] Complete track assignment.
[INFO DRT-0267] cpu time = 00:00:06, elapsed time = 00:00:04, memory = 410.50 (MB), peak = 444.34 (MB)
[INFO DRT-0187] Start routing data preparation.
[INFO DRT-0267] cpu time = 00:00:00, elapsed time = 00:00:00, memory = 410.50 (MB), peak = 444.34 (MB)
[INFO DRT-0194] Start detail routing.
[INFO DRT-0195] Start 0th optimization iteration.
    Completing 10% with 0 violations.
    elapsed time = 00:00:02, memory = 496.12 (MB).
    Completing 20% with 0 violations.
    elapsed time = 00:00:07, memory = 611.75 (MB).
    Completing 30% with 330 violations.
    elapsed time = 00:00:09, memory = 509.82 (MB).
    Completing 40% with 330 violations.
    elapsed time = 00:00:12, memory = 578.15 (MB).
    Completing 50% with 330 violations.
    elapsed time = 00:00:16, memory = 637.54 (MB).
    Completing 60% with 606 violations.
    elapsed time = 00:00:19, memory = 567.34 (MB).
    Completing 70% with 606 violations.
    elapsed time = 00:00:23, memory = 646.29 (MB).
    Completing 80% with 902 violations.
    elapsed time = 00:00:26, memory = 525.50 (MB).
    Completing 90% with 902 violations.
    elapsed time = 00:00:30, memory = 585.84 (MB).
    Completing 100% with 1228 violations.
    elapsed time = 00:00:34, memory = 639.71 (MB).
[INFO DRT-0199]   Number of violations = 4209.
Viol/Layer      Metal1 Metal2   Via2 Metal3 Metal4 Metal5
Cut Spacing          0      0      2      0      0      0
Metal Spacing       61    200      0      1      0      0
NS Metal             0      1      0      0      0      0
Recheck             28   2103      0    814     34      2
Short                1    912      0     50      0      0
[INFO DRT-0267] cpu time = 00:01:09, elapsed time = 00:00:35, memory = 783.83 (MB), peak = 783.46 (MB)
Total wire length = 365310 um.
Total wire length on LAYER Metal1 = 688 um.
Total wire length on LAYER Metal2 = 190058 um.
Total wire length on LAYER Metal3 = 167612 um.
Total wire length on LAYER Metal4 = 2730 um.
Total wire length on LAYER Metal5 = 4221 um.
Total number of vias = 71049.
Up-via summary (total 71049):.

----------------
  Poly2        0
 Metal1    42174
 Metal2    28633
 Metal3      192
 Metal4       50
----------------
           71049


[INFO DRT-0195] Start 1st optimization iteration.
    Completing 10% with 4209 violations.
    elapsed time = 00:00:02, memory = 734.50 (MB).
    Completing 20% with 4209 violations.
    elapsed time = 00:00:06, memory = 811.08 (MB).
    Completing 30% with 3331 violations.
    elapsed time = 00:00:08, memory = 691.41 (MB).
    Completing 40% with 3331 violations.
    elapsed time = 00:00:11, memory = 767.81 (MB).
    Completing 50% with 3331 violations.
    elapsed time = 00:00:14, memory = 813.77 (MB).
    Completing 60% with 2373 violations.
    elapsed time = 00:00:18, memory = 748.59 (MB).
    Completing 70% with 2373 violations.
    elapsed time = 00:00:22, memory = 830.23 (MB).
    Completing 80% with 1355 violations.
    elapsed time = 00:00:23, memory = 688.30 (MB).
    Completing 90% with 1355 violations.
    elapsed time = 00:00:27, memory = 772.82 (MB).
    Completing 100% with 475 violations.
    elapsed time = 00:00:30, memory = 816.59 (MB).
[INFO DRT-0199]   Number of violations = 475.
Viol/Layer      Metal1 Metal2 Metal3
Metal Spacing        2     64      0
NS Metal             0      1      0
Short                1    394     13
[INFO DRT-0267] cpu time = 00:01:00, elapsed time = 00:00:31, memory = 817.23 (MB), peak = 845.24 (MB)
Total wire length = 361835 um.
Total wire length on LAYER Metal1 = 782 um.
Total wire length on LAYER Metal2 = 188815 um.
Total wire length on LAYER Metal3 = 165187 um.
Total wire length on LAYER Metal4 = 2765 um.
Total wire length on LAYER Metal5 = 4285 um.
Total number of vias = 70731.
Up-via summary (total 70731):.

----------------
  Poly2        0
 Metal1    42214
 Metal2    28255
 Metal3      210
 Metal4       52
----------------
           70731


[INFO DRT-0195] Start 2nd optimization iteration.
    Completing 10% with 475 violations.
    elapsed time = 00:00:01, memory = 788.55 (MB).
    Completing 20% with 475 violations.
    elapsed time = 00:00:04, memory = 788.64 (MB).
    Completing 30% with 471 violations.
    elapsed time = 00:00:06, memory = 676.43 (MB).
    Completing 40% with 471 violations.
    elapsed time = 00:00:09, memory = 741.63 (MB).
    Completing 50% with 471 violations.
    elapsed time = 00:00:12, memory = 801.84 (MB).
    Completing 60% with 492 violations.
    elapsed time = 00:00:14, memory = 726.50 (MB).
    Completing 70% with 492 violations.
    elapsed time = 00:00:17, memory = 768.47 (MB).
    Completing 80% with 453 violations.
    elapsed time = 00:00:19, memory = 678.01 (MB).
    Completing 90% with 453 violations.
    elapsed time = 00:00:23, memory = 748.45 (MB).
    Completing 100% with 432 violations.
    elapsed time = 00:00:26, memory = 657.62 (MB).
[INFO DRT-0199]   Number of violations = 432.
Viol/Layer      Metal1 Metal2 Metal3
Metal Spacing        2     78      0
NS Metal             0      1      0
Short                1    346      4
[INFO DRT-0267] cpu time = 00:00:51, elapsed time = 00:00:26, memory = 685.45 (MB), peak = 845.24 (MB)
Total wire length = 360699 um.
Total wire length on LAYER Metal1 = 750 um.
Total wire length on LAYER Metal2 = 188342 um.
Total wire length on LAYER Metal3 = 164597 um.
Total wire length on LAYER Metal4 = 2731 um.
Total wire length on LAYER Metal5 = 4278 um.
Total number of vias = 70496.
Up-via summary (total 70496):.

----------------
  Poly2        0
 Metal1    42216
 Metal2    28025
 Metal3      203
 Metal4       52
----------------
           70496


[INFO DRT-0195] Start 3rd optimization iteration.
    Completing 10% with 432 violations.
    elapsed time = 00:00:00, memory = 697.16 (MB).
    Completing 20% with 432 violations.
    elapsed time = 00:00:01, memory = 760.37 (MB).
    Completing 30% with 321 violations.
    elapsed time = 00:00:02, memory = 676.00 (MB).
    Completing 40% with 321 violations.
    elapsed time = 00:00:02, memory = 719.43 (MB).
    Completing 50% with 321 violations.
    elapsed time = 00:00:03, memory = 751.78 (MB).
    Completing 60% with 233 violations.
    elapsed time = 00:00:04, memory = 694.22 (MB).
    Completing 70% with 233 violations.
    elapsed time = 00:00:05, memory = 744.07 (MB).
    Completing 80% with 113 violations.
    elapsed time = 00:00:05, memory = 670.04 (MB).
    Completing 90% with 113 violations.
    elapsed time = 00:00:07, memory = 738.13 (MB).
    Completing 100% with 1 violations.
    elapsed time = 00:00:07, memory = 658.10 (MB).
[INFO DRT-0199]   Number of violations = 1.
Viol/Layer      Metal2
Short                1
[INFO DRT-0267] cpu time = 00:00:15, elapsed time = 00:00:08, memory = 662.33 (MB), peak = 845.24 (MB)
Total wire length = 360420 um.
Total wire length on LAYER Metal1 = 714 um.
Total wire length on LAYER Metal2 = 184222 um.
Total wire length on LAYER Metal3 = 165354 um.
Total wire length on LAYER Metal4 = 5845 um.
Total wire length on LAYER Metal5 = 4283 um.
Total number of vias = 71385.
Up-via summary (total 71385):.

----------------
  Poly2        0
 Metal1    42186
 Metal2    28579
 Metal3      567
 Metal4       53
----------------
           71385


[INFO DRT-0195] Start 4th optimization iteration.
    Completing 10% with 1 violations.
    elapsed time = 00:00:00, memory = 662.33 (MB).
    Completing 20% with 1 violations.
    elapsed time = 00:00:00, memory = 662.33 (MB).
    Completing 30% with 1 violations.
    elapsed time = 00:00:00, memory = 662.33 (MB).
    Completing 40% with 1 violations.
    elapsed time = 00:00:00, memory = 662.33 (MB).
    Completing 50% with 1 violations.
    elapsed time = 00:00:00, memory = 662.33 (MB).
    Completing 60% with 1 violations.
    elapsed time = 00:00:00, memory = 662.33 (MB).
    Completing 70% with 1 violations.
    elapsed time = 00:00:00, memory = 662.33 (MB).
    Completing 80% with 1 violations.
    elapsed time = 00:00:00, memory = 662.33 (MB).
    Completing 90% with 1 violations.
    elapsed time = 00:00:00, memory = 662.33 (MB).
    Completing 100% with 0 violations.
    elapsed time = 00:00:00, memory = 662.33 (MB).
[INFO DRT-0199]   Number of violations = 0.
[INFO DRT-0267] cpu time = 00:00:00, elapsed time = 00:00:00, memory = 662.33 (MB), peak = 845.24 (MB)
Total wire length = 360415 um.
Total wire length on LAYER Metal1 = 714 um.
Total wire length on LAYER Metal2 = 184205 um.
Total wire length on LAYER Metal3 = 165351 um.
Total wire length on LAYER Metal4 = 5860 um.
Total wire length on LAYER Metal5 = 4283 um.
Total number of vias = 71384.
Up-via summary (total 71384):.

----------------
  Poly2        0
 Metal1    42186
 Metal2    28577
 Metal3      568
 Metal4       53
----------------
           71384


[INFO DRT-0198] Complete detail routing.
Total wire length = 360415 um.
Total wire length on LAYER Metal1 = 714 um.
Total wire length on LAYER Metal2 = 184205 um.
Total wire length on LAYER Metal3 = 165351 um.
Total wire length on LAYER Metal4 = 5860 um.
Total wire length on LAYER Metal5 = 4283 um.
Total number of vias = 71384.
Up-via summary (total 71384):.

----------------
  Poly2        0
 Metal1    42186
 Metal2    28577
 Metal3      568
 Metal4       53
----------------
           71384


[INFO DRT-0267] cpu time = 00:03:17, elapsed time = 00:01:41, memory = 662.33 (MB), peak = 845.24 (MB)

[INFO DRT-0180] Post processing.
Setting global connections for newly added cells…
Writing OpenROAD database to '/openlane/designs/Markov_Chain_Accelerator/runs/PDN_mqrn_test/results/routing/A06_BH_top_wrapper.odb'…
Writing netlist to '/openlane/designs/Markov_Chain_Accelerator/runs/PDN_mqrn_test/results/routing/A06_BH_top_wrapper.nl.v'…
Writing powered netlist to '/openlane/designs/Markov_Chain_Accelerator/runs/PDN_mqrn_test/results/routing/A06_BH_top_wrapper.pnl.v'…
Writing layout to '/openlane/designs/Markov_Chain_Accelerator/runs/PDN_mqrn_test/results/routing/A06_BH_top_wrapper.def'…
