OpenROAD 41a51eaf4ca2171c92ff38afb91eb37bbd3f36da 
This program is licensed under the BSD-3 license. See the LICENSE file for details.
Components of this program may be licensed under more restrictive licenses which must be honored.
[INFO]: Reading ODB at '/openlane/designs/Markov_Chain_Accelerator/runs/fanout_fix_run2/tmp/routing/./19-diodes_legalized.odb'…
define_corners Typical
read_liberty -corner Typical /home/user/.ciel/gf180mcuC/libs.ref/gf180mcu_fd_sc_mcu7t5v0/lib/gf180mcu_fd_sc_mcu7t5v0__tt_025C_5v00.lib
Using 1e-12 for capacitance...
Using 1e+00 for resistance...
Using 1e-09 for time...
Using 1e+00 for voltage...
Using 1e-03 for current...
Using 1e-06 for power...
Using 1e-06 for distance...
Reading design constraints file at '/openlane/designs/Markov_Chain_Accelerator/runs/fanout_fix_run2/tmp/17-Markov_Chain_Accelerator.sdc'…
[INFO]: Setting signal min routing layer to: Metal2 and clock min routing layer to Metal2. 
[INFO]: Setting signal max routing layer to: Metal5 and clock max routing layer to Metal5. 
-congestion_iterations 50 -verbose -congestion_report_file /openlane/designs/Markov_Chain_Accelerator/runs/fanout_fix_run2/tmp/routing/groute-congestion.rpt
[INFO GRT-0020] Min routing layer: Metal2
[INFO GRT-0021] Max routing layer: Metal5
[INFO GRT-0022] Global adjustment: 30%
[INFO GRT-0023] Grid origin: (0, 0)
[INFO GRT-0043] No OR_DEFAULT vias defined.
[INFO GRT-0088] Layer Metal1  Track-Pitch = 0.5600  line-2-Via Pitch: 0.5450
[INFO GRT-0088] Layer Metal2  Track-Pitch = 0.5600  line-2-Via Pitch: 0.5800
[INFO GRT-0088] Layer Metal3  Track-Pitch = 0.5600  line-2-Via Pitch: 0.5800
[INFO GRT-0088] Layer Metal4  Track-Pitch = 0.5600  line-2-Via Pitch: 0.5800
[INFO GRT-0088] Layer Metal5  Track-Pitch = 0.9000  line-2-Via Pitch: 0.9600
[INFO GRT-0019] Found 211 clock nets.
[INFO GRT-0001] Minimum degree: 2
[INFO GRT-0002] Maximum degree: 65
[INFO GRT-0003] Macros: 0
[INFO GRT-0004] Blockages: 0

[INFO GRT-0053] Routing resources analysis:
          Routing      Original      Derated      Resource
Layer     Direction    Resources     Resources    Reduction (%)
---------------------------------------------------------------
Metal1     Horizontal          0             0          0.00%
Metal2     Vertical       107380         69010          35.73%
Metal3     Horizontal     107380         70176          34.65%
Metal4     Vertical       107380         67508          37.13%
Metal5     Horizontal      61360         38192          37.76%
---------------------------------------------------------------

[INFO GRT-0197] Via related to pin nodes: 50837
[INFO GRT-0198] Via related Steiner nodes: 1246
[INFO GRT-0199] Via filling finished.
[INFO GRT-0111] Final number of vias: 55951
[INFO GRT-0112] Final usage 3D: 211383

[INFO GRT-0096] Final congestion report:
Layer         Resource        Demand        Usage (%)    Max H / Max V / Total Overflow
---------------------------------------------------------------------------------------
Metal1               0             0            0.00%             0 /  0 /  0
Metal2           69010         19965           28.93%             0 /  0 /  0
Metal3           70176         22894           32.62%             0 /  0 /  0
Metal4           67508           183            0.27%             0 /  0 /  0
Metal5           38192           488            1.28%             0 /  0 /  0
---------------------------------------------------------------------------------------
Total           244886         43530           17.78%             0 /  0 /  0

[INFO GRT-0018] Total wirelength: 599037 um
[INFO GRT-0014] Routed nets: 12339
Setting global connections for newly added cells…
Writing OpenROAD database to '/openlane/designs/Markov_Chain_Accelerator/runs/fanout_fix_run2/tmp/routing/21-global.odb'…
Writing layout to '/openlane/designs/Markov_Chain_Accelerator/runs/fanout_fix_run2/tmp/routing/21-global.def'…
Writing routing guides to '/openlane/designs/Markov_Chain_Accelerator/runs/fanout_fix_run2/tmp/routing/21-global.guide'…
