OpenROAD 41a51eaf4ca2171c92ff38afb91eb37bbd3f36da 
This program is licensed under the BSD-3 license. See the LICENSE file for details.
Components of this program may be licensed under more restrictive licenses which must be honored.
[INFO]: Reading ODB at '/openlane/designs/Markov_Chain_Accelerator/runs/fanout_fix_run2/tmp/routing/24-fill.odb'…
define_corners Typical
read_liberty -corner Typical /home/user/.ciel/gf180mcuC/libs.ref/gf180mcu_fd_sc_mcu7t5v0/lib/gf180mcu_fd_sc_mcu7t5v0__tt_025C_5v00.lib
Using 1e-12 for capacitance...
Using 1e+00 for resistance...
Using 1e-09 for time...
Using 1e+00 for voltage...
Using 1e-03 for current...
Using 1e-06 for power...
Using 1e-06 for distance...
Reading design constraints file at '/openlane/designs/Markov_Chain_Accelerator/runs/fanout_fix_run2/tmp/17-Markov_Chain_Accelerator.sdc'…
[INFO ORD-0030] Using 2 thread(s).
[INFO DRT-0149] Reading tech and libs.
[WARNING DRT-0140] SpacingRange unsupported.
[WARNING DRT-0140] SpacingRange unsupported.
[WARNING DRT-0140] SpacingRange unsupported.
[WARNING DRT-0140] SpacingRange unsupported.
[WARNING DRT-0140] SpacingRange unsupported.

Units:                2000
Number of layers:     11
Number of macros:     229
Number of vias:       60
Number of viarulegen: 18

[INFO DRT-0150] Reading design.

Design:                   Markov_Chain_Accelerator
Die area:                 ( 0 0 ) ( 2200000 1000000 )
Number of track patterns: 10
Number of DEF vias:       0
Number of components:     40866
Number of terminals:      16
Number of snets:          2
Number of nets:           12339

[INFO DRT-0167] List of default vias:
  Layer Via1
    default via: Via1_HV
  Layer Via2
    default via: Via2_VH
  Layer Via3
    default via: Via3_HV
  Layer Via4
    default via: Via4_1_VH
[INFO DRT-0162] Library cell analysis.
[INFO DRT-0163] Instance analysis.
  Complete 10000 instances.
  Complete 20000 instances.
  Complete 30000 instances.
  Complete 40000 instances.
[INFO DRT-0164] Number of unique instances = 276.
[INFO DRT-0168] Init region query.
[INFO DRT-0018]   Complete 10000 insts.
[INFO DRT-0018]   Complete 20000 insts.
[INFO DRT-0018]   Complete 30000 insts.
[INFO DRT-0018]   Complete 40000 insts.
[INFO DRT-0024]   Complete Poly2.
[INFO DRT-0024]   Complete CON.
[INFO DRT-0024]   Complete Metal1.
[INFO DRT-0024]   Complete Via1.
[INFO DRT-0024]   Complete Metal2.
[INFO DRT-0024]   Complete Via2.
[INFO DRT-0024]   Complete Metal3.
[INFO DRT-0024]   Complete Via3.
[INFO DRT-0024]   Complete Metal4.
[INFO DRT-0024]   Complete Via4.
[INFO DRT-0024]   Complete Metal5.
[INFO DRT-0033] Poly2 shape region query size = 0.
[INFO DRT-0033] CON shape region query size = 0.
[INFO DRT-0033] Metal1 shape region query size = 418634.
[INFO DRT-0033] Via1 shape region query size = 2562.
[INFO DRT-0033] Metal2 shape region query size = 1718.
[INFO DRT-0033] Via2 shape region query size = 2562.
[INFO DRT-0033] Metal3 shape region query size = 1712.
[INFO DRT-0033] Via3 shape region query size = 2562.
[INFO DRT-0033] Metal4 shape region query size = 924.
[INFO DRT-0033] Via4 shape region query size = 378.
[INFO DRT-0033] Metal5 shape region query size = 54.
[INFO DRT-0165] Start pin access.
[INFO DRT-0076]   Complete 100 pins.
[INFO DRT-0076]   Complete 200 pins.
[INFO DRT-0076]   Complete 300 pins.
[INFO DRT-0076]   Complete 400 pins.
[INFO DRT-0076]   Complete 500 pins.
[INFO DRT-0076]   Complete 600 pins.
[INFO DRT-0076]   Complete 700 pins.
[INFO DRT-0076]   Complete 800 pins.
[INFO DRT-0078]   Complete 865 pins.
[INFO DRT-0079]   Complete 100 unique inst patterns.
[INFO DRT-0079]   Complete 200 unique inst patterns.
[INFO DRT-0081]   Complete 256 unique inst patterns.
[INFO DRT-0082]   Complete 1000 groups.
[INFO DRT-0082]   Complete 2000 groups.
[INFO DRT-0082]   Complete 3000 groups.
[INFO DRT-0082]   Complete 4000 groups.
[INFO DRT-0082]   Complete 5000 groups.
[INFO DRT-0082]   Complete 6000 groups.
[INFO DRT-0082]   Complete 7000 groups.
[INFO DRT-0082]   Complete 8000 groups.
[INFO DRT-0082]   Complete 9000 groups.
[INFO DRT-0083]   Complete 10000 groups.
[INFO DRT-0084]   Complete 11391 groups.
#scanned instances     = 40866
#unique  instances     = 276
#stdCellGenAp          = 6598
#stdCellValidPlanarAp  = 0
#stdCellValidViaAp     = 5489
#stdCellPinNoAp        = 0
#stdCellPinCnt         = 35329
#instTermValidViaApCnt = 0
#macroGenAp            = 0
#macroValidPlanarAp    = 0
#macroValidViaAp       = 0
#macroNoAp             = 0
[INFO DRT-0166] Complete pin access.
[INFO DRT-0267] cpu time = 00:00:33, elapsed time = 00:00:16, memory = 263.70 (MB), peak = 270.02 (MB)

Number of guides:     88543

[INFO DRT-0169] Post process guides.
[INFO DRT-0176] GCELLGRID X 0 DO 130 STEP 16800 ;
[INFO DRT-0177] GCELLGRID Y 0 DO 59 STEP 16800 ;
[INFO DRT-0026]   Complete 10000 origin guides.
[INFO DRT-0026]   Complete 20000 origin guides.
[INFO DRT-0026]   Complete 30000 origin guides.
[INFO DRT-0026]   Complete 40000 origin guides.
[INFO DRT-0026]   Complete 50000 origin guides.
[INFO DRT-0026]   Complete 60000 origin guides.
[INFO DRT-0026]   Complete 70000 origin guides.
[INFO DRT-0026]   Complete 80000 origin guides.
[INFO DRT-0028]   Complete Poly2.
[INFO DRT-0028]   Complete CON.
[INFO DRT-0028]   Complete Metal1.
[INFO DRT-0028]   Complete Via1.
[INFO DRT-0028]   Complete Metal2.
[INFO DRT-0028]   Complete Via2.
[INFO DRT-0028]   Complete Metal3.
[INFO DRT-0028]   Complete Via3.
[INFO DRT-0028]   Complete Metal4.
[INFO DRT-0028]   Complete Via4.
[INFO DRT-0028]   Complete Metal5.
  complete 10000 nets.
[INFO DRT-0178] Init guide query.
[INFO DRT-0029]   Complete 10000 nets (guide).
[INFO DRT-0035]   Complete Poly2 (guide).
[INFO DRT-0035]   Complete CON (guide).
[INFO DRT-0035]   Complete Metal1 (guide).
[INFO DRT-0035]   Complete Via1 (guide).
[INFO DRT-0035]   Complete Metal2 (guide).
[INFO DRT-0035]   Complete Via2 (guide).
[INFO DRT-0035]   Complete Metal3 (guide).
[INFO DRT-0035]   Complete Via3 (guide).
[INFO DRT-0035]   Complete Metal4 (guide).
[INFO DRT-0035]   Complete Via4 (guide).
[INFO DRT-0035]   Complete Metal5 (guide).
[INFO DRT-0036] Poly2 guide region query size = 0.
[INFO DRT-0036] CON guide region query size = 0.
[INFO DRT-0036] Metal1 guide region query size = 32821.
[INFO DRT-0036] Via1 guide region query size = 0.
[INFO DRT-0036] Metal2 guide region query size = 24515.
[INFO DRT-0036] Via2 guide region query size = 0.
[INFO DRT-0036] Metal3 guide region query size = 12919.
[INFO DRT-0036] Via3 guide region query size = 0.
[INFO DRT-0036] Metal4 guide region query size = 59.
[INFO DRT-0036] Via4 guide region query size = 0.
[INFO DRT-0036] Metal5 guide region query size = 27.
[INFO DRT-0179] Init gr pin query.
[INFO DRT-0245] skipped writing guide updates to database.
[INFO DRT-0185] Post process initialize RPin region query.
[INFO DRT-0181] Start track assignment.
[INFO DRT-0184] Done with 24574 vertical wires in 3 frboxes and 45767 horizontal wires in 2 frboxes.
[INFO DRT-0186] Done with 5080 vertical wires in 3 frboxes and 5080 horizontal wires in 2 frboxes.
[INFO DRT-0182] Complete track assignment.
[INFO DRT-0267] cpu time = 00:00:05, elapsed time = 00:00:04, memory = 430.77 (MB), peak = 430.36 (MB)
[INFO DRT-0187] Start routing data preparation.
[INFO DRT-0267] cpu time = 00:00:00, elapsed time = 00:00:00, memory = 430.77 (MB), peak = 430.36 (MB)
[INFO DRT-0194] Start detail routing.
[INFO DRT-0195] Start 0th optimization iteration.
    Completing 10% with 0 violations.
    elapsed time = 00:00:02, memory = 473.03 (MB).
    Completing 20% with 0 violations.
    elapsed time = 00:00:05, memory = 530.44 (MB).
    Completing 30% with 282 violations.
    elapsed time = 00:00:07, memory = 468.95 (MB).
    Completing 40% with 282 violations.
    elapsed time = 00:00:11, memory = 536.38 (MB).
    Completing 50% with 282 violations.
    elapsed time = 00:00:15, memory = 601.37 (MB).
    Completing 60% with 577 violations.
    elapsed time = 00:00:18, memory = 514.78 (MB).
    Completing 70% with 577 violations.
    elapsed time = 00:00:20, memory = 564.83 (MB).
    Completing 80% with 873 violations.
    elapsed time = 00:00:23, memory = 478.80 (MB).
    Completing 90% with 873 violations.
    elapsed time = 00:00:27, memory = 558.81 (MB).
    Completing 100% with 1143 violations.
    elapsed time = 00:00:32, memory = 466.29 (MB).
[INFO DRT-0199]   Number of violations = 3704.
Viol/Layer      Metal1 Metal2   Via2 Metal3 Metal4
Cut Spacing          0      0      1      0      0
Metal Spacing       59    165      0      0      0
Recheck             28   1822      0    683     28
Short                0    856      0     62      0
[INFO DRT-0267] cpu time = 00:01:03, elapsed time = 00:00:33, memory = 680.30 (MB), peak = 680.22 (MB)
Total wire length = 370224 um.
Total wire length on LAYER Metal1 = 705 um.
Total wire length on LAYER Metal2 = 186886 um.
Total wire length on LAYER Metal3 = 176851 um.
Total wire length on LAYER Metal4 = 1692 um.
Total wire length on LAYER Metal5 = 4089 um.
Total number of vias = 70910.
Up-via summary (total 70910):.

----------------
  Poly2        0
 Metal1    42353
 Metal2    28386
 Metal3      123
 Metal4       48
----------------
           70910


[INFO DRT-0195] Start 1st optimization iteration.
    Completing 10% with 3704 violations.
    elapsed time = 00:00:02, memory = 711.84 (MB).
    Completing 20% with 3704 violations.
    elapsed time = 00:00:04, memory = 756.85 (MB).
    Completing 30% with 2849 violations.
    elapsed time = 00:00:06, memory = 654.75 (MB).
    Completing 40% with 2849 violations.
    elapsed time = 00:00:09, memory = 719.96 (MB).
    Completing 50% with 2849 violations.
    elapsed time = 00:00:13, memory = 798.40 (MB).
    Completing 60% with 2072 violations.
    elapsed time = 00:00:14, memory = 696.25 (MB).
    Completing 70% with 2072 violations.
    elapsed time = 00:00:18, memory = 749.16 (MB).
    Completing 80% with 1256 violations.
    elapsed time = 00:00:21, memory = 660.41 (MB).
    Completing 90% with 1256 violations.
    elapsed time = 00:00:24, memory = 736.50 (MB).
    Completing 100% with 433 violations.
    elapsed time = 00:00:28, memory = 649.73 (MB).
[INFO DRT-0199]   Number of violations = 433.
Viol/Layer      Metal1 Metal2 Metal3
Metal Spacing        2     71      1
Short                0    353      6
[INFO DRT-0267] cpu time = 00:00:56, elapsed time = 00:00:29, memory = 680.56 (MB), peak = 810.67 (MB)
Total wire length = 366944 um.
Total wire length on LAYER Metal1 = 661 um.
Total wire length on LAYER Metal2 = 185355 um.
Total wire length on LAYER Metal3 = 175055 um.
Total wire length on LAYER Metal4 = 1844 um.
Total wire length on LAYER Metal5 = 4027 um.
Total number of vias = 70624.
Up-via summary (total 70624):.

----------------
  Poly2        0
 Metal1    42299
 Metal2    28116
 Metal3      166
 Metal4       43
----------------
           70624


[INFO DRT-0195] Start 2nd optimization iteration.
    Completing 10% with 433 violations.
    elapsed time = 00:00:01, memory = 695.27 (MB).
    Completing 20% with 433 violations.
    elapsed time = 00:00:04, memory = 752.54 (MB).
    Completing 30% with 437 violations.
    elapsed time = 00:00:07, memory = 670.36 (MB).
    Completing 40% with 437 violations.
    elapsed time = 00:00:09, memory = 720.02 (MB).
    Completing 50% with 437 violations.
    elapsed time = 00:00:12, memory = 762.97 (MB).
    Completing 60% with 403 violations.
    elapsed time = 00:00:13, memory = 696.05 (MB).
    Completing 70% with 403 violations.
    elapsed time = 00:00:17, memory = 769.28 (MB).
    Completing 80% with 378 violations.
    elapsed time = 00:00:19, memory = 678.94 (MB).
    Completing 90% with 378 violations.
    elapsed time = 00:00:22, memory = 737.67 (MB).
    Completing 100% with 368 violations.
    elapsed time = 00:00:25, memory = 650.71 (MB).
[INFO DRT-0199]   Number of violations = 368.
Viol/Layer      Metal2   Via2 Metal3
Cut Spacing          0      1      0
Metal Spacing       42      0      0
Short              320      0      5
[INFO DRT-0267] cpu time = 00:00:49, elapsed time = 00:00:25, memory = 678.99 (MB), peak = 810.67 (MB)
Total wire length = 365836 um.
Total wire length on LAYER Metal1 = 644 um.
Total wire length on LAYER Metal2 = 185007 um.
Total wire length on LAYER Metal3 = 174307 um.
Total wire length on LAYER Metal4 = 1838 um.
Total wire length on LAYER Metal5 = 4037 um.
Total number of vias = 70471.
Up-via summary (total 70471):.

----------------
  Poly2        0
 Metal1    42318
 Metal2    27933
 Metal3      176
 Metal4       44
----------------
           70471


[INFO DRT-0195] Start 3rd optimization iteration.
    Completing 10% with 368 violations.
    elapsed time = 00:00:00, memory = 678.99 (MB).
    Completing 20% with 368 violations.
    elapsed time = 00:00:01, memory = 714.48 (MB).
    Completing 30% with 285 violations.
    elapsed time = 00:00:01, memory = 651.00 (MB).
    Completing 40% with 285 violations.
    elapsed time = 00:00:02, memory = 704.05 (MB).
    Completing 50% with 285 violations.
    elapsed time = 00:00:03, memory = 759.42 (MB).
    Completing 60% with 185 violations.
    elapsed time = 00:00:04, memory = 692.81 (MB).
    Completing 70% with 185 violations.
    elapsed time = 00:00:05, memory = 713.17 (MB).
    Completing 80% with 94 violations.
    elapsed time = 00:00:06, memory = 651.00 (MB).
    Completing 90% with 94 violations.
    elapsed time = 00:00:06, memory = 706.25 (MB).
    Completing 100% with 1 violations.
    elapsed time = 00:00:08, memory = 651.00 (MB).
[INFO DRT-0199]   Number of violations = 1.
Viol/Layer      Metal2
Metal Spacing        1
[INFO DRT-0267] cpu time = 00:00:15, elapsed time = 00:00:08, memory = 655.18 (MB), peak = 810.67 (MB)
Total wire length = 365521 um.
Total wire length on LAYER Metal1 = 596 um.
Total wire length on LAYER Metal2 = 181654 um.
Total wire length on LAYER Metal3 = 174926 um.
Total wire length on LAYER Metal4 = 4305 um.
Total wire length on LAYER Metal5 = 4037 um.
Total number of vias = 71242.
Up-via summary (total 71242):.

----------------
  Poly2        0
 Metal1    42292
 Metal2    28412
 Metal3      494
 Metal4       44
----------------
           71242


[INFO DRT-0195] Start 4th optimization iteration.
    Completing 10% with 1 violations.
    elapsed time = 00:00:00, memory = 655.18 (MB).
    Completing 20% with 1 violations.
    elapsed time = 00:00:00, memory = 655.18 (MB).
    Completing 30% with 0 violations.
    elapsed time = 00:00:00, memory = 655.18 (MB).
    Completing 40% with 0 violations.
    elapsed time = 00:00:00, memory = 655.18 (MB).
    Completing 50% with 0 violations.
    elapsed time = 00:00:00, memory = 655.18 (MB).
    Completing 60% with 0 violations.
    elapsed time = 00:00:00, memory = 655.18 (MB).
    Completing 70% with 0 violations.
    elapsed time = 00:00:00, memory = 655.18 (MB).
    Completing 80% with 0 violations.
    elapsed time = 00:00:00, memory = 655.18 (MB).
    Completing 90% with 0 violations.
    elapsed time = 00:00:00, memory = 655.18 (MB).
    Completing 100% with 0 violations.
    elapsed time = 00:00:00, memory = 655.18 (MB).
[INFO DRT-0199]   Number of violations = 0.
[INFO DRT-0267] cpu time = 00:00:00, elapsed time = 00:00:00, memory = 655.18 (MB), peak = 810.67 (MB)
Total wire length = 365521 um.
Total wire length on LAYER Metal1 = 596 um.
Total wire length on LAYER Metal2 = 181635 um.
Total wire length on LAYER Metal3 = 174928 um.
Total wire length on LAYER Metal4 = 4322 um.
Total wire length on LAYER Metal5 = 4037 um.
Total number of vias = 71246.
Up-via summary (total 71246):.

----------------
  Poly2        0
 Metal1    42292
 Metal2    28414
 Metal3      496
 Metal4       44
----------------
           71246


[INFO DRT-0198] Complete detail routing.
Total wire length = 365521 um.
Total wire length on LAYER Metal1 = 596 um.
Total wire length on LAYER Metal2 = 181635 um.
Total wire length on LAYER Metal3 = 174928 um.
Total wire length on LAYER Metal4 = 4322 um.
Total wire length on LAYER Metal5 = 4037 um.
Total number of vias = 71246.
Up-via summary (total 71246):.

----------------
  Poly2        0
 Metal1    42292
 Metal2    28414
 Metal3      496
 Metal4       44
----------------
           71246


[INFO DRT-0267] cpu time = 00:03:05, elapsed time = 00:01:37, memory = 655.18 (MB), peak = 810.67 (MB)

[INFO DRT-0180] Post processing.
Setting global connections for newly added cells…
Writing OpenROAD database to '/openlane/designs/Markov_Chain_Accelerator/runs/fanout_fix_run2/results/routing/Markov_Chain_Accelerator.odb'…
Writing netlist to '/openlane/designs/Markov_Chain_Accelerator/runs/fanout_fix_run2/results/routing/Markov_Chain_Accelerator.nl.v'…
Writing powered netlist to '/openlane/designs/Markov_Chain_Accelerator/runs/fanout_fix_run2/results/routing/Markov_Chain_Accelerator.pnl.v'…
Writing layout to '/openlane/designs/Markov_Chain_Accelerator/runs/fanout_fix_run2/results/routing/Markov_Chain_Accelerator.def'…
