OpenROAD 41a51eaf4ca2171c92ff38afb91eb37bbd3f36da 
This program is licensed under the BSD-3 license. See the LICENSE file for details.
Components of this program may be licensed under more restrictive licenses which must be honored.
[INFO]: Reading ODB at '/openlane/designs/Markov_Chain_Accelerator/runs/fanout_fix_run2/results/routing/Markov_Chain_Accelerator.odb'…
define_corners Typical
read_liberty -corner Typical /home/user/.ciel/gf180mcuC/libs.ref/gf180mcu_fd_sc_mcu7t5v0/lib/gf180mcu_fd_sc_mcu7t5v0__tt_025C_5v00.lib
Using 1e-12 for capacitance...
Using 1e+00 for resistance...
Using 1e-09 for time...
Using 1e+00 for voltage...
Using 1e-03 for current...
Using 1e-06 for power...
Using 1e-06 for distance...
Reading design constraints file at '/openlane/designs/Markov_Chain_Accelerator/runs/fanout_fix_run2/tmp/17-Markov_Chain_Accelerator.sdc'…
[INFO]: Setting RC values...
[INFO PSM-0002] Output voltage file is specified as: /openlane/designs/Markov_Chain_Accelerator/runs/fanout_fix_run2/reports/signoff/34-irdrop-VDD.rpt.
[WARNING PSM-0016] Voltage pad location (VSRC) file not specified, defaulting pad location to checkerboard pattern on core area.
[WARNING PSM-0017] X direction bump pitch is not specified, defaulting to 140um.
[WARNING PSM-0018] Y direction bump pitch is not specified, defaulting to 140um.
[WARNING PSM-0019] Voltage on net VDD is not explicitly set.
[WARNING PSM-0022] Using voltage 0.000V for VDD network.
[WARNING PSM-0065] VSRC location not specified, using default checkerboard pattern with one VDD every size bumps in x-direction and one in two bumps in the y-direction
[INFO PSM-0076] Setting metal node density to be standard cell height times 5.
[WARNING PSM-0030] VSRC location at (129.920um, 108.920um) and size 10.000um, is not located on an existing power stripe node. Moving to closest node at (180.000um, 181.590um).
[WARNING PSM-0030] VSRC location at (969.920um, 108.920um) and size 10.000um, is not located on an existing power stripe node. Moving to closest node at (948.000um, 181.590um).
[WARNING PSM-0030] VSRC location at (409.920um, 248.920um) and size 10.000um, is not located on an existing power stripe node. Moving to closest node at (333.600um, 181.590um).
[WARNING PSM-0030] VSRC location at (689.920um, 388.920um) and size 10.000um, is not located on an existing power stripe node. Moving to closest node at (640.800um, 334.770um).
[INFO PSM-0031] Number of PDN nodes on net VDD = 4881.
[INFO PSM-0064] Number of voltage sources = 4.
[INFO PSM-0040] All PDN stripes on net VDD are connected.
########## IR report #################
Worstcase voltage: -8.53e-02 V
Average IR drop  : 6.01e-02 V
Worstcase IR drop: 8.53e-02 V
######################################
[INFO PSM-0002] Output voltage file is specified as: /openlane/designs/Markov_Chain_Accelerator/runs/fanout_fix_run2/reports/signoff/34-irdrop-VSS.rpt.
[WARNING PSM-0016] Voltage pad location (VSRC) file not specified, defaulting pad location to checkerboard pattern on core area.
[WARNING PSM-0017] X direction bump pitch is not specified, defaulting to 140um.
[WARNING PSM-0018] Y direction bump pitch is not specified, defaulting to 140um.
[WARNING PSM-0019] Voltage on net VSS is not explicitly set.
[WARNING PSM-0021] Using voltage 0.000V for ground network.
[WARNING PSM-0065] VSRC location not specified, using default checkerboard pattern with one VDD every size bumps in x-direction and one in two bumps in the y-direction
[INFO PSM-0076] Setting metal node density to be standard cell height times 5.
[WARNING PSM-0030] VSRC location at (129.920um, 108.920um) and size 10.000um, is not located on an existing power stripe node. Moving to closest node at (183.300um, 184.890um).
[WARNING PSM-0030] VSRC location at (969.920um, 108.920um) and size 10.000um, is not located on an existing power stripe node. Moving to closest node at (951.300um, 184.890um).
[WARNING PSM-0030] VSRC location at (409.920um, 248.920um) and size 10.000um, is not located on an existing power stripe node. Moving to closest node at (336.900um, 184.890um).
[WARNING PSM-0030] VSRC location at (689.920um, 388.920um) and size 10.000um, is not located on an existing power stripe node. Moving to closest node at (644.100um, 338.070um).
[INFO PSM-0031] Number of PDN nodes on net VSS = 4942.
[INFO PSM-0064] Number of voltage sources = 4.
[INFO PSM-0040] All PDN stripes on net VSS are connected.
########## IR report #################
Worstcase voltage: 8.29e-02 V
Average IR drop  : 5.96e-02 V
Worstcase IR drop: 8.29e-02 V
######################################
