Reading /openlane/designs/Markov_Chain_Accelerator/runs/fanout_fix_run2/results/signoff/Markov_Chain_Accelerator.gds ..
Reading /openlane/designs/Markov_Chain_Accelerator/runs/fanout_fix_run2/results/signoff/Markov_Chain_Accelerator.klayout.gds ..
--- Running XOR for layer 0/0 ---
"input" in: xor.drc:94
    Polygons (raw): 40867 (flat)  98 (hierarchical)
    Elapsed: 0.010s  Memory: 439.00M
"input" in: xor.drc:94
    Polygons (raw): 40867 (flat)  98 (hierarchical)
    Elapsed: 0.000s  Memory: 439.00M
"^" in: xor.drc:94
    Polygons (raw): 0 (flat)  0 (hierarchical)
    Elapsed: 0.440s  Memory: 442.00M
XOR differences: 0
"output" in: xor.drc:69
    Polygons (raw): 0 (flat)  0 (hierarchical)
    Elapsed: 0.000s  Memory: 442.00M
--- Running XOR for layer 112/1 ---
"input" in: xor.drc:94
    Polygons (raw): 40866 (flat)  97 (hierarchical)
    Elapsed: 0.000s  Memory: 442.00M
"input" in: xor.drc:94
    Polygons (raw): 40866 (flat)  97 (hierarchical)
    Elapsed: 0.000s  Memory: 442.00M
"^" in: xor.drc:94
    Polygons (raw): 0 (flat)  0 (hierarchical)
    Elapsed: 0.410s  Memory: 441.00M
XOR differences: 0
"output" in: xor.drc:69
    Polygons (raw): 0 (flat)  0 (hierarchical)
    Elapsed: 0.000s  Memory: 441.00M
--- Running XOR for layer 115/5 ---
"input" in: xor.drc:94
    Polygons (raw): 5119 (flat)  1 (hierarchical)
    Elapsed: 0.000s  Memory: 441.00M
"input" in: xor.drc:94
    Polygons (raw): 5119 (flat)  1 (hierarchical)
    Elapsed: 0.000s  Memory: 441.00M
"^" in: xor.drc:94
    Polygons (raw): 0 (flat)  0 (hierarchical)
    Elapsed: 0.080s  Memory: 441.00M
XOR differences: 0
"output" in: xor.drc:69
    Polygons (raw): 0 (flat)  0 (hierarchical)
    Elapsed: 0.000s  Memory: 441.00M
--- Running XOR for layer 204/0 ---
"input" in: xor.drc:94
    Polygons (raw): 40866 (flat)  97 (hierarchical)
    Elapsed: 0.000s  Memory: 441.00M
"input" in: xor.drc:94
    Polygons (raw): 40866 (flat)  97 (hierarchical)
    Elapsed: 0.000s  Memory: 441.00M
"^" in: xor.drc:94
    Polygons (raw): 0 (flat)  0 (hierarchical)
    Elapsed: 0.510s  Memory: 453.00M
XOR differences: 0
"output" in: xor.drc:69
    Polygons (raw): 0 (flat)  0 (hierarchical)
    Elapsed: 0.000s  Memory: 453.00M
--- Running XOR for layer 204/10 ---
"input" in: xor.drc:94
    Polygons (raw): 0 (flat)  0 (hierarchical)
    Elapsed: 0.000s  Memory: 453.00M
"input" in: xor.drc:94
    Polygons (raw): 0 (flat)  0 (hierarchical)
    Elapsed: 0.000s  Memory: 453.00M
"^" in: xor.drc:94
    Polygons (raw): 0 (flat)  0 (hierarchical)
    Elapsed: 0.120s  Memory: 453.00M
XOR differences: 0
"output" in: xor.drc:69
    Polygons (raw): 0 (flat)  0 (hierarchical)
    Elapsed: 0.000s  Memory: 453.00M
--- Running XOR for layer 21/0 ---
"input" in: xor.drc:94
    Polygons (raw): 40866 (flat)  97 (hierarchical)
    Elapsed: 0.000s  Memory: 453.00M
"input" in: xor.drc:94
    Polygons (raw): 40866 (flat)  97 (hierarchical)
    Elapsed: 0.000s  Memory: 453.00M
"^" in: xor.drc:94
    Polygons (raw): 0 (flat)  0 (hierarchical)
    Elapsed: 0.600s  Memory: 479.00M
XOR differences: 0
"output" in: xor.drc:69
    Polygons (raw): 0 (flat)  0 (hierarchical)
    Elapsed: 0.010s  Memory: 479.00M
--- Running XOR for layer 21/10 ---
"input" in: xor.drc:94
    Polygons (raw): 0 (flat)  0 (hierarchical)
    Elapsed: 0.000s  Memory: 479.00M
"input" in: xor.drc:94
    Polygons (raw): 0 (flat)  0 (hierarchical)
    Elapsed: 0.000s  Memory: 479.00M
"^" in: xor.drc:94
    Polygons (raw): 0 (flat)  0 (hierarchical)
    Elapsed: 0.120s  Memory: 479.00M
XOR differences: 0
"output" in: xor.drc:69
    Polygons (raw): 0 (flat)  0 (hierarchical)
    Elapsed: 0.000s  Memory: 479.00M
--- Running XOR for layer 22/0 ---
"input" in: xor.drc:94
    Polygons (raw): 80253 (flat)  305 (hierarchical)
    Elapsed: 0.000s  Memory: 479.00M
"input" in: xor.drc:94
    Polygons (raw): 80253 (flat)  305 (hierarchical)
    Elapsed: 0.000s  Memory: 479.00M
"^" in: xor.drc:94
    Polygons (raw): 0 (flat)  0 (hierarchical)
    Elapsed: 0.670s  Memory: 479.00M
XOR differences: 0
"output" in: xor.drc:69
    Polygons (raw): 0 (flat)  0 (hierarchical)
    Elapsed: 0.000s  Memory: 479.00M
--- Running XOR for layer 30/0 ---
"input" in: xor.drc:94
    Polygons (raw): 74531 (flat)  474 (hierarchical)
    Elapsed: 0.000s  Memory: 479.00M
"input" in: xor.drc:94
    Polygons (raw): 74531 (flat)  474 (hierarchical)
    Elapsed: 0.000s  Memory: 479.00M
"^" in: xor.drc:94
    Polygons (raw): 0 (flat)  0 (hierarchical)
    Elapsed: 0.930s  Memory: 479.00M
XOR differences: 0
"output" in: xor.drc:69
    Polygons (raw): 0 (flat)  0 (hierarchical)
    Elapsed: 0.010s  Memory: 479.00M
--- Running XOR for layer 31/0 ---
"input" in: xor.drc:94
    Polygons (raw): 44429 (flat)  99 (hierarchical)
    Elapsed: 0.000s  Memory: 479.00M
"input" in: xor.drc:94
    Polygons (raw): 44429 (flat)  99 (hierarchical)
    Elapsed: 0.000s  Memory: 479.00M
"^" in: xor.drc:94
    Polygons (raw): 0 (flat)  0 (hierarchical)
    Elapsed: 0.560s  Memory: 479.00M
XOR differences: 0
"output" in: xor.drc:69
    Polygons (raw): 0 (flat)  0 (hierarchical)
    Elapsed: 0.000s  Memory: 479.00M
--- Running XOR for layer 32/0 ---
"input" in: xor.drc:94
    Polygons (raw): 40866 (flat)  97 (hierarchical)
    Elapsed: 0.000s  Memory: 479.00M
"input" in: xor.drc:94
    Polygons (raw): 40866 (flat)  97 (hierarchical)
    Elapsed: 0.000s  Memory: 479.00M
"^" in: xor.drc:94
    Polygons (raw): 0 (flat)  0 (hierarchical)
    Elapsed: 0.560s  Memory: 480.00M
XOR differences: 0
"output" in: xor.drc:69
    Polygons (raw): 0 (flat)  0 (hierarchical)
    Elapsed: 0.000s  Memory: 480.00M
--- Running XOR for layer 33/0 ---
"input" in: xor.drc:94
    Polygons (raw): 394660 (flat)  2824 (hierarchical)
    Elapsed: 0.000s  Memory: 480.00M
"input" in: xor.drc:94
    Polygons (raw): 394660 (flat)  2824 (hierarchical)
    Elapsed: 0.000s  Memory: 480.00M
"^" in: xor.drc:94
    Polygons (raw): 0 (flat)  0 (hierarchical)
    Elapsed: 2.680s  Memory: 480.00M
XOR differences: 0
"output" in: xor.drc:69
    Polygons (raw): 0 (flat)  0 (hierarchical)
    Elapsed: 0.010s  Memory: 480.00M
--- Running XOR for layer 34/0 ---
"input" in: xor.drc:94
    Polygons (raw): 218268 (flat)  43817 (hierarchical)
    Elapsed: 0.000s  Memory: 480.00M
"input" in: xor.drc:94
    Polygons (raw): 218696 (flat)  1102 (hierarchical)
    Elapsed: 0.000s  Memory: 480.00M
"^" in: xor.drc:94
    Polygons (raw): 0 (flat)  0 (hierarchical)
    Elapsed: 3.720s  Memory: 484.00M
XOR differences: 0
"output" in: xor.drc:69
    Polygons (raw): 0 (flat)  0 (hierarchical)
    Elapsed: 0.010s  Memory: 484.00M
--- Running XOR for layer 34/10 ---
"input" in: xor.drc:94
    Polygons (raw): 0 (flat)  0 (hierarchical)
    Elapsed: 0.000s  Memory: 484.00M
"input" in: xor.drc:94
    Polygons (raw): 0 (flat)  0 (hierarchical)
    Elapsed: 0.000s  Memory: 484.00M
"^" in: xor.drc:94
    Polygons (raw): 0 (flat)  0 (hierarchical)
    Elapsed: 0.140s  Memory: 484.00M
XOR differences: 0
"output" in: xor.drc:69
    Polygons (raw): 0 (flat)  0 (hierarchical)
    Elapsed: 0.000s  Memory: 484.00M
--- Running XOR for layer 35/0 ---
"input" in: xor.drc:94
    Polygons (raw): 44854 (flat)  44854 (hierarchical)
    Elapsed: 0.000s  Memory: 484.00M
"input" in: xor.drc:94
    Polygons (raw): 44854 (flat)  5 (hierarchical)
    Elapsed: 0.000s  Memory: 484.00M
"^" in: xor.drc:94
    Polygons (raw): 0 (flat)  0 (hierarchical)
    Elapsed: 0.330s  Memory: 484.00M
XOR differences: 0
"output" in: xor.drc:69
    Polygons (raw): 0 (flat)  0 (hierarchical)
    Elapsed: 0.010s  Memory: 484.00M
--- Running XOR for layer 36/0 ---
"input" in: xor.drc:94
    Polygons (raw): 78008 (flat)  78008 (hierarchical)
    Elapsed: 0.000s  Memory: 484.00M
"input" in: xor.drc:94
    Polygons (raw): 134101 (flat)  61692 (hierarchical)
    Elapsed: 0.000s  Memory: 484.00M
"^" in: xor.drc:94
    Polygons (raw): 0 (flat)  0 (hierarchical)
    Elapsed: 1.350s  Memory: 441.00M
XOR differences: 0
"output" in: xor.drc:69
    Polygons (raw): 0 (flat)  0 (hierarchical)
    Elapsed: 0.000s  Memory: 441.00M
--- Running XOR for layer 36/10 ---
"input" in: xor.drc:94
    Polygons (raw): 10 (flat)  10 (hierarchical)
    Elapsed: 0.000s  Memory: 441.00M
"input" in: xor.drc:94
    Polygons (raw): 10 (flat)  10 (hierarchical)
    Elapsed: 0.000s  Memory: 441.00M
"^" in: xor.drc:94
    Polygons (raw): 0 (flat)  0 (hierarchical)
    Elapsed: 0.050s  Memory: 441.00M
XOR differences: 0
"output" in: xor.drc:69
    Polygons (raw): 0 (flat)  0 (hierarchical)
    Elapsed: 0.000s  Memory: 441.00M
--- Running XOR for layer 38/0 ---
"input" in: xor.drc:94
    Polygons (raw): 30976 (flat)  30976 (hierarchical)
    Elapsed: 0.000s  Memory: 441.00M
"input" in: xor.drc:94
    Polygons (raw): 30976 (flat)  4 (hierarchical)
    Elapsed: 0.000s  Memory: 441.00M
"^" in: xor.drc:94
    Polygons (raw): 0 (flat)  0 (hierarchical)
    Elapsed: 0.240s  Memory: 449.00M
XOR differences: 0
"output" in: xor.drc:69
    Polygons (raw): 0 (flat)  0 (hierarchical)
    Elapsed: 0.000s  Memory: 449.00M
--- Running XOR for layer 40/0 ---
"input" in: xor.drc:94
    Polygons (raw): 3058 (flat)  3058 (hierarchical)
    Elapsed: 0.000s  Memory: 449.00M
"input" in: xor.drc:94
    Polygons (raw): 3058 (flat)  4 (hierarchical)
    Elapsed: 0.000s  Memory: 449.00M
"^" in: xor.drc:94
    Polygons (raw): 0 (flat)  0 (hierarchical)
    Elapsed: 0.070s  Memory: 449.00M
XOR differences: 0
"output" in: xor.drc:69
    Polygons (raw): 0 (flat)  0 (hierarchical)
    Elapsed: 0.000s  Memory: 449.00M
--- Running XOR for layer 41/0 ---
"input" in: xor.drc:94
    Polygons (raw): 422 (flat)  422 (hierarchical)
    Elapsed: 0.000s  Memory: 449.00M
"input" in: xor.drc:94
    Polygons (raw): 422 (flat)  10 (hierarchical)
    Elapsed: 0.000s  Memory: 449.00M
"^" in: xor.drc:94
    Polygons (raw): 0 (flat)  0 (hierarchical)
    Elapsed: 0.060s  Memory: 449.00M
XOR differences: 0
"output" in: xor.drc:69
    Polygons (raw): 0 (flat)  0 (hierarchical)
    Elapsed: 0.000s  Memory: 449.00M
--- Running XOR for layer 42/0 ---
"input" in: xor.drc:94
    Polygons (raw): 15322 (flat)  15322 (hierarchical)
    Elapsed: 0.000s  Memory: 449.00M
"input" in: xor.drc:94
    Polygons (raw): 50401 (flat)  19787 (hierarchical)
    Elapsed: 0.000s  Memory: 449.00M
"^" in: xor.drc:94
    Polygons (raw): 0 (flat)  0 (hierarchical)
    Elapsed: 0.290s  Memory: 460.00M
XOR differences: 0
"output" in: xor.drc:69
    Polygons (raw): 0 (flat)  0 (hierarchical)
    Elapsed: 0.000s  Memory: 460.00M
--- Running XOR for layer 42/10 ---
"input" in: xor.drc:94
    Polygons (raw): 4 (flat)  4 (hierarchical)
    Elapsed: 0.000s  Memory: 460.00M
"input" in: xor.drc:94
    Polygons (raw): 4 (flat)  4 (hierarchical)
    Elapsed: 0.000s  Memory: 460.00M
"^" in: xor.drc:94
    Polygons (raw): 0 (flat)  0 (hierarchical)
    Elapsed: 0.050s  Memory: 460.00M
XOR differences: 0
"output" in: xor.drc:69
    Polygons (raw): 0 (flat)  0 (hierarchical)
    Elapsed: 0.000s  Memory: 460.00M
--- Running XOR for layer 46/0 ---
"input" in: xor.drc:94
    Polygons (raw): 271 (flat)  271 (hierarchical)
    Elapsed: 0.000s  Memory: 460.00M
"input" in: xor.drc:94
    Polygons (raw): 1761 (flat)  329 (hierarchical)
    Elapsed: 0.000s  Memory: 460.00M
"^" in: xor.drc:94
    Polygons (raw): 0 (flat)  0 (hierarchical)
    Elapsed: 0.070s  Memory: 460.00M
XOR differences: 0
"output" in: xor.drc:69
    Polygons (raw): 0 (flat)  0 (hierarchical)
    Elapsed: 0.000s  Memory: 460.00M
--- Running XOR for layer 46/10 ---
"input" in: xor.drc:94
    Polygons (raw): 14 (flat)  14 (hierarchical)
    Elapsed: 0.000s  Memory: 460.00M
"input" in: xor.drc:94
    Polygons (raw): 14 (flat)  14 (hierarchical)
    Elapsed: 0.000s  Memory: 460.00M
"^" in: xor.drc:94
    Polygons (raw): 0 (flat)  0 (hierarchical)
    Elapsed: 0.060s  Memory: 460.00M
XOR differences: 0
"output" in: xor.drc:69
    Polygons (raw): 0 (flat)  0 (hierarchical)
    Elapsed: 0.000s  Memory: 460.00M
--- Running XOR for layer 55/0 ---
"input" in: xor.drc:94
    Polygons (raw): 40866 (flat)  97 (hierarchical)
    Elapsed: 0.000s  Memory: 460.00M
"input" in: xor.drc:94
    Polygons (raw): 40866 (flat)  97 (hierarchical)
    Elapsed: 0.000s  Memory: 460.00M
"^" in: xor.drc:94
    Polygons (raw): 0 (flat)  0 (hierarchical)
    Elapsed: 0.620s  Memory: 441.00M
XOR differences: 0
"output" in: xor.drc:69
    Polygons (raw): 0 (flat)  0 (hierarchical)
    Elapsed: 0.010s  Memory: 441.00M
--- Running XOR for layer 63/63 ---
"input" in: xor.drc:94
    Polygons (raw): 0 (flat)  0 (hierarchical)
    Elapsed: 0.000s  Memory: 441.00M
"input" in: xor.drc:94
    Polygons (raw): 0 (flat)  0 (hierarchical)
    Elapsed: 0.000s  Memory: 441.00M
"^" in: xor.drc:94
    Polygons (raw): 0 (flat)  0 (hierarchical)
    Elapsed: 0.150s  Memory: 441.00M
XOR differences: 0
"output" in: xor.drc:69
    Polygons (raw): 0 (flat)  0 (hierarchical)
    Elapsed: 0.000s  Memory: 441.00M
--- Running XOR for layer 81/0 ---
"input" in: xor.drc:94
    Polygons (raw): 28 (flat)  28 (hierarchical)
    Elapsed: 0.000s  Memory: 441.00M
"input" in: xor.drc:94
    Polygons (raw): 120 (flat)  36 (hierarchical)
    Elapsed: 0.000s  Memory: 441.00M
"^" in: xor.drc:94
    Polygons (raw): 0 (flat)  0 (hierarchical)
    Elapsed: 0.060s  Memory: 441.00M
XOR differences: 0
"output" in: xor.drc:69
    Polygons (raw): 0 (flat)  0 (hierarchical)
    Elapsed: 0.000s  Memory: 441.00M
--- Running XOR for layer 81/10 ---
"input" in: xor.drc:94
    Polygons (raw): 6 (flat)  6 (hierarchical)
    Elapsed: 0.000s  Memory: 441.00M
"input" in: xor.drc:94
    Polygons (raw): 6 (flat)  6 (hierarchical)
    Elapsed: 0.000s  Memory: 441.00M
"^" in: xor.drc:94
    Polygons (raw): 0 (flat)  0 (hierarchical)
    Elapsed: 0.060s  Memory: 441.00M
XOR differences: 0
"output" in: xor.drc:69
    Polygons (raw): 0 (flat)  0 (hierarchical)
    Elapsed: 0.000s  Memory: 441.00M
---
Total XOR differences: 0
Writing report database: /openlane/designs/Markov_Chain_Accelerator/runs/fanout_fix_run2/reports/signoff/37-xor.xml ..
Total elapsed: 15.990s  Memory: 441.00M
