OpenROAD 41a51eaf4ca2171c92ff38afb91eb37bbd3f36da 
This program is licensed under the BSD-3 license. See the LICENSE file for details.
Components of this program may be licensed under more restrictive licenses which must be honored.
[INFO ODB-0222] Reading LEF file: /openlane/designs/Markov_Chain_Accelerator/runs/fanout_fix_run2/tmp/merged.nom.lef
[INFO ODB-0388] unsupported LEF58_EOLENCLOSURE property for layer Via1 :"
  	EOLENCLOSURE 0.34 0.06 ;"
[INFO ODB-0388] unsupported LEF58_EOLENCLOSURE property for layer Via2 :" EOLENCLOSURE 0.34 0.06 ; "
[INFO ODB-0388] unsupported LEF58_EOLENCLOSURE property for layer Via3 :" EOLENCLOSURE 0.34 0.06 ; "
[INFO ODB-0388] unsupported LEF58_EOLENCLOSURE property for layer Via4 :" EOLENCLOSURE 0.34 0.06 ; "
[INFO ODB-0223]     Created 15 technology layers
[INFO ODB-0224]     Created 60 technology vias
[INFO ODB-0225]     Created 229 library cells
[INFO ODB-0226] Finished LEF file:  /openlane/designs/Markov_Chain_Accelerator/runs/fanout_fix_run2/tmp/merged.nom.lef
[INFO ODB-0127] Reading DEF file: /openlane/designs/Markov_Chain_Accelerator/runs/fanout_fix_run2/results/routing/Markov_Chain_Accelerator.def
[INFO ODB-0128] Design: Markov_Chain_Accelerator
[INFO ODB-0130]     Created 16 pins.
[INFO ODB-0131]     Created 40866 components and 198178 component-terminals.
[INFO ODB-0132]     Created 2 special nets and 156338 connections.
[INFO ODB-0133]     Created 12339 nets and 41840 connections.
[INFO ODB-0134] Finished DEF file: /openlane/designs/Markov_Chain_Accelerator/runs/fanout_fix_run2/results/routing/Markov_Chain_Accelerator.def
Top-level design name: Markov_Chain_Accelerator
Found default power net 'VDD'
Found default ground net 'VSS'
Found 1 power ports.
Found 1 ground ports.
Modified power connections of 40866/40866 cells.
