Netgen 1.5.255 compiled on Wed Jul 12 10:06:14 UTC 2023
Warning: netgen command 'format' use fully-qualified name '::netgen::format'
Warning: netgen command 'global' use fully-qualified name '::netgen::global'
Generating JSON file result
Reading netlist file /openlane/designs/Markov_Chain_Accelerator/runs/fanout_fix_run2/results/signoff/Markov_Chain_Accelerator.spice
Reading netlist file /openlane/designs/Markov_Chain_Accelerator/runs/fanout_fix_run2/tmp/signoff/38-Markov_Chain_Accelerator.pnl.v
Warning:  A case-insensitive file has been read and so the	verilog file must be treated case-insensitive to match.
Creating placeholder cell definition for module gf180mcu_fd_sc_mcu7t5v0__antenna.
Creating placeholder cell definition for module gf180mcu_fd_sc_mcu7t5v0__fillcap_16.
Creating placeholder cell definition for module gf180mcu_fd_sc_mcu7t5v0__fillcap_4.
Creating placeholder cell definition for module gf180mcu_fd_sc_mcu7t5v0__fill_2.
Creating placeholder cell definition for module gf180mcu_fd_sc_mcu7t5v0__fill_1.
Creating placeholder cell definition for module gf180mcu_fd_sc_mcu7t5v0__fillcap_32.
Creating placeholder cell definition for module gf180mcu_fd_sc_mcu7t5v0__fillcap_8.
Creating placeholder cell definition for module gf180mcu_fd_sc_mcu7t5v0__fillcap_64.
Creating placeholder cell definition for module gf180mcu_fd_sc_mcu7t5v0__endcap.
Creating placeholder cell definition for module gf180mcu_fd_sc_mcu7t5v0__filltie.
Creating placeholder cell definition for module gf180mcu_fd_sc_mcu7t5v0__clkinv_3.
Creating placeholder cell definition for module gf180mcu_fd_sc_mcu7t5v0__clkinv_1.
Creating placeholder cell definition for module gf180mcu_fd_sc_mcu7t5v0__and2_2.
Creating placeholder cell definition for module gf180mcu_fd_sc_mcu7t5v0__and2_4.
Creating placeholder cell definition for module gf180mcu_fd_sc_mcu7t5v0__nor4_2.
Creating placeholder cell definition for module gf180mcu_fd_sc_mcu7t5v0__nor4_4.
Creating placeholder cell definition for module gf180mcu_fd_sc_mcu7t5v0__and2_1.
Creating placeholder cell definition for module gf180mcu_fd_sc_mcu7t5v0__xor2_1.
Creating placeholder cell definition for module gf180mcu_fd_sc_mcu7t5v0__nand2_1.
Creating placeholder cell definition for module gf180mcu_fd_sc_mcu7t5v0__nor2_1.
Creating placeholder cell definition for module gf180mcu_fd_sc_mcu7t5v0__xor3_1.
Creating placeholder cell definition for module gf180mcu_fd_sc_mcu7t5v0__aoi21_1.
Creating placeholder cell definition for module gf180mcu_fd_sc_mcu7t5v0__xor3_2.
Creating placeholder cell definition for module gf180mcu_fd_sc_mcu7t5v0__oai21_1.
Creating placeholder cell definition for module gf180mcu_fd_sc_mcu7t5v0__nor3_1.
Creating placeholder cell definition for module gf180mcu_fd_sc_mcu7t5v0__aoi21_2.
Creating placeholder cell definition for module gf180mcu_fd_sc_mcu7t5v0__oai21_2.
Creating placeholder cell definition for module gf180mcu_fd_sc_mcu7t5v0__or2_1.
Creating placeholder cell definition for module gf180mcu_fd_sc_mcu7t5v0__xnor3_1.
Creating placeholder cell definition for module gf180mcu_fd_sc_mcu7t5v0__xnor2_1.
Creating placeholder cell definition for module gf180mcu_fd_sc_mcu7t5v0__nand3_1.
Creating placeholder cell definition for module gf180mcu_fd_sc_mcu7t5v0__xor2_4.
Creating placeholder cell definition for module gf180mcu_fd_sc_mcu7t5v0__oai32_2.
Creating placeholder cell definition for module gf180mcu_fd_sc_mcu7t5v0__xor2_2.
Creating placeholder cell definition for module gf180mcu_fd_sc_mcu7t5v0__or2_2.
Creating placeholder cell definition for module gf180mcu_fd_sc_mcu7t5v0__xnor3_4.
Creating placeholder cell definition for module gf180mcu_fd_sc_mcu7t5v0__xor3_4.
Creating placeholder cell definition for module gf180mcu_fd_sc_mcu7t5v0__aoi221_4.
Creating placeholder cell definition for module gf180mcu_fd_sc_mcu7t5v0__xnor2_4.
Creating placeholder cell definition for module gf180mcu_fd_sc_mcu7t5v0__oai31_2.
Creating placeholder cell definition for module gf180mcu_fd_sc_mcu7t5v0__tiel.
Creating placeholder cell definition for module gf180mcu_fd_sc_mcu7t5v0__clkinv_8.
Creating placeholder cell definition for module gf180mcu_fd_sc_mcu7t5v0__and3_2.
Creating placeholder cell definition for module gf180mcu_fd_sc_mcu7t5v0__clkinv_2.
Creating placeholder cell definition for module gf180mcu_fd_sc_mcu7t5v0__nand2_4.
Creating placeholder cell definition for module gf180mcu_fd_sc_mcu7t5v0__or2_4.
Creating placeholder cell definition for module gf180mcu_fd_sc_mcu7t5v0__oai221_1.
Creating placeholder cell definition for module gf180mcu_fd_sc_mcu7t5v0__dffrnq_1.
Creating placeholder cell definition for module gf180mcu_fd_sc_mcu7t5v0__nor2_2.
Creating placeholder cell definition for module gf180mcu_fd_sc_mcu7t5v0__aoi22_1.
Creating placeholder cell definition for module gf180mcu_fd_sc_mcu7t5v0__oai22_1.
Creating placeholder cell definition for module gf180mcu_fd_sc_mcu7t5v0__aoi211_1.
Creating placeholder cell definition for module gf180mcu_fd_sc_mcu7t5v0__oai31_1.
Creating placeholder cell definition for module gf180mcu_fd_sc_mcu7t5v0__nand3_2.
Creating placeholder cell definition for module gf180mcu_fd_sc_mcu7t5v0__and4_1.
Creating placeholder cell definition for module gf180mcu_fd_sc_mcu7t5v0__and4_2.
Creating placeholder cell definition for module gf180mcu_fd_sc_mcu7t5v0__and3_1.
Creating placeholder cell definition for module gf180mcu_fd_sc_mcu7t5v0__nand4_2.
Creating placeholder cell definition for module gf180mcu_fd_sc_mcu7t5v0__or4_1.
Creating placeholder cell definition for module gf180mcu_fd_sc_mcu7t5v0__dffrnq_2.
Creating placeholder cell definition for module gf180mcu_fd_sc_mcu7t5v0__inv_3.
Creating placeholder cell definition for module gf180mcu_fd_sc_mcu7t5v0__tieh.
Creating placeholder cell definition for module gf180mcu_fd_sc_mcu7t5v0__mux2_1.
Creating placeholder cell definition for module gf180mcu_fd_sc_mcu7t5v0__dffrsnq_1.
Creating placeholder cell definition for module gf180mcu_fd_sc_mcu7t5v0__dffrsnq_2.
Creating placeholder cell definition for module gf180mcu_fd_sc_mcu7t5v0__clkinv_4.
Creating placeholder cell definition for module gf180mcu_fd_sc_mcu7t5v0__inv_1.
Creating placeholder cell definition for module gf180mcu_fd_sc_mcu7t5v0__and3_4.
Creating placeholder cell definition for module gf180mcu_fd_sc_mcu7t5v0__oai221_2.
Creating placeholder cell definition for module gf180mcu_fd_sc_mcu7t5v0__aoi211_2.
Creating placeholder cell definition for module gf180mcu_fd_sc_mcu7t5v0__nor4_1.
Creating placeholder cell definition for module gf180mcu_fd_sc_mcu7t5v0__clkbuf_16.
Creating placeholder cell definition for module gf180mcu_fd_sc_mcu7t5v0__clkbuf_8.
Creating placeholder cell definition for module gf180mcu_fd_sc_mcu7t5v0__buf_4.
Creating placeholder cell definition for module gf180mcu_fd_sc_mcu7t5v0__buf_8.
Creating placeholder cell definition for module gf180mcu_fd_sc_mcu7t5v0__clkbuf_12.
Creating placeholder cell definition for module gf180mcu_fd_sc_mcu7t5v0__buf_12.
Creating placeholder cell definition for module gf180mcu_fd_sc_mcu7t5v0__buf_16.
Creating placeholder cell definition for module gf180mcu_fd_sc_mcu7t5v0__buf_20.
Creating placeholder cell definition for module gf180mcu_fd_sc_mcu7t5v0__buf_3.
Creating placeholder cell definition for module gf180mcu_fd_sc_mcu7t5v0__clkbuf_2.
Creating placeholder cell definition for module gf180mcu_fd_sc_mcu7t5v0__buf_2.
Creating placeholder cell definition for module gf180mcu_fd_sc_mcu7t5v0__nand2_2.
Creating placeholder cell definition for module gf180mcu_fd_sc_mcu7t5v0__nand4_1.
Creating placeholder cell definition for module gf180mcu_fd_sc_mcu7t5v0__clkbuf_4.
Creating placeholder cell definition for module gf180mcu_fd_sc_mcu7t5v0__clkbuf_3.
Creating placeholder cell definition for module gf180mcu_fd_sc_mcu7t5v0__dlya_2.
Creating placeholder cell definition for module gf180mcu_fd_sc_mcu7t5v0__clkbuf_1.
Creating placeholder cell definition for module gf180mcu_fd_sc_mcu7t5v0__buf_1.
Creating placeholder cell definition for module gf180mcu_fd_sc_mcu7t5v0__dlyb_1.
Creating placeholder cell definition for module gf180mcu_fd_sc_mcu7t5v0__inv_2.
Creating placeholder cell definition for module gf180mcu_fd_sc_mcu7t5v0__nand3_4.
Creating placeholder cell definition for module gf180mcu_fd_sc_mcu7t5v0__nor2_4.
Creating placeholder cell definition for module gf180mcu_fd_sc_mcu7t5v0__mux2_2.
Creating placeholder cell definition for module gf180mcu_fd_sc_mcu7t5v0__oai211_1.
Creating placeholder cell definition for module gf180mcu_fd_sc_mcu7t5v0__dffrnq_4.
Creating placeholder cell definition for module gf180mcu_fd_sc_mcu7t5v0__nand4_4.

Reading setup file /home/user/.ciel/gf180mcuC/libs.tech/netgen/gf180mcuC_setup.tcl

Comparison output logged to file /openlane/designs/Markov_Chain_Accelerator/runs/fanout_fix_run2/logs/signoff/41-Markov_Chain_Accelerator.lef.lvs.log
Logging to file "/openlane/designs/Markov_Chain_Accelerator/runs/fanout_fix_run2/logs/signoff/41-Markov_Chain_Accelerator.lef.lvs.log" enabled

Contents of circuit 1:  Circuit: 'gf180mcu_fd_sc_mcu7t5v0__antenna'
Circuit gf180mcu_fd_sc_mcu7t5v0__antenna contains 0 device instances.
Circuit contains 0 nets, and 5 disconnected pins.
Contents of circuit 2:  Circuit: 'gf180mcu_fd_sc_mcu7t5v0__antenna'
Circuit gf180mcu_fd_sc_mcu7t5v0__antenna contains 0 device instances.
Circuit contains 0 nets.

Circuit gf180mcu_fd_sc_mcu7t5v0__antenna contains no devices.

Contents of circuit 1:  Circuit: 'gf180mcu_fd_sc_mcu7t5v0__and2_1'
Circuit gf180mcu_fd_sc_mcu7t5v0__and2_1 contains 0 device instances.
Circuit contains 0 nets, and 7 disconnected pins.
Contents of circuit 2:  Circuit: 'gf180mcu_fd_sc_mcu7t5v0__and2_1'
Circuit gf180mcu_fd_sc_mcu7t5v0__and2_1 contains 0 device instances.
Circuit contains 0 nets.

Circuit gf180mcu_fd_sc_mcu7t5v0__and2_1 contains no devices.

Contents of circuit 1:  Circuit: 'gf180mcu_fd_sc_mcu7t5v0__tieh'
Circuit gf180mcu_fd_sc_mcu7t5v0__tieh contains 0 device instances.
Circuit contains 0 nets, and 5 disconnected pins.
Contents of circuit 2:  Circuit: 'gf180mcu_fd_sc_mcu7t5v0__tieh'
Circuit gf180mcu_fd_sc_mcu7t5v0__tieh contains 0 device instances.
Circuit contains 0 nets.

Circuit gf180mcu_fd_sc_mcu7t5v0__tieh contains no devices.

Contents of circuit 1:  Circuit: 'gf180mcu_fd_sc_mcu7t5v0__oai21_1'
Circuit gf180mcu_fd_sc_mcu7t5v0__oai21_1 contains 0 device instances.
Circuit contains 0 nets, and 8 disconnected pins.
Contents of circuit 2:  Circuit: 'gf180mcu_fd_sc_mcu7t5v0__oai21_1'
Circuit gf180mcu_fd_sc_mcu7t5v0__oai21_1 contains 0 device instances.
Circuit contains 0 nets.

Circuit gf180mcu_fd_sc_mcu7t5v0__oai21_1 contains no devices.

Contents of circuit 1:  Circuit: 'gf180mcu_fd_sc_mcu7t5v0__fillcap_32'
Circuit gf180mcu_fd_sc_mcu7t5v0__fillcap_32 contains 0 device instances.
Circuit contains 0 nets, and 4 disconnected pins.
Contents of circuit 2:  Circuit: 'gf180mcu_fd_sc_mcu7t5v0__fillcap_32'
Circuit gf180mcu_fd_sc_mcu7t5v0__fillcap_32 contains 0 device instances.
Circuit contains 0 nets.

Circuit gf180mcu_fd_sc_mcu7t5v0__fillcap_32 contains no devices.

Contents of circuit 1:  Circuit: 'gf180mcu_fd_sc_mcu7t5v0__or2_1'
Circuit gf180mcu_fd_sc_mcu7t5v0__or2_1 contains 0 device instances.
Circuit contains 0 nets, and 7 disconnected pins.
Contents of circuit 2:  Circuit: 'gf180mcu_fd_sc_mcu7t5v0__or2_1'
Circuit gf180mcu_fd_sc_mcu7t5v0__or2_1 contains 0 device instances.
Circuit contains 0 nets.

Circuit gf180mcu_fd_sc_mcu7t5v0__or2_1 contains no devices.

Contents of circuit 1:  Circuit: 'gf180mcu_fd_sc_mcu7t5v0__tiel'
Circuit gf180mcu_fd_sc_mcu7t5v0__tiel contains 0 device instances.
Circuit contains 0 nets, and 5 disconnected pins.
Contents of circuit 2:  Circuit: 'gf180mcu_fd_sc_mcu7t5v0__tiel'
Circuit gf180mcu_fd_sc_mcu7t5v0__tiel contains 0 device instances.
Circuit contains 0 nets.

Circuit gf180mcu_fd_sc_mcu7t5v0__tiel contains no devices.

Contents of circuit 1:  Circuit: 'gf180mcu_fd_sc_mcu7t5v0__fillcap_4'
Circuit gf180mcu_fd_sc_mcu7t5v0__fillcap_4 contains 0 device instances.
Circuit contains 0 nets, and 4 disconnected pins.
Contents of circuit 2:  Circuit: 'gf180mcu_fd_sc_mcu7t5v0__fillcap_4'
Circuit gf180mcu_fd_sc_mcu7t5v0__fillcap_4 contains 0 device instances.
Circuit contains 0 nets.

Circuit gf180mcu_fd_sc_mcu7t5v0__fillcap_4 contains no devices.

Contents of circuit 1:  Circuit: 'gf180mcu_fd_sc_mcu7t5v0__fillcap_16'
Circuit gf180mcu_fd_sc_mcu7t5v0__fillcap_16 contains 0 device instances.
Circuit contains 0 nets, and 4 disconnected pins.
Contents of circuit 2:  Circuit: 'gf180mcu_fd_sc_mcu7t5v0__fillcap_16'
Circuit gf180mcu_fd_sc_mcu7t5v0__fillcap_16 contains 0 device instances.
Circuit contains 0 nets.

Circuit gf180mcu_fd_sc_mcu7t5v0__fillcap_16 contains no devices.

Contents of circuit 1:  Circuit: 'gf180mcu_fd_sc_mcu7t5v0__xor2_1'
Circuit gf180mcu_fd_sc_mcu7t5v0__xor2_1 contains 0 device instances.
Circuit contains 0 nets, and 7 disconnected pins.
Contents of circuit 2:  Circuit: 'gf180mcu_fd_sc_mcu7t5v0__xor2_1'
Circuit gf180mcu_fd_sc_mcu7t5v0__xor2_1 contains 0 device instances.
Circuit contains 0 nets.

Circuit gf180mcu_fd_sc_mcu7t5v0__xor2_1 contains no devices.

Contents of circuit 1:  Circuit: 'gf180mcu_fd_sc_mcu7t5v0__clkinv_1'
Circuit gf180mcu_fd_sc_mcu7t5v0__clkinv_1 contains 0 device instances.
Circuit contains 0 nets, and 6 disconnected pins.
Contents of circuit 2:  Circuit: 'gf180mcu_fd_sc_mcu7t5v0__clkinv_1'
Circuit gf180mcu_fd_sc_mcu7t5v0__clkinv_1 contains 0 device instances.
Circuit contains 0 nets.

Circuit gf180mcu_fd_sc_mcu7t5v0__clkinv_1 contains no devices.

Contents of circuit 1:  Circuit: 'gf180mcu_fd_sc_mcu7t5v0__dffrnq_1'
Circuit gf180mcu_fd_sc_mcu7t5v0__dffrnq_1 contains 0 device instances.
Circuit contains 0 nets, and 8 disconnected pins.
Contents of circuit 2:  Circuit: 'gf180mcu_fd_sc_mcu7t5v0__dffrnq_1'
Circuit gf180mcu_fd_sc_mcu7t5v0__dffrnq_1 contains 0 device instances.
Circuit contains 0 nets.

Circuit gf180mcu_fd_sc_mcu7t5v0__dffrnq_1 contains no devices.

Contents of circuit 1:  Circuit: 'gf180mcu_fd_sc_mcu7t5v0__xor3_1'
Circuit gf180mcu_fd_sc_mcu7t5v0__xor3_1 contains 0 device instances.
Circuit contains 0 nets, and 8 disconnected pins.
Contents of circuit 2:  Circuit: 'gf180mcu_fd_sc_mcu7t5v0__xor3_1'
Circuit gf180mcu_fd_sc_mcu7t5v0__xor3_1 contains 0 device instances.
Circuit contains 0 nets.

Circuit gf180mcu_fd_sc_mcu7t5v0__xor3_1 contains no devices.

Contents of circuit 1:  Circuit: 'gf180mcu_fd_sc_mcu7t5v0__dffrsnq_1'
Circuit gf180mcu_fd_sc_mcu7t5v0__dffrsnq_1 contains 0 device instances.
Circuit contains 0 nets, and 9 disconnected pins.
Contents of circuit 2:  Circuit: 'gf180mcu_fd_sc_mcu7t5v0__dffrsnq_1'
Circuit gf180mcu_fd_sc_mcu7t5v0__dffrsnq_1 contains 0 device instances.
Circuit contains 0 nets.

Circuit gf180mcu_fd_sc_mcu7t5v0__dffrsnq_1 contains no devices.

Contents of circuit 1:  Circuit: 'gf180mcu_fd_sc_mcu7t5v0__oai221_1'
Circuit gf180mcu_fd_sc_mcu7t5v0__oai221_1 contains 0 device instances.
Circuit contains 0 nets, and 10 disconnected pins.
Contents of circuit 2:  Circuit: 'gf180mcu_fd_sc_mcu7t5v0__oai221_1'
Circuit gf180mcu_fd_sc_mcu7t5v0__oai221_1 contains 0 device instances.
Circuit contains 0 nets.

Circuit gf180mcu_fd_sc_mcu7t5v0__oai221_1 contains no devices.

Contents of circuit 1:  Circuit: 'gf180mcu_fd_sc_mcu7t5v0__fillcap_8'
Circuit gf180mcu_fd_sc_mcu7t5v0__fillcap_8 contains 0 device instances.
Circuit contains 0 nets, and 4 disconnected pins.
Contents of circuit 2:  Circuit: 'gf180mcu_fd_sc_mcu7t5v0__fillcap_8'
Circuit gf180mcu_fd_sc_mcu7t5v0__fillcap_8 contains 0 device instances.
Circuit contains 0 nets.

Circuit gf180mcu_fd_sc_mcu7t5v0__fillcap_8 contains no devices.

Contents of circuit 1:  Circuit: 'gf180mcu_fd_sc_mcu7t5v0__nor4_2'
Circuit gf180mcu_fd_sc_mcu7t5v0__nor4_2 contains 0 device instances.
Circuit contains 0 nets, and 9 disconnected pins.
Contents of circuit 2:  Circuit: 'gf180mcu_fd_sc_mcu7t5v0__nor4_2'
Circuit gf180mcu_fd_sc_mcu7t5v0__nor4_2 contains 0 device instances.
Circuit contains 0 nets.

Circuit gf180mcu_fd_sc_mcu7t5v0__nor4_2 contains no devices.

Contents of circuit 1:  Circuit: 'gf180mcu_fd_sc_mcu7t5v0__nor2_2'
Circuit gf180mcu_fd_sc_mcu7t5v0__nor2_2 contains 0 device instances.
Circuit contains 0 nets, and 7 disconnected pins.
Contents of circuit 2:  Circuit: 'gf180mcu_fd_sc_mcu7t5v0__nor2_2'
Circuit gf180mcu_fd_sc_mcu7t5v0__nor2_2 contains 0 device instances.
Circuit contains 0 nets.

Circuit gf180mcu_fd_sc_mcu7t5v0__nor2_2 contains no devices.

Contents of circuit 1:  Circuit: 'gf180mcu_fd_sc_mcu7t5v0__and4_1'
Circuit gf180mcu_fd_sc_mcu7t5v0__and4_1 contains 0 device instances.
Circuit contains 0 nets, and 9 disconnected pins.
Contents of circuit 2:  Circuit: 'gf180mcu_fd_sc_mcu7t5v0__and4_1'
Circuit gf180mcu_fd_sc_mcu7t5v0__and4_1 contains 0 device instances.
Circuit contains 0 nets.

Circuit gf180mcu_fd_sc_mcu7t5v0__and4_1 contains no devices.

Contents of circuit 1:  Circuit: 'gf180mcu_fd_sc_mcu7t5v0__nand2_1'
Circuit gf180mcu_fd_sc_mcu7t5v0__nand2_1 contains 0 device instances.
Circuit contains 0 nets, and 7 disconnected pins.
Contents of circuit 2:  Circuit: 'gf180mcu_fd_sc_mcu7t5v0__nand2_1'
Circuit gf180mcu_fd_sc_mcu7t5v0__nand2_1 contains 0 device instances.
Circuit contains 0 nets.

Circuit gf180mcu_fd_sc_mcu7t5v0__nand2_1 contains no devices.

Contents of circuit 1:  Circuit: 'gf180mcu_fd_sc_mcu7t5v0__or2_4'
Circuit gf180mcu_fd_sc_mcu7t5v0__or2_4 contains 0 device instances.
Circuit contains 0 nets, and 7 disconnected pins.
Contents of circuit 2:  Circuit: 'gf180mcu_fd_sc_mcu7t5v0__or2_4'
Circuit gf180mcu_fd_sc_mcu7t5v0__or2_4 contains 0 device instances.
Circuit contains 0 nets.

Circuit gf180mcu_fd_sc_mcu7t5v0__or2_4 contains no devices.

Contents of circuit 1:  Circuit: 'gf180mcu_fd_sc_mcu7t5v0__nor2_1'
Circuit gf180mcu_fd_sc_mcu7t5v0__nor2_1 contains 0 device instances.
Circuit contains 0 nets, and 7 disconnected pins.
Contents of circuit 2:  Circuit: 'gf180mcu_fd_sc_mcu7t5v0__nor2_1'
Circuit gf180mcu_fd_sc_mcu7t5v0__nor2_1 contains 0 device instances.
Circuit contains 0 nets.

Circuit gf180mcu_fd_sc_mcu7t5v0__nor2_1 contains no devices.

Contents of circuit 1:  Circuit: 'gf180mcu_fd_sc_mcu7t5v0__mux2_1'
Circuit gf180mcu_fd_sc_mcu7t5v0__mux2_1 contains 0 device instances.
Circuit contains 0 nets, and 8 disconnected pins.
Contents of circuit 2:  Circuit: 'gf180mcu_fd_sc_mcu7t5v0__mux2_1'
Circuit gf180mcu_fd_sc_mcu7t5v0__mux2_1 contains 0 device instances.
Circuit contains 0 nets.

Circuit gf180mcu_fd_sc_mcu7t5v0__mux2_1 contains no devices.

Contents of circuit 1:  Circuit: 'gf180mcu_fd_sc_mcu7t5v0__dlya_2'
Circuit gf180mcu_fd_sc_mcu7t5v0__dlya_2 contains 0 device instances.
Circuit contains 0 nets, and 6 disconnected pins.
Contents of circuit 2:  Circuit: 'gf180mcu_fd_sc_mcu7t5v0__dlya_2'
Circuit gf180mcu_fd_sc_mcu7t5v0__dlya_2 contains 0 device instances.
Circuit contains 0 nets.

Circuit gf180mcu_fd_sc_mcu7t5v0__dlya_2 contains no devices.

Contents of circuit 1:  Circuit: 'gf180mcu_fd_sc_mcu7t5v0__fillcap_64'
Circuit gf180mcu_fd_sc_mcu7t5v0__fillcap_64 contains 0 device instances.
Circuit contains 0 nets, and 4 disconnected pins.
Contents of circuit 2:  Circuit: 'gf180mcu_fd_sc_mcu7t5v0__fillcap_64'
Circuit gf180mcu_fd_sc_mcu7t5v0__fillcap_64 contains 0 device instances.
Circuit contains 0 nets.

Circuit gf180mcu_fd_sc_mcu7t5v0__fillcap_64 contains no devices.

Contents of circuit 1:  Circuit: 'gf180mcu_fd_sc_mcu7t5v0__nor2_4'
Circuit gf180mcu_fd_sc_mcu7t5v0__nor2_4 contains 0 device instances.
Circuit contains 0 nets, and 7 disconnected pins.
Contents of circuit 2:  Circuit: 'gf180mcu_fd_sc_mcu7t5v0__nor2_4'
Circuit gf180mcu_fd_sc_mcu7t5v0__nor2_4 contains 0 device instances.
Circuit contains 0 nets.

Circuit gf180mcu_fd_sc_mcu7t5v0__nor2_4 contains no devices.

Contents of circuit 1:  Circuit: 'gf180mcu_fd_sc_mcu7t5v0__nand3_1'
Circuit gf180mcu_fd_sc_mcu7t5v0__nand3_1 contains 0 device instances.
Circuit contains 0 nets, and 8 disconnected pins.
Contents of circuit 2:  Circuit: 'gf180mcu_fd_sc_mcu7t5v0__nand3_1'
Circuit gf180mcu_fd_sc_mcu7t5v0__nand3_1 contains 0 device instances.
Circuit contains 0 nets.

Circuit gf180mcu_fd_sc_mcu7t5v0__nand3_1 contains no devices.

Contents of circuit 1:  Circuit: 'gf180mcu_fd_sc_mcu7t5v0__aoi22_1'
Circuit gf180mcu_fd_sc_mcu7t5v0__aoi22_1 contains 0 device instances.
Circuit contains 0 nets, and 9 disconnected pins.
Contents of circuit 2:  Circuit: 'gf180mcu_fd_sc_mcu7t5v0__aoi22_1'
Circuit gf180mcu_fd_sc_mcu7t5v0__aoi22_1 contains 0 device instances.
Circuit contains 0 nets.

Circuit gf180mcu_fd_sc_mcu7t5v0__aoi22_1 contains no devices.

Contents of circuit 1:  Circuit: 'gf180mcu_fd_sc_mcu7t5v0__or2_2'
Circuit gf180mcu_fd_sc_mcu7t5v0__or2_2 contains 0 device instances.
Circuit contains 0 nets, and 7 disconnected pins.
Contents of circuit 2:  Circuit: 'gf180mcu_fd_sc_mcu7t5v0__or2_2'
Circuit gf180mcu_fd_sc_mcu7t5v0__or2_2 contains 0 device instances.
Circuit contains 0 nets.

Circuit gf180mcu_fd_sc_mcu7t5v0__or2_2 contains no devices.

Contents of circuit 1:  Circuit: 'gf180mcu_fd_sc_mcu7t5v0__aoi21_1'
Circuit gf180mcu_fd_sc_mcu7t5v0__aoi21_1 contains 0 device instances.
Circuit contains 0 nets, and 8 disconnected pins.
Contents of circuit 2:  Circuit: 'gf180mcu_fd_sc_mcu7t5v0__aoi21_1'
Circuit gf180mcu_fd_sc_mcu7t5v0__aoi21_1 contains 0 device instances.
Circuit contains 0 nets.

Circuit gf180mcu_fd_sc_mcu7t5v0__aoi21_1 contains no devices.

Contents of circuit 1:  Circuit: 'gf180mcu_fd_sc_mcu7t5v0__nand4_2'
Circuit gf180mcu_fd_sc_mcu7t5v0__nand4_2 contains 0 device instances.
Circuit contains 0 nets, and 9 disconnected pins.
Contents of circuit 2:  Circuit: 'gf180mcu_fd_sc_mcu7t5v0__nand4_2'
Circuit gf180mcu_fd_sc_mcu7t5v0__nand4_2 contains 0 device instances.
Circuit contains 0 nets.

Circuit gf180mcu_fd_sc_mcu7t5v0__nand4_2 contains no devices.

Contents of circuit 1:  Circuit: 'gf180mcu_fd_sc_mcu7t5v0__nand2_4'
Circuit gf180mcu_fd_sc_mcu7t5v0__nand2_4 contains 0 device instances.
Circuit contains 0 nets, and 7 disconnected pins.
Contents of circuit 2:  Circuit: 'gf180mcu_fd_sc_mcu7t5v0__nand2_4'
Circuit gf180mcu_fd_sc_mcu7t5v0__nand2_4 contains 0 device instances.
Circuit contains 0 nets.

Circuit gf180mcu_fd_sc_mcu7t5v0__nand2_4 contains no devices.

Contents of circuit 1:  Circuit: 'gf180mcu_fd_sc_mcu7t5v0__nand3_2'
Circuit gf180mcu_fd_sc_mcu7t5v0__nand3_2 contains 0 device instances.
Circuit contains 0 nets, and 8 disconnected pins.
Contents of circuit 2:  Circuit: 'gf180mcu_fd_sc_mcu7t5v0__nand3_2'
Circuit gf180mcu_fd_sc_mcu7t5v0__nand3_2 contains 0 device instances.
Circuit contains 0 nets.

Circuit gf180mcu_fd_sc_mcu7t5v0__nand3_2 contains no devices.

Contents of circuit 1:  Circuit: 'gf180mcu_fd_sc_mcu7t5v0__clkinv_2'
Circuit gf180mcu_fd_sc_mcu7t5v0__clkinv_2 contains 0 device instances.
Circuit contains 0 nets, and 6 disconnected pins.
Contents of circuit 2:  Circuit: 'gf180mcu_fd_sc_mcu7t5v0__clkinv_2'
Circuit gf180mcu_fd_sc_mcu7t5v0__clkinv_2 contains 0 device instances.
Circuit contains 0 nets.

Circuit gf180mcu_fd_sc_mcu7t5v0__clkinv_2 contains no devices.

Contents of circuit 1:  Circuit: 'gf180mcu_fd_sc_mcu7t5v0__aoi211_1'
Circuit gf180mcu_fd_sc_mcu7t5v0__aoi211_1 contains 0 device instances.
Circuit contains 0 nets, and 9 disconnected pins.
Contents of circuit 2:  Circuit: 'gf180mcu_fd_sc_mcu7t5v0__aoi211_1'
Circuit gf180mcu_fd_sc_mcu7t5v0__aoi211_1 contains 0 device instances.
Circuit contains 0 nets.

Circuit gf180mcu_fd_sc_mcu7t5v0__aoi211_1 contains no devices.

Contents of circuit 1:  Circuit: 'gf180mcu_fd_sc_mcu7t5v0__oai31_1'
Circuit gf180mcu_fd_sc_mcu7t5v0__oai31_1 contains 0 device instances.
Circuit contains 0 nets, and 9 disconnected pins.
Contents of circuit 2:  Circuit: 'gf180mcu_fd_sc_mcu7t5v0__oai31_1'
Circuit gf180mcu_fd_sc_mcu7t5v0__oai31_1 contains 0 device instances.
Circuit contains 0 nets.

Circuit gf180mcu_fd_sc_mcu7t5v0__oai31_1 contains no devices.

Contents of circuit 1:  Circuit: 'gf180mcu_fd_sc_mcu7t5v0__clkbuf_8'
Circuit gf180mcu_fd_sc_mcu7t5v0__clkbuf_8 contains 0 device instances.
Circuit contains 0 nets, and 6 disconnected pins.
Contents of circuit 2:  Circuit: 'gf180mcu_fd_sc_mcu7t5v0__clkbuf_8'
Circuit gf180mcu_fd_sc_mcu7t5v0__clkbuf_8 contains 0 device instances.
Circuit contains 0 nets.

Circuit gf180mcu_fd_sc_mcu7t5v0__clkbuf_8 contains no devices.

Contents of circuit 1:  Circuit: 'gf180mcu_fd_sc_mcu7t5v0__clkbuf_16'
Circuit gf180mcu_fd_sc_mcu7t5v0__clkbuf_16 contains 0 device instances.
Circuit contains 0 nets, and 6 disconnected pins.
Contents of circuit 2:  Circuit: 'gf180mcu_fd_sc_mcu7t5v0__clkbuf_16'
Circuit gf180mcu_fd_sc_mcu7t5v0__clkbuf_16 contains 0 device instances.
Circuit contains 0 nets.

Circuit gf180mcu_fd_sc_mcu7t5v0__clkbuf_16 contains no devices.

Contents of circuit 1:  Circuit: 'gf180mcu_fd_sc_mcu7t5v0__and3_2'
Circuit gf180mcu_fd_sc_mcu7t5v0__and3_2 contains 0 device instances.
Circuit contains 0 nets, and 8 disconnected pins.
Contents of circuit 2:  Circuit: 'gf180mcu_fd_sc_mcu7t5v0__and3_2'
Circuit gf180mcu_fd_sc_mcu7t5v0__and3_2 contains 0 device instances.
Circuit contains 0 nets.

Circuit gf180mcu_fd_sc_mcu7t5v0__and3_2 contains no devices.

Contents of circuit 1:  Circuit: 'gf180mcu_fd_sc_mcu7t5v0__clkbuf_1'
Circuit gf180mcu_fd_sc_mcu7t5v0__clkbuf_1 contains 0 device instances.
Circuit contains 0 nets, and 6 disconnected pins.
Contents of circuit 2:  Circuit: 'gf180mcu_fd_sc_mcu7t5v0__clkbuf_1'
Circuit gf180mcu_fd_sc_mcu7t5v0__clkbuf_1 contains 0 device instances.
Circuit contains 0 nets.

Circuit gf180mcu_fd_sc_mcu7t5v0__clkbuf_1 contains no devices.

Contents of circuit 1:  Circuit: 'gf180mcu_fd_sc_mcu7t5v0__dlyb_1'
Circuit gf180mcu_fd_sc_mcu7t5v0__dlyb_1 contains 0 device instances.
Circuit contains 0 nets, and 6 disconnected pins.
Contents of circuit 2:  Circuit: 'gf180mcu_fd_sc_mcu7t5v0__dlyb_1'
Circuit gf180mcu_fd_sc_mcu7t5v0__dlyb_1 contains 0 device instances.
Circuit contains 0 nets.

Circuit gf180mcu_fd_sc_mcu7t5v0__dlyb_1 contains no devices.

Contents of circuit 1:  Circuit: 'gf180mcu_fd_sc_mcu7t5v0__nor3_1'
Circuit gf180mcu_fd_sc_mcu7t5v0__nor3_1 contains 0 device instances.
Circuit contains 0 nets, and 8 disconnected pins.
Contents of circuit 2:  Circuit: 'gf180mcu_fd_sc_mcu7t5v0__nor3_1'
Circuit gf180mcu_fd_sc_mcu7t5v0__nor3_1 contains 0 device instances.
Circuit contains 0 nets.

Circuit gf180mcu_fd_sc_mcu7t5v0__nor3_1 contains no devices.

Contents of circuit 1:  Circuit: 'gf180mcu_fd_sc_mcu7t5v0__oai21_2'
Circuit gf180mcu_fd_sc_mcu7t5v0__oai21_2 contains 0 device instances.
Circuit contains 0 nets, and 8 disconnected pins.
Contents of circuit 2:  Circuit: 'gf180mcu_fd_sc_mcu7t5v0__oai21_2'
Circuit gf180mcu_fd_sc_mcu7t5v0__oai21_2 contains 0 device instances.
Circuit contains 0 nets.

Circuit gf180mcu_fd_sc_mcu7t5v0__oai21_2 contains no devices.

Contents of circuit 1:  Circuit: 'gf180mcu_fd_sc_mcu7t5v0__or4_1'
Circuit gf180mcu_fd_sc_mcu7t5v0__or4_1 contains 0 device instances.
Circuit contains 0 nets, and 9 disconnected pins.
Contents of circuit 2:  Circuit: 'gf180mcu_fd_sc_mcu7t5v0__or4_1'
Circuit gf180mcu_fd_sc_mcu7t5v0__or4_1 contains 0 device instances.
Circuit contains 0 nets.

Circuit gf180mcu_fd_sc_mcu7t5v0__or4_1 contains no devices.

Contents of circuit 1:  Circuit: 'gf180mcu_fd_sc_mcu7t5v0__clkinv_4'
Circuit gf180mcu_fd_sc_mcu7t5v0__clkinv_4 contains 0 device instances.
Circuit contains 0 nets, and 6 disconnected pins.
Contents of circuit 2:  Circuit: 'gf180mcu_fd_sc_mcu7t5v0__clkinv_4'
Circuit gf180mcu_fd_sc_mcu7t5v0__clkinv_4 contains 0 device instances.
Circuit contains 0 nets.

Circuit gf180mcu_fd_sc_mcu7t5v0__clkinv_4 contains no devices.

Contents of circuit 1:  Circuit: 'gf180mcu_fd_sc_mcu7t5v0__buf_8'
Circuit gf180mcu_fd_sc_mcu7t5v0__buf_8 contains 0 device instances.
Circuit contains 0 nets, and 6 disconnected pins.
Contents of circuit 2:  Circuit: 'gf180mcu_fd_sc_mcu7t5v0__buf_8'
Circuit gf180mcu_fd_sc_mcu7t5v0__buf_8 contains 0 device instances.
Circuit contains 0 nets.

Circuit gf180mcu_fd_sc_mcu7t5v0__buf_8 contains no devices.

Contents of circuit 1:  Circuit: 'gf180mcu_fd_sc_mcu7t5v0__xnor2_1'
Circuit gf180mcu_fd_sc_mcu7t5v0__xnor2_1 contains 0 device instances.
Circuit contains 0 nets, and 7 disconnected pins.
Contents of circuit 2:  Circuit: 'gf180mcu_fd_sc_mcu7t5v0__xnor2_1'
Circuit gf180mcu_fd_sc_mcu7t5v0__xnor2_1 contains 0 device instances.
Circuit contains 0 nets.

Circuit gf180mcu_fd_sc_mcu7t5v0__xnor2_1 contains no devices.

Contents of circuit 1:  Circuit: 'gf180mcu_fd_sc_mcu7t5v0__aoi21_2'
Circuit gf180mcu_fd_sc_mcu7t5v0__aoi21_2 contains 0 device instances.
Circuit contains 0 nets, and 8 disconnected pins.
Contents of circuit 2:  Circuit: 'gf180mcu_fd_sc_mcu7t5v0__aoi21_2'
Circuit gf180mcu_fd_sc_mcu7t5v0__aoi21_2 contains 0 device instances.
Circuit contains 0 nets.

Circuit gf180mcu_fd_sc_mcu7t5v0__aoi21_2 contains no devices.

Contents of circuit 1:  Circuit: 'gf180mcu_fd_sc_mcu7t5v0__clkinv_3'
Circuit gf180mcu_fd_sc_mcu7t5v0__clkinv_3 contains 0 device instances.
Circuit contains 0 nets, and 6 disconnected pins.
Contents of circuit 2:  Circuit: 'gf180mcu_fd_sc_mcu7t5v0__clkinv_3'
Circuit gf180mcu_fd_sc_mcu7t5v0__clkinv_3 contains 0 device instances.
Circuit contains 0 nets.

Circuit gf180mcu_fd_sc_mcu7t5v0__clkinv_3 contains no devices.

Contents of circuit 1:  Circuit: 'gf180mcu_fd_sc_mcu7t5v0__oai22_1'
Circuit gf180mcu_fd_sc_mcu7t5v0__oai22_1 contains 0 device instances.
Circuit contains 0 nets, and 9 disconnected pins.
Contents of circuit 2:  Circuit: 'gf180mcu_fd_sc_mcu7t5v0__oai22_1'
Circuit gf180mcu_fd_sc_mcu7t5v0__oai22_1 contains 0 device instances.
Circuit contains 0 nets.

Circuit gf180mcu_fd_sc_mcu7t5v0__oai22_1 contains no devices.

Contents of circuit 1:  Circuit: 'gf180mcu_fd_sc_mcu7t5v0__nand2_2'
Circuit gf180mcu_fd_sc_mcu7t5v0__nand2_2 contains 0 device instances.
Circuit contains 0 nets, and 7 disconnected pins.
Contents of circuit 2:  Circuit: 'gf180mcu_fd_sc_mcu7t5v0__nand2_2'
Circuit gf180mcu_fd_sc_mcu7t5v0__nand2_2 contains 0 device instances.
Circuit contains 0 nets.

Circuit gf180mcu_fd_sc_mcu7t5v0__nand2_2 contains no devices.

Contents of circuit 1:  Circuit: 'gf180mcu_fd_sc_mcu7t5v0__oai221_2'
Circuit gf180mcu_fd_sc_mcu7t5v0__oai221_2 contains 0 device instances.
Circuit contains 0 nets, and 10 disconnected pins.
Contents of circuit 2:  Circuit: 'gf180mcu_fd_sc_mcu7t5v0__oai221_2'
Circuit gf180mcu_fd_sc_mcu7t5v0__oai221_2 contains 0 device instances.
Circuit contains 0 nets.

Circuit gf180mcu_fd_sc_mcu7t5v0__oai221_2 contains no devices.

Contents of circuit 1:  Circuit: 'gf180mcu_fd_sc_mcu7t5v0__clkinv_8'
Circuit gf180mcu_fd_sc_mcu7t5v0__clkinv_8 contains 0 device instances.
Circuit contains 0 nets, and 6 disconnected pins.
Contents of circuit 2:  Circuit: 'gf180mcu_fd_sc_mcu7t5v0__clkinv_8'
Circuit gf180mcu_fd_sc_mcu7t5v0__clkinv_8 contains 0 device instances.
Circuit contains 0 nets.

Circuit gf180mcu_fd_sc_mcu7t5v0__clkinv_8 contains no devices.

Contents of circuit 1:  Circuit: 'gf180mcu_fd_sc_mcu7t5v0__buf_3'
Circuit gf180mcu_fd_sc_mcu7t5v0__buf_3 contains 0 device instances.
Circuit contains 0 nets, and 6 disconnected pins.
Contents of circuit 2:  Circuit: 'gf180mcu_fd_sc_mcu7t5v0__buf_3'
Circuit gf180mcu_fd_sc_mcu7t5v0__buf_3 contains 0 device instances.
Circuit contains 0 nets.

Circuit gf180mcu_fd_sc_mcu7t5v0__buf_3 contains no devices.

Contents of circuit 1:  Circuit: 'gf180mcu_fd_sc_mcu7t5v0__and4_2'
Circuit gf180mcu_fd_sc_mcu7t5v0__and4_2 contains 0 device instances.
Circuit contains 0 nets, and 9 disconnected pins.
Contents of circuit 2:  Circuit: 'gf180mcu_fd_sc_mcu7t5v0__and4_2'
Circuit gf180mcu_fd_sc_mcu7t5v0__and4_2 contains 0 device instances.
Circuit contains 0 nets.

Circuit gf180mcu_fd_sc_mcu7t5v0__and4_2 contains no devices.

Contents of circuit 1:  Circuit: 'gf180mcu_fd_sc_mcu7t5v0__buf_1'
Circuit gf180mcu_fd_sc_mcu7t5v0__buf_1 contains 0 device instances.
Circuit contains 0 nets, and 6 disconnected pins.
Contents of circuit 2:  Circuit: 'gf180mcu_fd_sc_mcu7t5v0__buf_1'
Circuit gf180mcu_fd_sc_mcu7t5v0__buf_1 contains 0 device instances.
Circuit contains 0 nets.

Circuit gf180mcu_fd_sc_mcu7t5v0__buf_1 contains no devices.

Contents of circuit 1:  Circuit: 'gf180mcu_fd_sc_mcu7t5v0__xnor2_4'
Circuit gf180mcu_fd_sc_mcu7t5v0__xnor2_4 contains 0 device instances.
Circuit contains 0 nets, and 7 disconnected pins.
Contents of circuit 2:  Circuit: 'gf180mcu_fd_sc_mcu7t5v0__xnor2_4'
Circuit gf180mcu_fd_sc_mcu7t5v0__xnor2_4 contains 0 device instances.
Circuit contains 0 nets.

Circuit gf180mcu_fd_sc_mcu7t5v0__xnor2_4 contains no devices.

Contents of circuit 1:  Circuit: 'gf180mcu_fd_sc_mcu7t5v0__and3_1'
Circuit gf180mcu_fd_sc_mcu7t5v0__and3_1 contains 0 device instances.
Circuit contains 0 nets, and 8 disconnected pins.
Contents of circuit 2:  Circuit: 'gf180mcu_fd_sc_mcu7t5v0__and3_1'
Circuit gf180mcu_fd_sc_mcu7t5v0__and3_1 contains 0 device instances.
Circuit contains 0 nets.

Circuit gf180mcu_fd_sc_mcu7t5v0__and3_1 contains no devices.

Contents of circuit 1:  Circuit: 'gf180mcu_fd_sc_mcu7t5v0__dffrsnq_2'
Circuit gf180mcu_fd_sc_mcu7t5v0__dffrsnq_2 contains 0 device instances.
Circuit contains 0 nets, and 9 disconnected pins.
Contents of circuit 2:  Circuit: 'gf180mcu_fd_sc_mcu7t5v0__dffrsnq_2'
Circuit gf180mcu_fd_sc_mcu7t5v0__dffrsnq_2 contains 0 device instances.
Circuit contains 0 nets.

Circuit gf180mcu_fd_sc_mcu7t5v0__dffrsnq_2 contains no devices.

Contents of circuit 1:  Circuit: 'gf180mcu_fd_sc_mcu7t5v0__clkbuf_4'
Circuit gf180mcu_fd_sc_mcu7t5v0__clkbuf_4 contains 0 device instances.
Circuit contains 0 nets, and 6 disconnected pins.
Contents of circuit 2:  Circuit: 'gf180mcu_fd_sc_mcu7t5v0__clkbuf_4'
Circuit gf180mcu_fd_sc_mcu7t5v0__clkbuf_4 contains 0 device instances.
Circuit contains 0 nets.

Circuit gf180mcu_fd_sc_mcu7t5v0__clkbuf_4 contains no devices.

Contents of circuit 1:  Circuit: 'gf180mcu_fd_sc_mcu7t5v0__clkbuf_3'
Circuit gf180mcu_fd_sc_mcu7t5v0__clkbuf_3 contains 0 device instances.
Circuit contains 0 nets, and 6 disconnected pins.
Contents of circuit 2:  Circuit: 'gf180mcu_fd_sc_mcu7t5v0__clkbuf_3'
Circuit gf180mcu_fd_sc_mcu7t5v0__clkbuf_3 contains 0 device instances.
Circuit contains 0 nets.

Circuit gf180mcu_fd_sc_mcu7t5v0__clkbuf_3 contains no devices.

Contents of circuit 1:  Circuit: 'gf180mcu_fd_sc_mcu7t5v0__dffrnq_2'
Circuit gf180mcu_fd_sc_mcu7t5v0__dffrnq_2 contains 0 device instances.
Circuit contains 0 nets, and 8 disconnected pins.
Contents of circuit 2:  Circuit: 'gf180mcu_fd_sc_mcu7t5v0__dffrnq_2'
Circuit gf180mcu_fd_sc_mcu7t5v0__dffrnq_2 contains 0 device instances.
Circuit contains 0 nets.

Circuit gf180mcu_fd_sc_mcu7t5v0__dffrnq_2 contains no devices.

Contents of circuit 1:  Circuit: 'gf180mcu_fd_sc_mcu7t5v0__nand4_1'
Circuit gf180mcu_fd_sc_mcu7t5v0__nand4_1 contains 0 device instances.
Circuit contains 0 nets, and 9 disconnected pins.
Contents of circuit 2:  Circuit: 'gf180mcu_fd_sc_mcu7t5v0__nand4_1'
Circuit gf180mcu_fd_sc_mcu7t5v0__nand4_1 contains 0 device instances.
Circuit contains 0 nets.

Circuit gf180mcu_fd_sc_mcu7t5v0__nand4_1 contains no devices.

Contents of circuit 1:  Circuit: 'gf180mcu_fd_sc_mcu7t5v0__xnor3_1'
Circuit gf180mcu_fd_sc_mcu7t5v0__xnor3_1 contains 0 device instances.
Circuit contains 0 nets, and 8 disconnected pins.
Contents of circuit 2:  Circuit: 'gf180mcu_fd_sc_mcu7t5v0__xnor3_1'
Circuit gf180mcu_fd_sc_mcu7t5v0__xnor3_1 contains 0 device instances.
Circuit contains 0 nets.

Circuit gf180mcu_fd_sc_mcu7t5v0__xnor3_1 contains no devices.

Contents of circuit 1:  Circuit: 'gf180mcu_fd_sc_mcu7t5v0__xor3_2'
Circuit gf180mcu_fd_sc_mcu7t5v0__xor3_2 contains 0 device instances.
Circuit contains 0 nets, and 8 disconnected pins.
Contents of circuit 2:  Circuit: 'gf180mcu_fd_sc_mcu7t5v0__xor3_2'
Circuit gf180mcu_fd_sc_mcu7t5v0__xor3_2 contains 0 device instances.
Circuit contains 0 nets.

Circuit gf180mcu_fd_sc_mcu7t5v0__xor3_2 contains no devices.

Contents of circuit 1:  Circuit: 'gf180mcu_fd_sc_mcu7t5v0__buf_12'
Circuit gf180mcu_fd_sc_mcu7t5v0__buf_12 contains 0 device instances.
Circuit contains 0 nets, and 6 disconnected pins.
Contents of circuit 2:  Circuit: 'gf180mcu_fd_sc_mcu7t5v0__buf_12'
Circuit gf180mcu_fd_sc_mcu7t5v0__buf_12 contains 0 device instances.
Circuit contains 0 nets.

Circuit gf180mcu_fd_sc_mcu7t5v0__buf_12 contains no devices.

Contents of circuit 1:  Circuit: 'gf180mcu_fd_sc_mcu7t5v0__inv_3'
Circuit gf180mcu_fd_sc_mcu7t5v0__inv_3 contains 0 device instances.
Circuit contains 0 nets, and 6 disconnected pins.
Contents of circuit 2:  Circuit: 'gf180mcu_fd_sc_mcu7t5v0__inv_3'
Circuit gf180mcu_fd_sc_mcu7t5v0__inv_3 contains 0 device instances.
Circuit contains 0 nets.

Circuit gf180mcu_fd_sc_mcu7t5v0__inv_3 contains no devices.

Contents of circuit 1:  Circuit: 'gf180mcu_fd_sc_mcu7t5v0__buf_4'
Circuit gf180mcu_fd_sc_mcu7t5v0__buf_4 contains 0 device instances.
Circuit contains 0 nets, and 6 disconnected pins.
Contents of circuit 2:  Circuit: 'gf180mcu_fd_sc_mcu7t5v0__buf_4'
Circuit gf180mcu_fd_sc_mcu7t5v0__buf_4 contains 0 device instances.
Circuit contains 0 nets.

Circuit gf180mcu_fd_sc_mcu7t5v0__buf_4 contains no devices.

Contents of circuit 1:  Circuit: 'gf180mcu_fd_sc_mcu7t5v0__xor3_4'
Circuit gf180mcu_fd_sc_mcu7t5v0__xor3_4 contains 0 device instances.
Circuit contains 0 nets, and 8 disconnected pins.
Contents of circuit 2:  Circuit: 'gf180mcu_fd_sc_mcu7t5v0__xor3_4'
Circuit gf180mcu_fd_sc_mcu7t5v0__xor3_4 contains 0 device instances.
Circuit contains 0 nets.

Circuit gf180mcu_fd_sc_mcu7t5v0__xor3_4 contains no devices.

Contents of circuit 1:  Circuit: 'gf180mcu_fd_sc_mcu7t5v0__clkbuf_12'
Circuit gf180mcu_fd_sc_mcu7t5v0__clkbuf_12 contains 0 device instances.
Circuit contains 0 nets, and 6 disconnected pins.
Contents of circuit 2:  Circuit: 'gf180mcu_fd_sc_mcu7t5v0__clkbuf_12'
Circuit gf180mcu_fd_sc_mcu7t5v0__clkbuf_12 contains 0 device instances.
Circuit contains 0 nets.

Circuit gf180mcu_fd_sc_mcu7t5v0__clkbuf_12 contains no devices.

Contents of circuit 1:  Circuit: 'gf180mcu_fd_sc_mcu7t5v0__buf_16'
Circuit gf180mcu_fd_sc_mcu7t5v0__buf_16 contains 0 device instances.
Circuit contains 0 nets, and 6 disconnected pins.
Contents of circuit 2:  Circuit: 'gf180mcu_fd_sc_mcu7t5v0__buf_16'
Circuit gf180mcu_fd_sc_mcu7t5v0__buf_16 contains 0 device instances.
Circuit contains 0 nets.

Circuit gf180mcu_fd_sc_mcu7t5v0__buf_16 contains no devices.

Contents of circuit 1:  Circuit: 'gf180mcu_fd_sc_mcu7t5v0__oai32_2'
Circuit gf180mcu_fd_sc_mcu7t5v0__oai32_2 contains 0 device instances.
Circuit contains 0 nets, and 10 disconnected pins.
Contents of circuit 2:  Circuit: 'gf180mcu_fd_sc_mcu7t5v0__oai32_2'
Circuit gf180mcu_fd_sc_mcu7t5v0__oai32_2 contains 0 device instances.
Circuit contains 0 nets.

Circuit gf180mcu_fd_sc_mcu7t5v0__oai32_2 contains no devices.

Contents of circuit 1:  Circuit: 'gf180mcu_fd_sc_mcu7t5v0__xor2_2'
Circuit gf180mcu_fd_sc_mcu7t5v0__xor2_2 contains 0 device instances.
Circuit contains 0 nets, and 7 disconnected pins.
Contents of circuit 2:  Circuit: 'gf180mcu_fd_sc_mcu7t5v0__xor2_2'
Circuit gf180mcu_fd_sc_mcu7t5v0__xor2_2 contains 0 device instances.
Circuit contains 0 nets.

Circuit gf180mcu_fd_sc_mcu7t5v0__xor2_2 contains no devices.

Contents of circuit 1:  Circuit: 'gf180mcu_fd_sc_mcu7t5v0__and2_4'
Circuit gf180mcu_fd_sc_mcu7t5v0__and2_4 contains 0 device instances.
Circuit contains 0 nets, and 7 disconnected pins.
Contents of circuit 2:  Circuit: 'gf180mcu_fd_sc_mcu7t5v0__and2_4'
Circuit gf180mcu_fd_sc_mcu7t5v0__and2_4 contains 0 device instances.
Circuit contains 0 nets.

Circuit gf180mcu_fd_sc_mcu7t5v0__and2_4 contains no devices.

Contents of circuit 1:  Circuit: 'gf180mcu_fd_sc_mcu7t5v0__xnor3_4'
Circuit gf180mcu_fd_sc_mcu7t5v0__xnor3_4 contains 0 device instances.
Circuit contains 0 nets, and 8 disconnected pins.
Contents of circuit 2:  Circuit: 'gf180mcu_fd_sc_mcu7t5v0__xnor3_4'
Circuit gf180mcu_fd_sc_mcu7t5v0__xnor3_4 contains 0 device instances.
Circuit contains 0 nets.

Circuit gf180mcu_fd_sc_mcu7t5v0__xnor3_4 contains no devices.

Contents of circuit 1:  Circuit: 'gf180mcu_fd_sc_mcu7t5v0__mux2_2'
Circuit gf180mcu_fd_sc_mcu7t5v0__mux2_2 contains 0 device instances.
Circuit contains 0 nets, and 8 disconnected pins.
Contents of circuit 2:  Circuit: 'gf180mcu_fd_sc_mcu7t5v0__mux2_2'
Circuit gf180mcu_fd_sc_mcu7t5v0__mux2_2 contains 0 device instances.
Circuit contains 0 nets.

Circuit gf180mcu_fd_sc_mcu7t5v0__mux2_2 contains no devices.

Contents of circuit 1:  Circuit: 'gf180mcu_fd_sc_mcu7t5v0__buf_20'
Circuit gf180mcu_fd_sc_mcu7t5v0__buf_20 contains 0 device instances.
Circuit contains 0 nets, and 6 disconnected pins.
Contents of circuit 2:  Circuit: 'gf180mcu_fd_sc_mcu7t5v0__buf_20'
Circuit gf180mcu_fd_sc_mcu7t5v0__buf_20 contains 0 device instances.
Circuit contains 0 nets.

Circuit gf180mcu_fd_sc_mcu7t5v0__buf_20 contains no devices.

Contents of circuit 1:  Circuit: 'gf180mcu_fd_sc_mcu7t5v0__xor2_4'
Circuit gf180mcu_fd_sc_mcu7t5v0__xor2_4 contains 0 device instances.
Circuit contains 0 nets, and 7 disconnected pins.
Contents of circuit 2:  Circuit: 'gf180mcu_fd_sc_mcu7t5v0__xor2_4'
Circuit gf180mcu_fd_sc_mcu7t5v0__xor2_4 contains 0 device instances.
Circuit contains 0 nets.

Circuit gf180mcu_fd_sc_mcu7t5v0__xor2_4 contains no devices.

Contents of circuit 1:  Circuit: 'gf180mcu_fd_sc_mcu7t5v0__nor4_4'
Circuit gf180mcu_fd_sc_mcu7t5v0__nor4_4 contains 0 device instances.
Circuit contains 0 nets, and 9 disconnected pins.
Contents of circuit 2:  Circuit: 'gf180mcu_fd_sc_mcu7t5v0__nor4_4'
Circuit gf180mcu_fd_sc_mcu7t5v0__nor4_4 contains 0 device instances.
Circuit contains 0 nets.

Circuit gf180mcu_fd_sc_mcu7t5v0__nor4_4 contains no devices.

Contents of circuit 1:  Circuit: 'gf180mcu_fd_sc_mcu7t5v0__and2_2'
Circuit gf180mcu_fd_sc_mcu7t5v0__and2_2 contains 0 device instances.
Circuit contains 0 nets, and 7 disconnected pins.
Contents of circuit 2:  Circuit: 'gf180mcu_fd_sc_mcu7t5v0__and2_2'
Circuit gf180mcu_fd_sc_mcu7t5v0__and2_2 contains 0 device instances.
Circuit contains 0 nets.

Circuit gf180mcu_fd_sc_mcu7t5v0__and2_2 contains no devices.

Contents of circuit 1:  Circuit: 'gf180mcu_fd_sc_mcu7t5v0__dffrnq_4'
Circuit gf180mcu_fd_sc_mcu7t5v0__dffrnq_4 contains 0 device instances.
Circuit contains 0 nets, and 8 disconnected pins.
Contents of circuit 2:  Circuit: 'gf180mcu_fd_sc_mcu7t5v0__dffrnq_4'
Circuit gf180mcu_fd_sc_mcu7t5v0__dffrnq_4 contains 0 device instances.
Circuit contains 0 nets.

Circuit gf180mcu_fd_sc_mcu7t5v0__dffrnq_4 contains no devices.

Contents of circuit 1:  Circuit: 'gf180mcu_fd_sc_mcu7t5v0__clkbuf_2'
Circuit gf180mcu_fd_sc_mcu7t5v0__clkbuf_2 contains 0 device instances.
Circuit contains 0 nets, and 6 disconnected pins.
Contents of circuit 2:  Circuit: 'gf180mcu_fd_sc_mcu7t5v0__clkbuf_2'
Circuit gf180mcu_fd_sc_mcu7t5v0__clkbuf_2 contains 0 device instances.
Circuit contains 0 nets.

Circuit gf180mcu_fd_sc_mcu7t5v0__clkbuf_2 contains no devices.

Contents of circuit 1:  Circuit: 'gf180mcu_fd_sc_mcu7t5v0__buf_2'
Circuit gf180mcu_fd_sc_mcu7t5v0__buf_2 contains 0 device instances.
Circuit contains 0 nets, and 6 disconnected pins.
Contents of circuit 2:  Circuit: 'gf180mcu_fd_sc_mcu7t5v0__buf_2'
Circuit gf180mcu_fd_sc_mcu7t5v0__buf_2 contains 0 device instances.
Circuit contains 0 nets.

Circuit gf180mcu_fd_sc_mcu7t5v0__buf_2 contains no devices.

Contents of circuit 1:  Circuit: 'gf180mcu_fd_sc_mcu7t5v0__oai31_2'
Circuit gf180mcu_fd_sc_mcu7t5v0__oai31_2 contains 0 device instances.
Circuit contains 0 nets, and 9 disconnected pins.
Contents of circuit 2:  Circuit: 'gf180mcu_fd_sc_mcu7t5v0__oai31_2'
Circuit gf180mcu_fd_sc_mcu7t5v0__oai31_2 contains 0 device instances.
Circuit contains 0 nets.

Circuit gf180mcu_fd_sc_mcu7t5v0__oai31_2 contains no devices.

Contents of circuit 1:  Circuit: 'gf180mcu_fd_sc_mcu7t5v0__inv_2'
Circuit gf180mcu_fd_sc_mcu7t5v0__inv_2 contains 0 device instances.
Circuit contains 0 nets, and 6 disconnected pins.
Contents of circuit 2:  Circuit: 'gf180mcu_fd_sc_mcu7t5v0__inv_2'
Circuit gf180mcu_fd_sc_mcu7t5v0__inv_2 contains 0 device instances.
Circuit contains 0 nets.

Circuit gf180mcu_fd_sc_mcu7t5v0__inv_2 contains no devices.

Contents of circuit 1:  Circuit: 'gf180mcu_fd_sc_mcu7t5v0__oai211_1'
Circuit gf180mcu_fd_sc_mcu7t5v0__oai211_1 contains 0 device instances.
Circuit contains 0 nets, and 9 disconnected pins.
Contents of circuit 2:  Circuit: 'gf180mcu_fd_sc_mcu7t5v0__oai211_1'
Circuit gf180mcu_fd_sc_mcu7t5v0__oai211_1 contains 0 device instances.
Circuit contains 0 nets.

Circuit gf180mcu_fd_sc_mcu7t5v0__oai211_1 contains no devices.

Contents of circuit 1:  Circuit: 'gf180mcu_fd_sc_mcu7t5v0__nand3_4'
Circuit gf180mcu_fd_sc_mcu7t5v0__nand3_4 contains 0 device instances.
Circuit contains 0 nets, and 8 disconnected pins.
Contents of circuit 2:  Circuit: 'gf180mcu_fd_sc_mcu7t5v0__nand3_4'
Circuit gf180mcu_fd_sc_mcu7t5v0__nand3_4 contains 0 device instances.
Circuit contains 0 nets.

Circuit gf180mcu_fd_sc_mcu7t5v0__nand3_4 contains no devices.

Contents of circuit 1:  Circuit: 'gf180mcu_fd_sc_mcu7t5v0__aoi221_4'
Circuit gf180mcu_fd_sc_mcu7t5v0__aoi221_4 contains 0 device instances.
Circuit contains 0 nets, and 10 disconnected pins.
Contents of circuit 2:  Circuit: 'gf180mcu_fd_sc_mcu7t5v0__aoi221_4'
Circuit gf180mcu_fd_sc_mcu7t5v0__aoi221_4 contains 0 device instances.
Circuit contains 0 nets.

Circuit gf180mcu_fd_sc_mcu7t5v0__aoi221_4 contains no devices.

Contents of circuit 1:  Circuit: 'gf180mcu_fd_sc_mcu7t5v0__inv_1'
Circuit gf180mcu_fd_sc_mcu7t5v0__inv_1 contains 0 device instances.
Circuit contains 0 nets, and 6 disconnected pins.
Contents of circuit 2:  Circuit: 'gf180mcu_fd_sc_mcu7t5v0__inv_1'
Circuit gf180mcu_fd_sc_mcu7t5v0__inv_1 contains 0 device instances.
Circuit contains 0 nets.

Circuit gf180mcu_fd_sc_mcu7t5v0__inv_1 contains no devices.

Contents of circuit 1:  Circuit: 'gf180mcu_fd_sc_mcu7t5v0__and3_4'
Circuit gf180mcu_fd_sc_mcu7t5v0__and3_4 contains 0 device instances.
Circuit contains 0 nets, and 8 disconnected pins.
Contents of circuit 2:  Circuit: 'gf180mcu_fd_sc_mcu7t5v0__and3_4'
Circuit gf180mcu_fd_sc_mcu7t5v0__and3_4 contains 0 device instances.
Circuit contains 0 nets.

Circuit gf180mcu_fd_sc_mcu7t5v0__and3_4 contains no devices.

Contents of circuit 1:  Circuit: 'gf180mcu_fd_sc_mcu7t5v0__nor4_1'
Circuit gf180mcu_fd_sc_mcu7t5v0__nor4_1 contains 0 device instances.
Circuit contains 0 nets, and 9 disconnected pins.
Contents of circuit 2:  Circuit: 'gf180mcu_fd_sc_mcu7t5v0__nor4_1'
Circuit gf180mcu_fd_sc_mcu7t5v0__nor4_1 contains 0 device instances.
Circuit contains 0 nets.

Circuit gf180mcu_fd_sc_mcu7t5v0__nor4_1 contains no devices.

Contents of circuit 1:  Circuit: 'gf180mcu_fd_sc_mcu7t5v0__nand4_4'
Circuit gf180mcu_fd_sc_mcu7t5v0__nand4_4 contains 0 device instances.
Circuit contains 0 nets, and 9 disconnected pins.
Contents of circuit 2:  Circuit: 'gf180mcu_fd_sc_mcu7t5v0__nand4_4'
Circuit gf180mcu_fd_sc_mcu7t5v0__nand4_4 contains 0 device instances.
Circuit contains 0 nets.

Circuit gf180mcu_fd_sc_mcu7t5v0__nand4_4 contains no devices.

Contents of circuit 1:  Circuit: 'gf180mcu_fd_sc_mcu7t5v0__aoi211_2'
Circuit gf180mcu_fd_sc_mcu7t5v0__aoi211_2 contains 0 device instances.
Circuit contains 0 nets, and 9 disconnected pins.
Contents of circuit 2:  Circuit: 'gf180mcu_fd_sc_mcu7t5v0__aoi211_2'
Circuit gf180mcu_fd_sc_mcu7t5v0__aoi211_2 contains 0 device instances.
Circuit contains 0 nets.

Circuit gf180mcu_fd_sc_mcu7t5v0__aoi211_2 contains no devices.

Contents of circuit 1:  Circuit: 'Markov_Chain_Accelerator'
Circuit Markov_Chain_Accelerator contains 24111 device instances.
  Class: gf180mcu_fd_sc_mcu7t5v0__nand3_1 instances:  78
  Class: gf180mcu_fd_sc_mcu7t5v0__nand3_2 instances:  10
  Class: gf180mcu_fd_sc_mcu7t5v0__nand3_4 instances:   4
  Class: gf180mcu_fd_sc_mcu7t5v0__oai221_1 instances: 573
  Class: gf180mcu_fd_sc_mcu7t5v0__oai221_2 instances:   3
  Class: gf180mcu_fd_sc_mcu7t5v0__dlyb_1 instances:   2
  Class: gf180mcu_fd_sc_mcu7t5v0__buf_12 instances:  13
  Class: gf180mcu_fd_sc_mcu7t5v0__buf_16 instances:   1
  Class: gf180mcu_fd_sc_mcu7t5v0__and3_1 instances:  22
  Class: gf180mcu_fd_sc_mcu7t5v0__and3_2 instances:  11
  Class: gf180mcu_fd_sc_mcu7t5v0__and3_4 instances:   3
  Class: gf180mcu_fd_sc_mcu7t5v0__dffrnq_1 instances: 769
  Class: gf180mcu_fd_sc_mcu7t5v0__dffrnq_2 instances:  33
  Class: gf180mcu_fd_sc_mcu7t5v0__dffrnq_4 instances:   3
  Class: gf180mcu_fd_sc_mcu7t5v0__nand2_1 instances: 1283
  Class: gf180mcu_fd_sc_mcu7t5v0__nand2_2 instances:   3
  Class: gf180mcu_fd_sc_mcu7t5v0__nand2_4 instances:  38
  Class: gf180mcu_fd_sc_mcu7t5v0__oai32_2 instances:   1
  Class: gf180mcu_fd_sc_mcu7t5v0__oai211_1 instances:   1
  Class: gf180mcu_fd_sc_mcu7t5v0__aoi22_1 instances:  67
  Class: gf180mcu_fd_sc_mcu7t5v0__aoi221_4 instances:   1
  Class: gf180mcu_fd_sc_mcu7t5v0__dlya_2 instances:   2
  Class: gf180mcu_fd_sc_mcu7t5v0__clkbuf_1 instances:  30
  Class: gf180mcu_fd_sc_mcu7t5v0__clkbuf_2 instances:   1
  Class: gf180mcu_fd_sc_mcu7t5v0__mux2_1 instances: 393
  Class: gf180mcu_fd_sc_mcu7t5v0__mux2_2 instances:   3
  Class: gf180mcu_fd_sc_mcu7t5v0__clkbuf_3 instances:   3
  Class: gf180mcu_fd_sc_mcu7t5v0__clkbuf_4 instances:   2
  Class: gf180mcu_fd_sc_mcu7t5v0__clkbuf_8 instances:  19
  Class: gf180mcu_fd_sc_mcu7t5v0__and2_1 instances: 654
  Class: gf180mcu_fd_sc_mcu7t5v0__and2_2 instances:   3
  Class: gf180mcu_fd_sc_mcu7t5v0__and2_4 instances:   5
  Class: gf180mcu_fd_sc_mcu7t5v0__nor4_1 instances:   1
  Class: gf180mcu_fd_sc_mcu7t5v0__nor4_2 instances:  65
  Class: gf180mcu_fd_sc_mcu7t5v0__nor4_4 instances:   2
  Class: gf180mcu_fd_sc_mcu7t5v0__or4_1 instances:  16
  Class: gf180mcu_fd_sc_mcu7t5v0__oai31_1 instances:  86
  Class: gf180mcu_fd_sc_mcu7t5v0__clkinv_1 instances: 2863
  Class: gf180mcu_fd_sc_mcu7t5v0__oai31_2 instances:   1
  Class: gf180mcu_fd_sc_mcu7t5v0__clkinv_2 instances:  51
  Class: gf180mcu_fd_sc_mcu7t5v0__oai22_1 instances:  32
  Class: gf180mcu_fd_sc_mcu7t5v0__clkinv_3 instances:   3
  Class: gf180mcu_fd_sc_mcu7t5v0__clkinv_4 instances:  20
  Class: gf180mcu_fd_sc_mcu7t5v0__buf_1 instances:   2
  Class: gf180mcu_fd_sc_mcu7t5v0__buf_2 instances:   2
  Class: gf180mcu_fd_sc_mcu7t5v0__clkinv_8 instances:  16
  Class: gf180mcu_fd_sc_mcu7t5v0__buf_3 instances:   2
  Class: gf180mcu_fd_sc_mcu7t5v0__buf_4 instances:  13
  Class: gf180mcu_fd_sc_mcu7t5v0__buf_8 instances:  23
  Class: gf180mcu_fd_sc_mcu7t5v0__clkbuf_12 instances:   9
  Class: gf180mcu_fd_sc_mcu7t5v0__clkbuf_16 instances: 206
  Class: gf180mcu_fd_sc_mcu7t5v0__aoi21_1 instances: 402
  Class: gf180mcu_fd_sc_mcu7t5v0__aoi21_2 instances:  31
  Class: gf180mcu_fd_sc_mcu7t5v0__tieh instances: 648
  Class: gf180mcu_fd_sc_mcu7t5v0__aoi211_1 instances:  65
  Class: gf180mcu_fd_sc_mcu7t5v0__aoi211_2 instances:   1
  Class: gf180mcu_fd_sc_mcu7t5v0__tiel instances: 744
  Class: gf180mcu_fd_sc_mcu7t5v0__dffrsnq_1 instances: 372
  Class: gf180mcu_fd_sc_mcu7t5v0__dffrsnq_2 instances:  12
  Class: gf180mcu_fd_sc_mcu7t5v0__inv_1 instances:   2
  Class: gf180mcu_fd_sc_mcu7t5v0__inv_2 instances:   2
  Class: gf180mcu_fd_sc_mcu7t5v0__inv_3 instances:  13
  Class: gf180mcu_fd_sc_mcu7t5v0__xnor3_1 instances:   8
  Class: gf180mcu_fd_sc_mcu7t5v0__xnor3_4 instances:   2
  Class: gf180mcu_fd_sc_mcu7t5v0__nor3_1 instances:  55
  Class: gf180mcu_fd_sc_mcu7t5v0__oai21_1 instances: 409
  Class: gf180mcu_fd_sc_mcu7t5v0__oai21_2 instances:  34
  Class: gf180mcu_fd_sc_mcu7t5v0__fillcap_4 instances: 3298
  Class: gf180mcu_fd_sc_mcu7t5v0__fillcap_8 instances: 2026
  Class: gf180mcu_fd_sc_mcu7t5v0__fillcap_64 instances: 126
  Class: gf180mcu_fd_sc_mcu7t5v0__fillcap_16 instances: 935
  Class: gf180mcu_fd_sc_mcu7t5v0__xor3_1 instances: 216
  Class: gf180mcu_fd_sc_mcu7t5v0__xor3_2 instances:  10
  Class: gf180mcu_fd_sc_mcu7t5v0__xor3_4 instances:   2
  Class: gf180mcu_fd_sc_mcu7t5v0__buf_20 instances:   1
  Class: gf180mcu_fd_sc_mcu7t5v0__xnor2_1 instances:  31
  Class: gf180mcu_fd_sc_mcu7t5v0__xnor2_4 instances:  49
  Class: gf180mcu_fd_sc_mcu7t5v0__nor2_1 instances: 736
  Class: gf180mcu_fd_sc_mcu7t5v0__nor2_2 instances:  61
  Class: gf180mcu_fd_sc_mcu7t5v0__nor2_4 instances:  18
  Class: gf180mcu_fd_sc_mcu7t5v0__antenna instances: 5119
  Class: gf180mcu_fd_sc_mcu7t5v0__nand4_1 instances:   1
  Class: gf180mcu_fd_sc_mcu7t5v0__nand4_2 instances:  18
  Class: gf180mcu_fd_sc_mcu7t5v0__nand4_4 instances:   1
  Class: gf180mcu_fd_sc_mcu7t5v0__or2_1 instances: 396
  Class: gf180mcu_fd_sc_mcu7t5v0__or2_2 instances:  17
  Class: gf180mcu_fd_sc_mcu7t5v0__or2_4 instances:  48
  Class: gf180mcu_fd_sc_mcu7t5v0__fillcap_32 instances: 277
  Class: gf180mcu_fd_sc_mcu7t5v0__xor2_1 instances: 419
  Class: gf180mcu_fd_sc_mcu7t5v0__xor2_2 instances:   5
  Class: gf180mcu_fd_sc_mcu7t5v0__xor2_4 instances:   3
  Class: gf180mcu_fd_sc_mcu7t5v0__and4_1 instances:  34
  Class: gf180mcu_fd_sc_mcu7t5v0__and4_2 instances:  17
Circuit contains 12341 nets.
Contents of circuit 2:  Circuit: 'Markov_Chain_Accelerator'
Circuit Markov_Chain_Accelerator contains 24111 device instances.
  Class: gf180mcu_fd_sc_mcu7t5v0__nand3_1 instances:  78
  Class: gf180mcu_fd_sc_mcu7t5v0__nand3_2 instances:  10
  Class: gf180mcu_fd_sc_mcu7t5v0__nand3_4 instances:   4
  Class: gf180mcu_fd_sc_mcu7t5v0__oai221_1 instances: 573
  Class: gf180mcu_fd_sc_mcu7t5v0__oai221_2 instances:   3
  Class: gf180mcu_fd_sc_mcu7t5v0__dlyb_1 instances:   2
  Class: gf180mcu_fd_sc_mcu7t5v0__buf_12 instances:  13
  Class: gf180mcu_fd_sc_mcu7t5v0__buf_16 instances:   1
  Class: gf180mcu_fd_sc_mcu7t5v0__and3_1 instances:  22
  Class: gf180mcu_fd_sc_mcu7t5v0__and3_2 instances:  11
  Class: gf180mcu_fd_sc_mcu7t5v0__and3_4 instances:   3
  Class: gf180mcu_fd_sc_mcu7t5v0__dffrnq_1 instances: 769
  Class: gf180mcu_fd_sc_mcu7t5v0__dffrnq_2 instances:  33
  Class: gf180mcu_fd_sc_mcu7t5v0__dffrnq_4 instances:   3
  Class: gf180mcu_fd_sc_mcu7t5v0__nand2_1 instances: 1283
  Class: gf180mcu_fd_sc_mcu7t5v0__nand2_2 instances:   3
  Class: gf180mcu_fd_sc_mcu7t5v0__nand2_4 instances:  38
  Class: gf180mcu_fd_sc_mcu7t5v0__oai32_2 instances:   1
  Class: gf180mcu_fd_sc_mcu7t5v0__oai211_1 instances:   1
  Class: gf180mcu_fd_sc_mcu7t5v0__aoi22_1 instances:  67
  Class: gf180mcu_fd_sc_mcu7t5v0__dlya_2 instances:   2
  Class: gf180mcu_fd_sc_mcu7t5v0__aoi221_4 instances:   1
  Class: gf180mcu_fd_sc_mcu7t5v0__clkbuf_1 instances:  30
  Class: gf180mcu_fd_sc_mcu7t5v0__clkbuf_2 instances:   1
  Class: gf180mcu_fd_sc_mcu7t5v0__mux2_1 instances: 393
  Class: gf180mcu_fd_sc_mcu7t5v0__mux2_2 instances:   3
  Class: gf180mcu_fd_sc_mcu7t5v0__clkbuf_3 instances:   3
  Class: gf180mcu_fd_sc_mcu7t5v0__clkbuf_4 instances:   2
  Class: gf180mcu_fd_sc_mcu7t5v0__clkbuf_8 instances:  19
  Class: gf180mcu_fd_sc_mcu7t5v0__and2_1 instances: 654
  Class: gf180mcu_fd_sc_mcu7t5v0__and2_2 instances:   3
  Class: gf180mcu_fd_sc_mcu7t5v0__and2_4 instances:   5
  Class: gf180mcu_fd_sc_mcu7t5v0__nor4_1 instances:   1
  Class: gf180mcu_fd_sc_mcu7t5v0__nor4_2 instances:  65
  Class: gf180mcu_fd_sc_mcu7t5v0__nor4_4 instances:   2
  Class: gf180mcu_fd_sc_mcu7t5v0__or4_1 instances:  16
  Class: gf180mcu_fd_sc_mcu7t5v0__oai31_1 instances:  86
  Class: gf180mcu_fd_sc_mcu7t5v0__clkinv_1 instances: 2863
  Class: gf180mcu_fd_sc_mcu7t5v0__clkinv_2 instances:  51
  Class: gf180mcu_fd_sc_mcu7t5v0__oai31_2 instances:   1
  Class: gf180mcu_fd_sc_mcu7t5v0__oai22_1 instances:  32
  Class: gf180mcu_fd_sc_mcu7t5v0__clkinv_3 instances:   3
  Class: gf180mcu_fd_sc_mcu7t5v0__clkinv_4 instances:  20
  Class: gf180mcu_fd_sc_mcu7t5v0__buf_1 instances:   2
  Class: gf180mcu_fd_sc_mcu7t5v0__buf_2 instances:   2
  Class: gf180mcu_fd_sc_mcu7t5v0__clkinv_8 instances:  16
  Class: gf180mcu_fd_sc_mcu7t5v0__buf_3 instances:   2
  Class: gf180mcu_fd_sc_mcu7t5v0__buf_4 instances:  13
  Class: gf180mcu_fd_sc_mcu7t5v0__buf_8 instances:  23
  Class: gf180mcu_fd_sc_mcu7t5v0__clkbuf_12 instances:   9
  Class: gf180mcu_fd_sc_mcu7t5v0__clkbuf_16 instances: 206
  Class: gf180mcu_fd_sc_mcu7t5v0__aoi21_1 instances: 402
  Class: gf180mcu_fd_sc_mcu7t5v0__aoi21_2 instances:  31
  Class: gf180mcu_fd_sc_mcu7t5v0__tieh instances: 648
  Class: gf180mcu_fd_sc_mcu7t5v0__aoi211_1 instances:  65
  Class: gf180mcu_fd_sc_mcu7t5v0__aoi211_2 instances:   1
  Class: gf180mcu_fd_sc_mcu7t5v0__tiel instances: 744
  Class: gf180mcu_fd_sc_mcu7t5v0__dffrsnq_1 instances: 372
  Class: gf180mcu_fd_sc_mcu7t5v0__dffrsnq_2 instances:  12
  Class: gf180mcu_fd_sc_mcu7t5v0__inv_1 instances:   2
  Class: gf180mcu_fd_sc_mcu7t5v0__inv_2 instances:   2
  Class: gf180mcu_fd_sc_mcu7t5v0__inv_3 instances:  13
  Class: gf180mcu_fd_sc_mcu7t5v0__xnor3_1 instances:   8
  Class: gf180mcu_fd_sc_mcu7t5v0__xnor3_4 instances:   2
  Class: gf180mcu_fd_sc_mcu7t5v0__nor3_1 instances:  55
  Class: gf180mcu_fd_sc_mcu7t5v0__oai21_1 instances: 409
  Class: gf180mcu_fd_sc_mcu7t5v0__oai21_2 instances:  34
  Class: gf180mcu_fd_sc_mcu7t5v0__fillcap_4 instances: 3298
  Class: gf180mcu_fd_sc_mcu7t5v0__fillcap_8 instances: 2026
  Class: gf180mcu_fd_sc_mcu7t5v0__fillcap_64 instances: 126
  Class: gf180mcu_fd_sc_mcu7t5v0__fillcap_16 instances: 935
  Class: gf180mcu_fd_sc_mcu7t5v0__xor3_1 instances: 216
  Class: gf180mcu_fd_sc_mcu7t5v0__xor3_2 instances:  10
  Class: gf180mcu_fd_sc_mcu7t5v0__xor3_4 instances:   2
  Class: gf180mcu_fd_sc_mcu7t5v0__buf_20 instances:   1
  Class: gf180mcu_fd_sc_mcu7t5v0__xnor2_1 instances:  31
  Class: gf180mcu_fd_sc_mcu7t5v0__xnor2_4 instances:  49
  Class: gf180mcu_fd_sc_mcu7t5v0__nor2_1 instances: 736
  Class: gf180mcu_fd_sc_mcu7t5v0__nor2_2 instances:  61
  Class: gf180mcu_fd_sc_mcu7t5v0__nor2_4 instances:  18
  Class: gf180mcu_fd_sc_mcu7t5v0__antenna instances: 5119
  Class: gf180mcu_fd_sc_mcu7t5v0__nand4_1 instances:   1
  Class: gf180mcu_fd_sc_mcu7t5v0__nand4_2 instances:  18
  Class: gf180mcu_fd_sc_mcu7t5v0__nand4_4 instances:   1
  Class: gf180mcu_fd_sc_mcu7t5v0__or2_1 instances: 396
  Class: gf180mcu_fd_sc_mcu7t5v0__or2_2 instances:  17
  Class: gf180mcu_fd_sc_mcu7t5v0__or2_4 instances:  48
  Class: gf180mcu_fd_sc_mcu7t5v0__fillcap_32 instances: 277
  Class: gf180mcu_fd_sc_mcu7t5v0__xor2_1 instances: 419
  Class: gf180mcu_fd_sc_mcu7t5v0__xor2_2 instances:   5
  Class: gf180mcu_fd_sc_mcu7t5v0__xor2_4 instances:   3
  Class: gf180mcu_fd_sc_mcu7t5v0__and4_1 instances:  34
  Class: gf180mcu_fd_sc_mcu7t5v0__and4_2 instances:  17
Circuit contains 12341 nets.

Circuit was modified by parallel/series device merging.
New circuit summary:

Contents of circuit 1:  Circuit: 'Markov_Chain_Accelerator'
Circuit Markov_Chain_Accelerator contains 12805 device instances.
  Class: gf180mcu_fd_sc_mcu7t5v0__nand3_1 instances:  78
  Class: gf180mcu_fd_sc_mcu7t5v0__nand3_2 instances:  10
  Class: gf180mcu_fd_sc_mcu7t5v0__nand3_4 instances:   4
  Class: gf180mcu_fd_sc_mcu7t5v0__oai221_1 instances: 573
  Class: gf180mcu_fd_sc_mcu7t5v0__oai221_2 instances:   3
  Class: gf180mcu_fd_sc_mcu7t5v0__dlyb_1 instances:   2
  Class: gf180mcu_fd_sc_mcu7t5v0__buf_12 instances:  13
  Class: gf180mcu_fd_sc_mcu7t5v0__buf_16 instances:   1
  Class: gf180mcu_fd_sc_mcu7t5v0__and3_1 instances:  22
  Class: gf180mcu_fd_sc_mcu7t5v0__and3_2 instances:  11
  Class: gf180mcu_fd_sc_mcu7t5v0__and3_4 instances:   3
  Class: gf180mcu_fd_sc_mcu7t5v0__dffrnq_1 instances: 769
  Class: gf180mcu_fd_sc_mcu7t5v0__dffrnq_2 instances:  33
  Class: gf180mcu_fd_sc_mcu7t5v0__dffrnq_4 instances:   3
  Class: gf180mcu_fd_sc_mcu7t5v0__nand2_1 instances: 1283
  Class: gf180mcu_fd_sc_mcu7t5v0__nand2_2 instances:   3
  Class: gf180mcu_fd_sc_mcu7t5v0__nand2_4 instances:  38
  Class: gf180mcu_fd_sc_mcu7t5v0__oai32_2 instances:   1
  Class: gf180mcu_fd_sc_mcu7t5v0__oai211_1 instances:   1
  Class: gf180mcu_fd_sc_mcu7t5v0__aoi22_1 instances:  67
  Class: gf180mcu_fd_sc_mcu7t5v0__aoi221_4 instances:   1
  Class: gf180mcu_fd_sc_mcu7t5v0__dlya_2 instances:   2
  Class: gf180mcu_fd_sc_mcu7t5v0__clkbuf_1 instances:  30
  Class: gf180mcu_fd_sc_mcu7t5v0__clkbuf_2 instances:   1
  Class: gf180mcu_fd_sc_mcu7t5v0__mux2_1 instances: 393
  Class: gf180mcu_fd_sc_mcu7t5v0__mux2_2 instances:   3
  Class: gf180mcu_fd_sc_mcu7t5v0__clkbuf_3 instances:   3
  Class: gf180mcu_fd_sc_mcu7t5v0__clkbuf_4 instances:   2
  Class: gf180mcu_fd_sc_mcu7t5v0__clkbuf_8 instances:  19
  Class: gf180mcu_fd_sc_mcu7t5v0__and2_1 instances: 654
  Class: gf180mcu_fd_sc_mcu7t5v0__and2_2 instances:   3
  Class: gf180mcu_fd_sc_mcu7t5v0__and2_4 instances:   5
  Class: gf180mcu_fd_sc_mcu7t5v0__nor4_1 instances:   1
  Class: gf180mcu_fd_sc_mcu7t5v0__nor4_2 instances:  65
  Class: gf180mcu_fd_sc_mcu7t5v0__nor4_4 instances:   2
  Class: gf180mcu_fd_sc_mcu7t5v0__or4_1 instances:  16
  Class: gf180mcu_fd_sc_mcu7t5v0__oai31_1 instances:  86
  Class: gf180mcu_fd_sc_mcu7t5v0__clkinv_1 instances: 2863
  Class: gf180mcu_fd_sc_mcu7t5v0__oai31_2 instances:   1
  Class: gf180mcu_fd_sc_mcu7t5v0__clkinv_2 instances:  51
  Class: gf180mcu_fd_sc_mcu7t5v0__oai22_1 instances:  32
  Class: gf180mcu_fd_sc_mcu7t5v0__clkinv_3 instances:   3
  Class: gf180mcu_fd_sc_mcu7t5v0__clkinv_4 instances:  20
  Class: gf180mcu_fd_sc_mcu7t5v0__buf_1 instances:   2
  Class: gf180mcu_fd_sc_mcu7t5v0__buf_2 instances:   2
  Class: gf180mcu_fd_sc_mcu7t5v0__clkinv_8 instances:  16
  Class: gf180mcu_fd_sc_mcu7t5v0__buf_3 instances:   2
  Class: gf180mcu_fd_sc_mcu7t5v0__buf_4 instances:  13
  Class: gf180mcu_fd_sc_mcu7t5v0__buf_8 instances:  23
  Class: gf180mcu_fd_sc_mcu7t5v0__clkbuf_12 instances:   9
  Class: gf180mcu_fd_sc_mcu7t5v0__clkbuf_16 instances: 206
  Class: gf180mcu_fd_sc_mcu7t5v0__aoi21_1 instances: 402
  Class: gf180mcu_fd_sc_mcu7t5v0__aoi21_2 instances:  31
  Class: gf180mcu_fd_sc_mcu7t5v0__tieh instances: 648
  Class: gf180mcu_fd_sc_mcu7t5v0__aoi211_1 instances:  65
  Class: gf180mcu_fd_sc_mcu7t5v0__aoi211_2 instances:   1
  Class: gf180mcu_fd_sc_mcu7t5v0__tiel instances: 744
  Class: gf180mcu_fd_sc_mcu7t5v0__dffrsnq_1 instances: 372
  Class: gf180mcu_fd_sc_mcu7t5v0__dffrsnq_2 instances:  12
  Class: gf180mcu_fd_sc_mcu7t5v0__inv_1 instances:   2
  Class: gf180mcu_fd_sc_mcu7t5v0__inv_2 instances:   2
  Class: gf180mcu_fd_sc_mcu7t5v0__inv_3 instances:  13
  Class: gf180mcu_fd_sc_mcu7t5v0__xnor3_1 instances:   8
  Class: gf180mcu_fd_sc_mcu7t5v0__xnor3_4 instances:   2
  Class: gf180mcu_fd_sc_mcu7t5v0__nor3_1 instances:  55
  Class: gf180mcu_fd_sc_mcu7t5v0__oai21_1 instances: 409
  Class: gf180mcu_fd_sc_mcu7t5v0__oai21_2 instances:  34
  Class: gf180mcu_fd_sc_mcu7t5v0__fillcap_4 instances:   1
  Class: gf180mcu_fd_sc_mcu7t5v0__fillcap_8 instances:   1
  Class: gf180mcu_fd_sc_mcu7t5v0__fillcap_64 instances:   1
  Class: gf180mcu_fd_sc_mcu7t5v0__fillcap_16 instances:   1
  Class: gf180mcu_fd_sc_mcu7t5v0__xor3_1 instances: 216
  Class: gf180mcu_fd_sc_mcu7t5v0__xor3_2 instances:  10
  Class: gf180mcu_fd_sc_mcu7t5v0__xor3_4 instances:   2
  Class: gf180mcu_fd_sc_mcu7t5v0__buf_20 instances:   1
  Class: gf180mcu_fd_sc_mcu7t5v0__xnor2_1 instances:  31
  Class: gf180mcu_fd_sc_mcu7t5v0__xnor2_4 instances:  49
  Class: gf180mcu_fd_sc_mcu7t5v0__nor2_1 instances: 736
  Class: gf180mcu_fd_sc_mcu7t5v0__nor2_2 instances:  61
  Class: gf180mcu_fd_sc_mcu7t5v0__nor2_4 instances:  18
  Class: gf180mcu_fd_sc_mcu7t5v0__antenna instances: 470
  Class: gf180mcu_fd_sc_mcu7t5v0__nand4_1 instances:   1
  Class: gf180mcu_fd_sc_mcu7t5v0__nand4_2 instances:  18
  Class: gf180mcu_fd_sc_mcu7t5v0__nand4_4 instances:   1
  Class: gf180mcu_fd_sc_mcu7t5v0__or2_1 instances: 396
  Class: gf180mcu_fd_sc_mcu7t5v0__or2_2 instances:  17
  Class: gf180mcu_fd_sc_mcu7t5v0__or2_4 instances:  48
  Class: gf180mcu_fd_sc_mcu7t5v0__fillcap_32 instances:   1
  Class: gf180mcu_fd_sc_mcu7t5v0__xor2_1 instances: 419
  Class: gf180mcu_fd_sc_mcu7t5v0__xor2_2 instances:   5
  Class: gf180mcu_fd_sc_mcu7t5v0__xor2_4 instances:   3
  Class: gf180mcu_fd_sc_mcu7t5v0__and4_1 instances:  34
  Class: gf180mcu_fd_sc_mcu7t5v0__and4_2 instances:  17
Circuit contains 12341 nets.
Contents of circuit 2:  Circuit: 'Markov_Chain_Accelerator'
Circuit Markov_Chain_Accelerator contains 12805 device instances.
  Class: gf180mcu_fd_sc_mcu7t5v0__nand3_1 instances:  78
  Class: gf180mcu_fd_sc_mcu7t5v0__nand3_2 instances:  10
  Class: gf180mcu_fd_sc_mcu7t5v0__nand3_4 instances:   4
  Class: gf180mcu_fd_sc_mcu7t5v0__oai221_1 instances: 573
  Class: gf180mcu_fd_sc_mcu7t5v0__oai221_2 instances:   3
  Class: gf180mcu_fd_sc_mcu7t5v0__dlyb_1 instances:   2
  Class: gf180mcu_fd_sc_mcu7t5v0__buf_12 instances:  13
  Class: gf180mcu_fd_sc_mcu7t5v0__buf_16 instances:   1
  Class: gf180mcu_fd_sc_mcu7t5v0__and3_1 instances:  22
  Class: gf180mcu_fd_sc_mcu7t5v0__and3_2 instances:  11
  Class: gf180mcu_fd_sc_mcu7t5v0__and3_4 instances:   3
  Class: gf180mcu_fd_sc_mcu7t5v0__dffrnq_1 instances: 769
  Class: gf180mcu_fd_sc_mcu7t5v0__dffrnq_2 instances:  33
  Class: gf180mcu_fd_sc_mcu7t5v0__dffrnq_4 instances:   3
  Class: gf180mcu_fd_sc_mcu7t5v0__nand2_1 instances: 1283
  Class: gf180mcu_fd_sc_mcu7t5v0__nand2_2 instances:   3
  Class: gf180mcu_fd_sc_mcu7t5v0__nand2_4 instances:  38
  Class: gf180mcu_fd_sc_mcu7t5v0__oai32_2 instances:   1
  Class: gf180mcu_fd_sc_mcu7t5v0__oai211_1 instances:   1
  Class: gf180mcu_fd_sc_mcu7t5v0__aoi22_1 instances:  67
  Class: gf180mcu_fd_sc_mcu7t5v0__dlya_2 instances:   2
  Class: gf180mcu_fd_sc_mcu7t5v0__aoi221_4 instances:   1
  Class: gf180mcu_fd_sc_mcu7t5v0__clkbuf_1 instances:  30
  Class: gf180mcu_fd_sc_mcu7t5v0__clkbuf_2 instances:   1
  Class: gf180mcu_fd_sc_mcu7t5v0__mux2_1 instances: 393
  Class: gf180mcu_fd_sc_mcu7t5v0__mux2_2 instances:   3
  Class: gf180mcu_fd_sc_mcu7t5v0__clkbuf_3 instances:   3
  Class: gf180mcu_fd_sc_mcu7t5v0__clkbuf_4 instances:   2
  Class: gf180mcu_fd_sc_mcu7t5v0__clkbuf_8 instances:  19
  Class: gf180mcu_fd_sc_mcu7t5v0__and2_1 instances: 654
  Class: gf180mcu_fd_sc_mcu7t5v0__and2_2 instances:   3
  Class: gf180mcu_fd_sc_mcu7t5v0__and2_4 instances:   5
  Class: gf180mcu_fd_sc_mcu7t5v0__nor4_1 instances:   1
  Class: gf180mcu_fd_sc_mcu7t5v0__nor4_2 instances:  65
  Class: gf180mcu_fd_sc_mcu7t5v0__nor4_4 instances:   2
  Class: gf180mcu_fd_sc_mcu7t5v0__or4_1 instances:  16
  Class: gf180mcu_fd_sc_mcu7t5v0__oai31_1 instances:  86
  Class: gf180mcu_fd_sc_mcu7t5v0__clkinv_1 instances: 2863
  Class: gf180mcu_fd_sc_mcu7t5v0__clkinv_2 instances:  51
  Class: gf180mcu_fd_sc_mcu7t5v0__oai31_2 instances:   1
  Class: gf180mcu_fd_sc_mcu7t5v0__oai22_1 instances:  32
  Class: gf180mcu_fd_sc_mcu7t5v0__clkinv_3 instances:   3
  Class: gf180mcu_fd_sc_mcu7t5v0__clkinv_4 instances:  20
  Class: gf180mcu_fd_sc_mcu7t5v0__buf_1 instances:   2
  Class: gf180mcu_fd_sc_mcu7t5v0__buf_2 instances:   2
  Class: gf180mcu_fd_sc_mcu7t5v0__clkinv_8 instances:  16
  Class: gf180mcu_fd_sc_mcu7t5v0__buf_3 instances:   2
  Class: gf180mcu_fd_sc_mcu7t5v0__buf_4 instances:  13
  Class: gf180mcu_fd_sc_mcu7t5v0__buf_8 instances:  23
  Class: gf180mcu_fd_sc_mcu7t5v0__clkbuf_12 instances:   9
  Class: gf180mcu_fd_sc_mcu7t5v0__clkbuf_16 instances: 206
  Class: gf180mcu_fd_sc_mcu7t5v0__aoi21_1 instances: 402
  Class: gf180mcu_fd_sc_mcu7t5v0__aoi21_2 instances:  31
  Class: gf180mcu_fd_sc_mcu7t5v0__tieh instances: 648
  Class: gf180mcu_fd_sc_mcu7t5v0__aoi211_1 instances:  65
  Class: gf180mcu_fd_sc_mcu7t5v0__aoi211_2 instances:   1
  Class: gf180mcu_fd_sc_mcu7t5v0__tiel instances: 744
  Class: gf180mcu_fd_sc_mcu7t5v0__dffrsnq_1 instances: 372
  Class: gf180mcu_fd_sc_mcu7t5v0__dffrsnq_2 instances:  12
  Class: gf180mcu_fd_sc_mcu7t5v0__inv_1 instances:   2
  Class: gf180mcu_fd_sc_mcu7t5v0__inv_2 instances:   2
  Class: gf180mcu_fd_sc_mcu7t5v0__inv_3 instances:  13
  Class: gf180mcu_fd_sc_mcu7t5v0__xnor3_1 instances:   8
  Class: gf180mcu_fd_sc_mcu7t5v0__xnor3_4 instances:   2
  Class: gf180mcu_fd_sc_mcu7t5v0__nor3_1 instances:  55
  Class: gf180mcu_fd_sc_mcu7t5v0__oai21_1 instances: 409
  Class: gf180mcu_fd_sc_mcu7t5v0__oai21_2 instances:  34
  Class: gf180mcu_fd_sc_mcu7t5v0__fillcap_4 instances:   1
  Class: gf180mcu_fd_sc_mcu7t5v0__fillcap_8 instances:   1
  Class: gf180mcu_fd_sc_mcu7t5v0__fillcap_64 instances:   1
  Class: gf180mcu_fd_sc_mcu7t5v0__fillcap_16 instances:   1
  Class: gf180mcu_fd_sc_mcu7t5v0__xor3_1 instances: 216
  Class: gf180mcu_fd_sc_mcu7t5v0__xor3_2 instances:  10
  Class: gf180mcu_fd_sc_mcu7t5v0__xor3_4 instances:   2
  Class: gf180mcu_fd_sc_mcu7t5v0__buf_20 instances:   1
  Class: gf180mcu_fd_sc_mcu7t5v0__xnor2_1 instances:  31
  Class: gf180mcu_fd_sc_mcu7t5v0__xnor2_4 instances:  49
  Class: gf180mcu_fd_sc_mcu7t5v0__nor2_1 instances: 736
  Class: gf180mcu_fd_sc_mcu7t5v0__nor2_2 instances:  61
  Class: gf180mcu_fd_sc_mcu7t5v0__nor2_4 instances:  18
  Class: gf180mcu_fd_sc_mcu7t5v0__antenna instances: 470
  Class: gf180mcu_fd_sc_mcu7t5v0__nand4_1 instances:   1
  Class: gf180mcu_fd_sc_mcu7t5v0__nand4_2 instances:  18
  Class: gf180mcu_fd_sc_mcu7t5v0__nand4_4 instances:   1
  Class: gf180mcu_fd_sc_mcu7t5v0__or2_1 instances: 396
  Class: gf180mcu_fd_sc_mcu7t5v0__or2_2 instances:  17
  Class: gf180mcu_fd_sc_mcu7t5v0__or2_4 instances:  48
  Class: gf180mcu_fd_sc_mcu7t5v0__fillcap_32 instances:   1
  Class: gf180mcu_fd_sc_mcu7t5v0__xor2_1 instances: 419
  Class: gf180mcu_fd_sc_mcu7t5v0__xor2_2 instances:   5
  Class: gf180mcu_fd_sc_mcu7t5v0__xor2_4 instances:   3
  Class: gf180mcu_fd_sc_mcu7t5v0__and4_1 instances:  34
  Class: gf180mcu_fd_sc_mcu7t5v0__and4_2 instances:  17
Circuit contains 12341 nets.

Circuit 1 contains 12805 devices, Circuit 2 contains 12805 devices.
Circuit 1 contains 12341 nets,    Circuit 2 contains 12341 nets.


Final result: 
Circuits match uniquely.
.
Logging to file "/openlane/designs/Markov_Chain_Accelerator/runs/fanout_fix_run2/logs/signoff/41-Markov_Chain_Accelerator.lef.lvs.log" disabled
LVS Done.
