
 /----------------------------------------------------------------------------\
 |                                                                            |
 |  yosys -- Yosys Open SYnthesis Suite                                       |
 |                                                                            |
 |  Copyright (C) 2012 - 2020  Claire Xenia Wolf <claire@yosyshq.com>         |
 |                                                                            |
 |  Permission to use, copy, modify, and/or distribute this software for any  |
 |  purpose with or without fee is hereby granted, provided that the above    |
 |  copyright notice and this permission notice appear in all copies.         |
 |                                                                            |
 |  THE SOFTWARE IS PROVIDED "AS IS" AND THE AUTHOR DISCLAIMS ALL WARRANTIES  |
 |  WITH REGARD TO THIS SOFTWARE INCLUDING ALL IMPLIED WARRANTIES OF          |
 |  MERCHANTABILITY AND FITNESS. IN NO EVENT SHALL THE AUTHOR BE LIABLE FOR   |
 |  ANY SPECIAL, DIRECT, INDIRECT, OR CONSEQUENTIAL DAMAGES OR ANY DAMAGES    |
 |  WHATSOEVER RESULTING FROM LOSS OF USE, DATA OR PROFITS, WHETHER IN AN     |
 |  ACTION OF CONTRACT, NEGLIGENCE OR OTHER TORTIOUS ACTION, ARISING OUT OF   |
 |  OR IN CONNECTION WITH THE USE OR PERFORMANCE OF THIS SOFTWARE.            |
 |                                                                            |
 \----------------------------------------------------------------------------/

 Yosys 0.30+48 (git sha1 14d50a176d5, gcc 8.3.1 -fPIC -Os)

[TCL: yosys -import] Command name collision: found pre-existing command `cd' -> skip.
[TCL: yosys -import] Command name collision: found pre-existing command `eval' -> skip.
[TCL: yosys -import] Command name collision: found pre-existing command `exec' -> skip.
[TCL: yosys -import] Command name collision: found pre-existing command `read' -> skip.
[TCL: yosys -import] Command name collision: found pre-existing command `trace' -> skip.
Reading /openlane/designs/Markov_Chain_Accelerator/runs/fanout_fix_run2/tmp/synthesis/1-gf180mcu_fd_sc_mcu7t5v0__tt_025C_5v00.no_pg.lib as a blackbox

1. Executing Liberty frontend: /openlane/designs/Markov_Chain_Accelerator/runs/fanout_fix_run2/tmp/synthesis/1-gf180mcu_fd_sc_mcu7t5v0__tt_025C_5v00.no_pg.lib
Imported 229 cell types from liberty file.

2. Executing Verilog-2005 frontend: /openlane/designs/Markov_Chain_Accelerator/src/Markov_Chain_Accelerator_Netlist.v
Parsing SystemVerilog input from `/openlane/designs/Markov_Chain_Accelerator/src/Markov_Chain_Accelerator_Netlist.v' to AST representation.
Generating RTLIL representation for module `\Adder_Tree_16in'.
Generating RTLIL representation for module `\Comparator'.
Generating RTLIL representation for module `\LFSR'.
Generating RTLIL representation for module `\LFSR_Enabler'.
Generating RTLIL representation for module `\Markov_Chain_Accelerator'.
Generating RTLIL representation for module `\Result_Shift_Memory'.
Generating RTLIL representation for module `\Row_Col_BGC'.
Generating RTLIL representation for module `\Shift_Register'.
Generating RTLIL representation for module `\Stochastic_Timer'.
Generating RTLIL representation for module `\counter'.
Generating RTLIL representation for module `\memory_enable_decoder'.
Generating RTLIL representation for module `\priority_encoder'.
Successfully finished Verilog frontend.

3. Generating Graphviz representation of design.
Writing dot description to `/openlane/designs/Markov_Chain_Accelerator/runs/fanout_fix_run2/tmp/synthesis/hierarchy.dot'.
Dumping module Markov_Chain_Accelerator to page 1.

4. Executing HIERARCHY pass (managing design hierarchy).

4.1. Analyzing design hierarchy..
Top module:  \Markov_Chain_Accelerator
Used module:     \Stochastic_Timer
Used module:     \Result_Shift_Memory
Used module:         \Shift_Register
Used module:         \memory_enable_decoder
Used module:     \LFSR_Enabler
Used module:     \Row_Col_BGC
Used module:         \LFSR
Used module:         \counter
Used module:         \Comparator
Used module:             \priority_encoder
Used module:     \Adder_Tree_16in

4.2. Analyzing design hierarchy..
Top module:  \Markov_Chain_Accelerator
Used module:     \Stochastic_Timer
Used module:     \Result_Shift_Memory
Used module:         \Shift_Register
Used module:         \memory_enable_decoder
Used module:     \LFSR_Enabler
Used module:     \Row_Col_BGC
Used module:         \LFSR
Used module:         \counter
Used module:         \Comparator
Used module:             \priority_encoder
Used module:     \Adder_Tree_16in
Removed 0 unused modules.
WARNING: TRISTATE_BUFFER_MAP is defined but could not be found: /home/user/.ciel/gf180mcuC/libs.tech/openlane/gf180mcu_fd_sc_mcu7t5v0/tribuff_map.v

5. Executing HIERARCHY pass (managing design hierarchy).

5.1. Analyzing design hierarchy..
Top module:  \Markov_Chain_Accelerator
Used module:     \Stochastic_Timer
Used module:     \Result_Shift_Memory
Used module:         \Shift_Register
Used module:         \memory_enable_decoder
Used module:     \LFSR_Enabler
Used module:     \Row_Col_BGC
Used module:         \LFSR
Used module:         \counter
Used module:         \Comparator
Used module:             \priority_encoder
Used module:     \Adder_Tree_16in

5.2. Analyzing design hierarchy..
Top module:  \Markov_Chain_Accelerator
Used module:     \Stochastic_Timer
Used module:     \Result_Shift_Memory
Used module:         \Shift_Register
Used module:         \memory_enable_decoder
Used module:     \LFSR_Enabler
Used module:     \Row_Col_BGC
Used module:         \LFSR
Used module:         \counter
Used module:         \Comparator
Used module:             \priority_encoder
Used module:     \Adder_Tree_16in
Removed 0 unused modules.

6. Executing PROC_CLEAN pass (remove empty switches from decision trees).
Cleaned up 0 empty switches.

7. Executing PROC_RMDEAD pass (remove dead branches from decision trees).
Removed a total of 0 dead cases.

8. Executing PROC_PRUNE pass (remove redundant assignments in processes).
Removed 0 redundant assignments.
Promoted 0 assignments to connections.

9. Executing PROC_INIT pass (extract init attributes).

10. Executing PROC_ARST pass (detect async resets in processes).

11. Executing PROC_ROM pass (convert switches to ROMs).
Converted 0 switches.

12. Executing PROC_MUX pass (convert decision trees to multiplexers).

13. Executing PROC_DLATCH pass (convert process syncs to latches).

14. Executing PROC_DFF pass (convert process syncs to FFs).

15. Executing PROC_MEMWR pass (convert process memory writes to cells).

16. Executing PROC_CLEAN pass (remove empty switches from decision trees).
Cleaned up 0 empty switches.

17. Executing CHECK pass (checking for obvious problems).
Checking module priority_encoder...
Checking module memory_enable_decoder...
Checking module counter...
Checking module Stochastic_Timer...
Checking module Shift_Register...
Checking module Row_Col_BGC...
Checking module Result_Shift_Memory...
Checking module Markov_Chain_Accelerator...
Checking module LFSR_Enabler...
Checking module LFSR...
Checking module Comparator...
Checking module Adder_Tree_16in...
Found and reported 0 problems.

18. Executing OPT_EXPR pass (perform const folding).
Optimizing module priority_encoder.
Optimizing module memory_enable_decoder.
Optimizing module counter.
Optimizing module Stochastic_Timer.
Optimizing module Shift_Register.
Optimizing module Row_Col_BGC.
Optimizing module Result_Shift_Memory.
Optimizing module Markov_Chain_Accelerator.
Optimizing module LFSR_Enabler.
Optimizing module LFSR.
Optimizing module Comparator.
Optimizing module Adder_Tree_16in.

19. Executing FLATTEN pass (flatten design).
Deleting now unused module priority_encoder.
Deleting now unused module memory_enable_decoder.
Deleting now unused module counter.
Deleting now unused module Stochastic_Timer.
Deleting now unused module Shift_Register.
Deleting now unused module Row_Col_BGC.
Deleting now unused module Result_Shift_Memory.
Deleting now unused module LFSR_Enabler.
Deleting now unused module LFSR.
Deleting now unused module Comparator.
Deleting now unused module Adder_Tree_16in.
<suppressed ~47 debug messages>

20. Executing OPT_EXPR pass (perform const folding).
Optimizing module Markov_Chain_Accelerator.

21. Executing OPT_CLEAN pass (remove unused cells and wires).
Finding unused cells or wires in module \Markov_Chain_Accelerator..
Removed 0 unused cells and 1 unused wires.
<suppressed ~1 debug messages>

22. Executing OPT pass (performing simple optimizations).

22.1. Executing OPT_EXPR pass (perform const folding).
Optimizing module Markov_Chain_Accelerator.

22.2. Executing OPT_MERGE pass (detect identical cells).
Finding identical cells in module `\Markov_Chain_Accelerator'.
Removed a total of 0 cells.

22.3. Executing OPT_MUXTREE pass (detect dead branches in mux trees).
Running muxtree optimizer on module \Markov_Chain_Accelerator..
  Creating internal representation of mux trees.
  No muxes found in this module.
Removed 0 multiplexer ports.

22.4. Executing OPT_REDUCE pass (consolidate $*mux and $reduce_* inputs).
  Optimizing cells in module \Markov_Chain_Accelerator.
Performed a total of 0 changes.

22.5. Executing OPT_MERGE pass (detect identical cells).
Finding identical cells in module `\Markov_Chain_Accelerator'.
Removed a total of 0 cells.

22.6. Executing OPT_DFF pass (perform DFF optimizations).

22.7. Executing OPT_CLEAN pass (remove unused cells and wires).
Finding unused cells or wires in module \Markov_Chain_Accelerator..

22.8. Executing OPT_EXPR pass (perform const folding).
Optimizing module Markov_Chain_Accelerator.

22.9. Finished OPT passes. (There is nothing left to do.)

23. Executing FSM pass (extract and optimize FSM).

23.1. Executing FSM_DETECT pass (finding FSMs in design).

23.2. Executing FSM_EXTRACT pass (extracting FSM from design).

23.3. Executing FSM_OPT pass (simple optimizations of FSMs).

23.4. Executing OPT_CLEAN pass (remove unused cells and wires).
Finding unused cells or wires in module \Markov_Chain_Accelerator..

23.5. Executing FSM_OPT pass (simple optimizations of FSMs).

23.6. Executing FSM_RECODE pass (re-assigning FSM state encoding).

23.7. Executing FSM_INFO pass (dumping all available information on FSM cells).

23.8. Executing FSM_MAP pass (mapping FSMs to basic logic).

24. Executing OPT pass (performing simple optimizations).

24.1. Executing OPT_EXPR pass (perform const folding).
Optimizing module Markov_Chain_Accelerator.

24.2. Executing OPT_MERGE pass (detect identical cells).
Finding identical cells in module `\Markov_Chain_Accelerator'.
Removed a total of 0 cells.

24.3. Executing OPT_MUXTREE pass (detect dead branches in mux trees).
Running muxtree optimizer on module \Markov_Chain_Accelerator..
  Creating internal representation of mux trees.
  No muxes found in this module.
Removed 0 multiplexer ports.

24.4. Executing OPT_REDUCE pass (consolidate $*mux and $reduce_* inputs).
  Optimizing cells in module \Markov_Chain_Accelerator.
Performed a total of 0 changes.

24.5. Executing OPT_MERGE pass (detect identical cells).
Finding identical cells in module `\Markov_Chain_Accelerator'.
Removed a total of 0 cells.

24.6. Executing OPT_DFF pass (perform DFF optimizations).

24.7. Executing OPT_CLEAN pass (remove unused cells and wires).
Finding unused cells or wires in module \Markov_Chain_Accelerator..

24.8. Executing OPT_EXPR pass (perform const folding).
Optimizing module Markov_Chain_Accelerator.

24.9. Finished OPT passes. (There is nothing left to do.)

25. Executing WREDUCE pass (reducing word size of cells).
Removed top 1 bits (of 2) from wire Markov_Chain_Accelerator.mode_row_g1.
Removed top 1 bits (of 2) from wire Markov_Chain_Accelerator.mode_row_g2.
Removed top 1 bits (of 2) from wire Markov_Chain_Accelerator.mode_row_g3.

26. Executing PEEPOPT pass (run peephole optimizers).

27. Executing OPT_CLEAN pass (remove unused cells and wires).
Finding unused cells or wires in module \Markov_Chain_Accelerator..
Removed 0 unused cells and 3 unused wires.
<suppressed ~1 debug messages>

28. Executing ALUMACC pass (create $alu and $macc cells).
Extracting $alu and $macc cells in module Markov_Chain_Accelerator:
  created 0 $alu and 0 $macc cells.

29. Executing SHARE pass (SAT-based resource sharing).

30. Executing OPT pass (performing simple optimizations).

30.1. Executing OPT_EXPR pass (perform const folding).
Optimizing module Markov_Chain_Accelerator.

30.2. Executing OPT_MERGE pass (detect identical cells).
Finding identical cells in module `\Markov_Chain_Accelerator'.
Removed a total of 0 cells.

30.3. Executing OPT_MUXTREE pass (detect dead branches in mux trees).
Running muxtree optimizer on module \Markov_Chain_Accelerator..
  Creating internal representation of mux trees.
  No muxes found in this module.
Removed 0 multiplexer ports.

30.4. Executing OPT_REDUCE pass (consolidate $*mux and $reduce_* inputs).
  Optimizing cells in module \Markov_Chain_Accelerator.
Performed a total of 0 changes.

30.5. Executing OPT_MERGE pass (detect identical cells).
Finding identical cells in module `\Markov_Chain_Accelerator'.
Removed a total of 0 cells.

30.6. Executing OPT_DFF pass (perform DFF optimizations).

30.7. Executing OPT_CLEAN pass (remove unused cells and wires).
Finding unused cells or wires in module \Markov_Chain_Accelerator..

30.8. Executing OPT_EXPR pass (perform const folding).
Optimizing module Markov_Chain_Accelerator.

30.9. Finished OPT passes. (There is nothing left to do.)

31. Executing MEMORY pass.

31.1. Executing OPT_MEM pass (optimize memories).
Performed a total of 0 transformations.

31.2. Executing OPT_MEM_PRIORITY pass (removing unnecessary memory write priority relations).
Performed a total of 0 transformations.

31.3. Executing OPT_MEM_FEEDBACK pass (finding memory read-to-write feedback paths).

31.4. Executing MEMORY_BMUX2ROM pass (converting muxes to ROMs).

31.5. Executing MEMORY_DFF pass (merging $dff cells to $memrd).

31.6. Executing OPT_CLEAN pass (remove unused cells and wires).
Finding unused cells or wires in module \Markov_Chain_Accelerator..

31.7. Executing MEMORY_SHARE pass (consolidating $memrd/$memwr cells).

31.8. Executing OPT_MEM_WIDEN pass (optimize memories where all ports are wide).
Performed a total of 0 transformations.

31.9. Executing OPT_CLEAN pass (remove unused cells and wires).
Finding unused cells or wires in module \Markov_Chain_Accelerator..

31.10. Executing MEMORY_COLLECT pass (generating $mem cells).

32. Executing OPT_CLEAN pass (remove unused cells and wires).
Finding unused cells or wires in module \Markov_Chain_Accelerator..

33. Executing OPT pass (performing simple optimizations).

33.1. Executing OPT_EXPR pass (perform const folding).
Optimizing module Markov_Chain_Accelerator.

33.2. Executing OPT_MERGE pass (detect identical cells).
Finding identical cells in module `\Markov_Chain_Accelerator'.
Removed a total of 0 cells.

33.3. Executing OPT_DFF pass (perform DFF optimizations).

33.4. Executing OPT_CLEAN pass (remove unused cells and wires).
Finding unused cells or wires in module \Markov_Chain_Accelerator..

33.5. Finished fast OPT passes.

34. Executing MEMORY_MAP pass (converting memories to logic and flip-flops).

35. Executing OPT pass (performing simple optimizations).

35.1. Executing OPT_EXPR pass (perform const folding).
Optimizing module Markov_Chain_Accelerator.

35.2. Executing OPT_MERGE pass (detect identical cells).
Finding identical cells in module `\Markov_Chain_Accelerator'.
Removed a total of 0 cells.

35.3. Executing OPT_MUXTREE pass (detect dead branches in mux trees).
Running muxtree optimizer on module \Markov_Chain_Accelerator..
  Creating internal representation of mux trees.
  No muxes found in this module.
Removed 0 multiplexer ports.

35.4. Executing OPT_REDUCE pass (consolidate $*mux and $reduce_* inputs).
  Optimizing cells in module \Markov_Chain_Accelerator.
Performed a total of 0 changes.

35.5. Executing OPT_MERGE pass (detect identical cells).
Finding identical cells in module `\Markov_Chain_Accelerator'.
Removed a total of 0 cells.

35.6. Executing OPT_SHARE pass.

35.7. Executing OPT_DFF pass (perform DFF optimizations).

35.8. Executing OPT_CLEAN pass (remove unused cells and wires).
Finding unused cells or wires in module \Markov_Chain_Accelerator..

35.9. Executing OPT_EXPR pass (perform const folding).
Optimizing module Markov_Chain_Accelerator.

35.10. Finished OPT passes. (There is nothing left to do.)

36. Executing TECHMAP pass (map to technology primitives).

36.1. Executing Verilog-2005 frontend: /build/bin/../share/yosys/techmap.v
Parsing Verilog input from `/build/bin/../share/yosys/techmap.v' to AST representation.
Generating RTLIL representation for module `\_90_simplemap_bool_ops'.
Generating RTLIL representation for module `\_90_simplemap_reduce_ops'.
Generating RTLIL representation for module `\_90_simplemap_logic_ops'.
Generating RTLIL representation for module `\_90_simplemap_compare_ops'.
Generating RTLIL representation for module `\_90_simplemap_various'.
Generating RTLIL representation for module `\_90_simplemap_registers'.
Generating RTLIL representation for module `\_90_shift_ops_shr_shl_sshl_sshr'.
Generating RTLIL representation for module `\_90_shift_shiftx'.
Generating RTLIL representation for module `\_90_fa'.
Generating RTLIL representation for module `\_90_lcu'.
Generating RTLIL representation for module `\_90_alu'.
Generating RTLIL representation for module `\_90_macc'.
Generating RTLIL representation for module `\_90_alumacc'.
Generating RTLIL representation for module `\$__div_mod_u'.
Generating RTLIL representation for module `\$__div_mod_trunc'.
Generating RTLIL representation for module `\_90_div'.
Generating RTLIL representation for module `\_90_mod'.
Generating RTLIL representation for module `\$__div_mod_floor'.
Generating RTLIL representation for module `\_90_divfloor'.
Generating RTLIL representation for module `\_90_modfloor'.
Generating RTLIL representation for module `\_90_pow'.
Generating RTLIL representation for module `\_90_pmux'.
Generating RTLIL representation for module `\_90_demux'.
Generating RTLIL representation for module `\_90_lut'.
Successfully finished Verilog frontend.

36.2. Continuing TECHMAP pass.
No more expansions possible.
<suppressed ~73 debug messages>

37. Executing OPT pass (performing simple optimizations).

37.1. Executing OPT_EXPR pass (perform const folding).
Optimizing module Markov_Chain_Accelerator.

37.2. Executing OPT_MERGE pass (detect identical cells).
Finding identical cells in module `\Markov_Chain_Accelerator'.
Removed a total of 0 cells.

37.3. Executing OPT_DFF pass (perform DFF optimizations).

37.4. Executing OPT_CLEAN pass (remove unused cells and wires).
Finding unused cells or wires in module \Markov_Chain_Accelerator..

37.5. Finished fast OPT passes.

38. Executing ABC pass (technology mapping using ABC).

38.1. Extracting gate netlist of module `\Markov_Chain_Accelerator' to `<abc-temp-dir>/input.blif'..
Extracted 0 gates and 0 wires to a netlist network with 0 inputs and 0 outputs.
Don't call ABC as there is nothing to map.
Removing temp directory.

39. Executing OPT pass (performing simple optimizations).

39.1. Executing OPT_EXPR pass (perform const folding).
Optimizing module Markov_Chain_Accelerator.

39.2. Executing OPT_MERGE pass (detect identical cells).
Finding identical cells in module `\Markov_Chain_Accelerator'.
Removed a total of 0 cells.

39.3. Executing OPT_DFF pass (perform DFF optimizations).

39.4. Executing OPT_CLEAN pass (remove unused cells and wires).
Finding unused cells or wires in module \Markov_Chain_Accelerator..

39.5. Finished fast OPT passes.

40. Executing HIERARCHY pass (managing design hierarchy).

40.1. Analyzing design hierarchy..
Top module:  \Markov_Chain_Accelerator

40.2. Analyzing design hierarchy..
Top module:  \Markov_Chain_Accelerator
Removed 0 unused modules.

41. Printing statistics.

=== Markov_Chain_Accelerator ===

   Number of wires:               8079
   Number of wire bits:          19566
   Number of public wires:        8079
   Number of public wire bits:   19566
   Number of memories:               0
   Number of memory bits:            0
   Number of processes:              0
   Number of cells:              10607
     gf180mcu_fd_sc_mcu7t5v0__and2_1    662
     gf180mcu_fd_sc_mcu7t5v0__and3_1     36
     gf180mcu_fd_sc_mcu7t5v0__and4_1     51
     gf180mcu_fd_sc_mcu7t5v0__aoi211_1     66
     gf180mcu_fd_sc_mcu7t5v0__aoi21_1    433
     gf180mcu_fd_sc_mcu7t5v0__aoi221_1      1
     gf180mcu_fd_sc_mcu7t5v0__aoi22_1     67
     gf180mcu_fd_sc_mcu7t5v0__clkinv_1   2970
     gf180mcu_fd_sc_mcu7t5v0__dffrnq_1    805
     gf180mcu_fd_sc_mcu7t5v0__dffrsnq_1    384
     gf180mcu_fd_sc_mcu7t5v0__mux2_1    396
     gf180mcu_fd_sc_mcu7t5v0__nand2_1   1324
     gf180mcu_fd_sc_mcu7t5v0__nand3_1     92
     gf180mcu_fd_sc_mcu7t5v0__nand4_1     20
     gf180mcu_fd_sc_mcu7t5v0__nor2_1    815
     gf180mcu_fd_sc_mcu7t5v0__nor3_1     55
     gf180mcu_fd_sc_mcu7t5v0__nor4_1     68
     gf180mcu_fd_sc_mcu7t5v0__oai211_1      1
     gf180mcu_fd_sc_mcu7t5v0__oai21_1    443
     gf180mcu_fd_sc_mcu7t5v0__oai221_1    576
     gf180mcu_fd_sc_mcu7t5v0__oai22_1     32
     gf180mcu_fd_sc_mcu7t5v0__oai31_1     87
     gf180mcu_fd_sc_mcu7t5v0__oai32_1      1
     gf180mcu_fd_sc_mcu7t5v0__or2_1    461
     gf180mcu_fd_sc_mcu7t5v0__or4_1     16
     gf180mcu_fd_sc_mcu7t5v0__xnor2_1     80
     gf180mcu_fd_sc_mcu7t5v0__xnor3_1     10
     gf180mcu_fd_sc_mcu7t5v0__xor2_1    427
     gf180mcu_fd_sc_mcu7t5v0__xor3_1    228

42. Executing CHECK pass (checking for obvious problems).
Checking module Markov_Chain_Accelerator...
Found and reported 0 problems.

43. Generating Graphviz representation of design.
Writing dot description to `/openlane/designs/Markov_Chain_Accelerator/runs/fanout_fix_run2/tmp/synthesis/post_techmap.dot'.
Dumping module Markov_Chain_Accelerator to page 1.

44. Executing SHARE pass (SAT-based resource sharing).

45. Executing OPT pass (performing simple optimizations).

45.1. Executing OPT_EXPR pass (perform const folding).
Optimizing module Markov_Chain_Accelerator.

45.2. Executing OPT_MERGE pass (detect identical cells).
Finding identical cells in module `\Markov_Chain_Accelerator'.
Removed a total of 0 cells.

45.3. Executing OPT_MUXTREE pass (detect dead branches in mux trees).
Running muxtree optimizer on module \Markov_Chain_Accelerator..
  Creating internal representation of mux trees.
  No muxes found in this module.
Removed 0 multiplexer ports.

45.4. Executing OPT_REDUCE pass (consolidate $*mux and $reduce_* inputs).
  Optimizing cells in module \Markov_Chain_Accelerator.
Performed a total of 0 changes.

45.5. Executing OPT_MERGE pass (detect identical cells).
Finding identical cells in module `\Markov_Chain_Accelerator'.
Removed a total of 0 cells.

45.6. Executing OPT_DFF pass (perform DFF optimizations).

45.7. Executing OPT_CLEAN pass (remove unused cells and wires).
Finding unused cells or wires in module \Markov_Chain_Accelerator..

45.8. Executing OPT_EXPR pass (perform const folding).
Optimizing module Markov_Chain_Accelerator.

45.9. Finished OPT passes. (There is nothing left to do.)

46. Executing OPT_CLEAN pass (remove unused cells and wires).
Finding unused cells or wires in module \Markov_Chain_Accelerator..
Removed 0 unused cells and 1113 unused wires.
<suppressed ~1113 debug messages>

47. Printing statistics.

=== Markov_Chain_Accelerator ===

   Number of wires:               6966
   Number of wire bits:          10616
   Number of public wires:        6966
   Number of public wire bits:   10616
   Number of memories:               0
   Number of memory bits:            0
   Number of processes:              0
   Number of cells:              10607
     gf180mcu_fd_sc_mcu7t5v0__and2_1    662
     gf180mcu_fd_sc_mcu7t5v0__and3_1     36
     gf180mcu_fd_sc_mcu7t5v0__and4_1     51
     gf180mcu_fd_sc_mcu7t5v0__aoi211_1     66
     gf180mcu_fd_sc_mcu7t5v0__aoi21_1    433
     gf180mcu_fd_sc_mcu7t5v0__aoi221_1      1
     gf180mcu_fd_sc_mcu7t5v0__aoi22_1     67
     gf180mcu_fd_sc_mcu7t5v0__clkinv_1   2970
     gf180mcu_fd_sc_mcu7t5v0__dffrnq_1    805
     gf180mcu_fd_sc_mcu7t5v0__dffrsnq_1    384
     gf180mcu_fd_sc_mcu7t5v0__mux2_1    396
     gf180mcu_fd_sc_mcu7t5v0__nand2_1   1324
     gf180mcu_fd_sc_mcu7t5v0__nand3_1     92
     gf180mcu_fd_sc_mcu7t5v0__nand4_1     20
     gf180mcu_fd_sc_mcu7t5v0__nor2_1    815
     gf180mcu_fd_sc_mcu7t5v0__nor3_1     55
     gf180mcu_fd_sc_mcu7t5v0__nor4_1     68
     gf180mcu_fd_sc_mcu7t5v0__oai211_1      1
     gf180mcu_fd_sc_mcu7t5v0__oai21_1    443
     gf180mcu_fd_sc_mcu7t5v0__oai221_1    576
     gf180mcu_fd_sc_mcu7t5v0__oai22_1     32
     gf180mcu_fd_sc_mcu7t5v0__oai31_1     87
     gf180mcu_fd_sc_mcu7t5v0__oai32_1      1
     gf180mcu_fd_sc_mcu7t5v0__or2_1    461
     gf180mcu_fd_sc_mcu7t5v0__or4_1     16
     gf180mcu_fd_sc_mcu7t5v0__xnor2_1     80
     gf180mcu_fd_sc_mcu7t5v0__xnor3_1     10
     gf180mcu_fd_sc_mcu7t5v0__xor2_1    427
     gf180mcu_fd_sc_mcu7t5v0__xor3_1    228

48. Executing DFFLIBMAP pass (mapping DFF cells to sequential cells from liberty file).
  cell gf180mcu_fd_sc_mcu7t5v0__dffnq_1 (noninv, pins=3, area=65.86) is a direct match for cell type $_DFF_N_.
  cell gf180mcu_fd_sc_mcu7t5v0__dffq_1 (noninv, pins=3, area=63.66) is a direct match for cell type $_DFF_P_.
  cell gf180mcu_fd_sc_mcu7t5v0__dffnrnq_1 (noninv, pins=4, area=74.64) is a direct match for cell type $_DFF_NN0_.
  cell gf180mcu_fd_sc_mcu7t5v0__dffnsnq_1 (noninv, pins=4, area=79.03) is a direct match for cell type $_DFF_NN1_.
  cell gf180mcu_fd_sc_mcu7t5v0__dffrnq_1 (noninv, pins=4, area=74.64) is a direct match for cell type $_DFF_PN0_.
  cell gf180mcu_fd_sc_mcu7t5v0__dffsnq_1 (noninv, pins=4, area=79.03) is a direct match for cell type $_DFF_PN1_.
  cell gf180mcu_fd_sc_mcu7t5v0__dffnrsnq_1 (noninv, pins=5, area=94.39) is a direct match for cell type $_DFFSR_NNN_.
  cell gf180mcu_fd_sc_mcu7t5v0__dffrsnq_1 (noninv, pins=5, area=85.61) is a direct match for cell type $_DFFSR_PNN_.
  final dff cell mappings:
    \gf180mcu_fd_sc_mcu7t5v0__dffnq_1 _DFF_N_ (.CLKN( C), .D( D), .Q( Q));
    \gf180mcu_fd_sc_mcu7t5v0__dffq_1 _DFF_P_ (.CLK( C), .D( D), .Q( Q));
    \gf180mcu_fd_sc_mcu7t5v0__dffnrnq_1 _DFF_NN0_ (.CLKN( C), .D( D), .Q( Q), .RN( R));
    \gf180mcu_fd_sc_mcu7t5v0__dffnsnq_1 _DFF_NN1_ (.CLKN( C), .D( D), .Q( Q), .SETN( R));
    unmapped dff cell: $_DFF_NP0_
    unmapped dff cell: $_DFF_NP1_
    \gf180mcu_fd_sc_mcu7t5v0__dffrnq_1 _DFF_PN0_ (.CLK( C), .D( D), .Q( Q), .RN( R));
    \gf180mcu_fd_sc_mcu7t5v0__dffsnq_1 _DFF_PN1_ (.CLK( C), .D( D), .Q( Q), .SETN( R));
    unmapped dff cell: $_DFF_PP0_
    unmapped dff cell: $_DFF_PP1_
    \gf180mcu_fd_sc_mcu7t5v0__dffnrsnq_1 _DFFSR_NNN_ (.CLKN( C), .D( D), .Q( Q), .RN( R), .SETN( S));
    unmapped dff cell: $_DFFSR_NNP_
    unmapped dff cell: $_DFFSR_NPN_
    unmapped dff cell: $_DFFSR_NPP_
    \gf180mcu_fd_sc_mcu7t5v0__dffrsnq_1 _DFFSR_PNN_ (.CLK( C), .D( D), .Q( Q), .RN( R), .SETN( S));
    unmapped dff cell: $_DFFSR_PNP_
    unmapped dff cell: $_DFFSR_PPN_
    unmapped dff cell: $_DFFSR_PPP_

48.1. Executing DFFLEGALIZE pass (convert FFs to types supported by the target).
Mapping DFF cells in module `\Markov_Chain_Accelerator':

49. Printing statistics.

=== Markov_Chain_Accelerator ===

   Number of wires:               6966
   Number of wire bits:          10616
   Number of public wires:        6966
   Number of public wire bits:   10616
   Number of memories:               0
   Number of memory bits:            0
   Number of processes:              0
   Number of cells:              10607
     gf180mcu_fd_sc_mcu7t5v0__and2_1    662
     gf180mcu_fd_sc_mcu7t5v0__and3_1     36
     gf180mcu_fd_sc_mcu7t5v0__and4_1     51
     gf180mcu_fd_sc_mcu7t5v0__aoi211_1     66
     gf180mcu_fd_sc_mcu7t5v0__aoi21_1    433
     gf180mcu_fd_sc_mcu7t5v0__aoi221_1      1
     gf180mcu_fd_sc_mcu7t5v0__aoi22_1     67
     gf180mcu_fd_sc_mcu7t5v0__clkinv_1   2970
     gf180mcu_fd_sc_mcu7t5v0__dffrnq_1    805
     gf180mcu_fd_sc_mcu7t5v0__dffrsnq_1    384
     gf180mcu_fd_sc_mcu7t5v0__mux2_1    396
     gf180mcu_fd_sc_mcu7t5v0__nand2_1   1324
     gf180mcu_fd_sc_mcu7t5v0__nand3_1     92
     gf180mcu_fd_sc_mcu7t5v0__nand4_1     20
     gf180mcu_fd_sc_mcu7t5v0__nor2_1    815
     gf180mcu_fd_sc_mcu7t5v0__nor3_1     55
     gf180mcu_fd_sc_mcu7t5v0__nor4_1     68
     gf180mcu_fd_sc_mcu7t5v0__oai211_1      1
     gf180mcu_fd_sc_mcu7t5v0__oai21_1    443
     gf180mcu_fd_sc_mcu7t5v0__oai221_1    576
     gf180mcu_fd_sc_mcu7t5v0__oai22_1     32
     gf180mcu_fd_sc_mcu7t5v0__oai31_1     87
     gf180mcu_fd_sc_mcu7t5v0__oai32_1      1
     gf180mcu_fd_sc_mcu7t5v0__or2_1    461
     gf180mcu_fd_sc_mcu7t5v0__or4_1     16
     gf180mcu_fd_sc_mcu7t5v0__xnor2_1     80
     gf180mcu_fd_sc_mcu7t5v0__xnor3_1     10
     gf180mcu_fd_sc_mcu7t5v0__xor2_1    427
     gf180mcu_fd_sc_mcu7t5v0__xor3_1    228

[INFO]: USING STRATEGY AREA 0

50. Executing ABC pass (technology mapping using ABC).

50.1. Extracting gate netlist of module `\Markov_Chain_Accelerator' to `/tmp/yosys-abc-wEpXXK/input.blif'..
Extracted 0 gates and 0 wires to a netlist network with 0 inputs and 0 outputs.
Don't call ABC as there is nothing to map.
Removing temp directory.

51. Executing SETUNDEF pass (replace undef values with defined constants).

52. Executing HILOMAP pass (mapping to constant drivers).

53. Executing SPLITNETS pass (splitting up multi-bit signals).

54. Executing OPT_CLEAN pass (remove unused cells and wires).
Finding unused cells or wires in module \Markov_Chain_Accelerator..

55. Executing INSBUF pass (insert buffer cells for connected wires).

56. Executing CHECK pass (checking for obvious problems).
Checking module Markov_Chain_Accelerator...
Found and reported 0 problems.

57. Printing statistics.

=== Markov_Chain_Accelerator ===

   Number of wires:              12008
   Number of wire bits:          12008
   Number of public wires:       10616
   Number of public wire bits:   10616
   Number of memories:               0
   Number of memory bits:            0
   Number of processes:              0
   Number of cells:              11999
     gf180mcu_fd_sc_mcu7t5v0__and2_1    662
     gf180mcu_fd_sc_mcu7t5v0__and3_1     36
     gf180mcu_fd_sc_mcu7t5v0__and4_1     51
     gf180mcu_fd_sc_mcu7t5v0__aoi211_1     66
     gf180mcu_fd_sc_mcu7t5v0__aoi21_1    433
     gf180mcu_fd_sc_mcu7t5v0__aoi221_1      1
     gf180mcu_fd_sc_mcu7t5v0__aoi22_1     67
     gf180mcu_fd_sc_mcu7t5v0__clkinv_1   2970
     gf180mcu_fd_sc_mcu7t5v0__dffrnq_1    805
     gf180mcu_fd_sc_mcu7t5v0__dffrsnq_1    384
     gf180mcu_fd_sc_mcu7t5v0__mux2_1    396
     gf180mcu_fd_sc_mcu7t5v0__nand2_1   1324
     gf180mcu_fd_sc_mcu7t5v0__nand3_1     92
     gf180mcu_fd_sc_mcu7t5v0__nand4_1     20
     gf180mcu_fd_sc_mcu7t5v0__nor2_1    815
     gf180mcu_fd_sc_mcu7t5v0__nor3_1     55
     gf180mcu_fd_sc_mcu7t5v0__nor4_1     68
     gf180mcu_fd_sc_mcu7t5v0__oai211_1      1
     gf180mcu_fd_sc_mcu7t5v0__oai21_1    443
     gf180mcu_fd_sc_mcu7t5v0__oai221_1    576
     gf180mcu_fd_sc_mcu7t5v0__oai22_1     32
     gf180mcu_fd_sc_mcu7t5v0__oai31_1     87
     gf180mcu_fd_sc_mcu7t5v0__oai32_1      1
     gf180mcu_fd_sc_mcu7t5v0__or2_1    461
     gf180mcu_fd_sc_mcu7t5v0__or4_1     16
     gf180mcu_fd_sc_mcu7t5v0__tieh    648
     gf180mcu_fd_sc_mcu7t5v0__tiel    744
     gf180mcu_fd_sc_mcu7t5v0__xnor2_1     80
     gf180mcu_fd_sc_mcu7t5v0__xnor3_1     10
     gf180mcu_fd_sc_mcu7t5v0__xor2_1    427
     gf180mcu_fd_sc_mcu7t5v0__xor3_1    228

   Area for cell type \gf180mcu_fd_sc_mcu7t5v0__mux2_1 is unknown!

   Chip area for module '\Markov_Chain_Accelerator': 244734.067200

58. Executing Verilog backend.
Dumping module `\Markov_Chain_Accelerator'.

End of script. Logfile hash: 7be39f8a34, CPU: user 9.80s system 0.26s, MEM: 192.79 MB peak
Yosys 0.30+48 (git sha1 14d50a176d5, gcc 8.3.1 -fPIC -Os)
Time spent: 32% 2x write_verilog (3 sec), 24% 16x opt_clean (2 sec), ...
