OpenROAD 41a51eaf4ca2171c92ff38afb91eb37bbd3f36da 
This program is licensed under the BSD-3 license. See the LICENSE file for details.
Components of this program may be licensed under more restrictive licenses which must be honored.
[INFO]: Reading ODB at '/openlane/designs/Markov_Chain_Accelerator/runs/fanout_fix_run2/results/floorplan/Markov_Chain_Accelerator.odb'…
define_corners Typical
read_liberty -corner Typical /home/user/.ciel/gf180mcuC/libs.ref/gf180mcu_fd_sc_mcu7t5v0/lib/gf180mcu_fd_sc_mcu7t5v0__tt_025C_5v00.lib
Using 1e-12 for capacitance...
Using 1e+00 for resistance...
Using 1e-09 for time...
Using 1e+00 for voltage...
Using 1e-03 for current...
Using 1e-06 for power...
Using 1e-06 for distance...
Reading design constraints file at '/openlane/designs/Markov_Chain_Accelerator/runs/fanout_fix_run2/tmp/floorplan/3-initial_fp.sdc'…
[INFO]: Setting RC values...
[INFO]: Setting signal min routing layer to: Metal2 and clock min routing layer to Metal2. 
[INFO]: Setting signal max routing layer to: Metal5 and clock max routing layer to Metal5. 
[INFO GPL-0002] DBU: 2000
[INFO GPL-0003] SiteSize: 1120 7840
[INFO GPL-0004] CoreAreaLxLy: 20160 23520
[INFO GPL-0005] CoreAreaUxUy: 2179520 972160
[INFO GPL-0006] NumInstances: 15320
[INFO GPL-0007] NumPlaceInstances: 11999
[INFO GPL-0008] NumFixedInstances: 3321
[INFO GPL-0009] NumDummyInstances: 0
[INFO GPL-0010] NumNets: 12008
[INFO GPL-0011] NumPins: 36073
[INFO GPL-0012] DieAreaLxLy: 0 0
[INFO GPL-0013] DieAreaUxUy: 2200000 1000000
[INFO GPL-0014] CoreAreaLxLy: 20160 23520
[INFO GPL-0015] CoreAreaUxUy: 2179520 972160
[INFO GPL-0016] CoreArea: 2048455270400
[INFO GPL-0017] NonPlaceInstsArea: 58322073600
[INFO GPL-0018] PlaceInstsArea: 1024139827200
[INFO GPL-0019] Util(%): 51.46
[INFO GPL-0020] StdInstsArea: 1024139827200
[INFO GPL-0021] MacroInstsArea: 0
[InitialPlace]  Iter: 1 CG residual: 0.00031564 HPWL: 360800800
[InitialPlace]  Iter: 2 CG residual: 0.00035650 HPWL: 369041330
[InitialPlace]  Iter: 3 CG residual: 0.00030529 HPWL: 370747572
[InitialPlace]  Iter: 4 CG residual: 0.00027316 HPWL: 371336925
[InitialPlace]  Iter: 5 CG residual: 0.00030364 HPWL: 371482733
[InitialPlace]  Iter: 6 CG residual: 0.00027461 HPWL: 371724541
[InitialPlace]  Iter: 7 CG residual: 0.00033170 HPWL: 371776443
[InitialPlace]  Iter: 8 CG residual: 0.00029512 HPWL: 371960536
[InitialPlace]  Iter: 9 CG residual: 0.00027935 HPWL: 371941236
[InitialPlace]  Iter: 10 CG residual: 0.00035204 HPWL: 372091544
[InitialPlace]  Iter: 11 CG residual: 0.00027141 HPWL: 372048438
[InitialPlace]  Iter: 12 CG residual: 0.00029018 HPWL: 372183707
[InitialPlace]  Iter: 13 CG residual: 0.00030158 HPWL: 372132866
[InitialPlace]  Iter: 14 CG residual: 0.00147807 HPWL: 372242830
[InitialPlace]  Iter: 15 CG residual: 0.00028669 HPWL: 372210600
[InitialPlace]  Iter: 16 CG residual: 0.00031944 HPWL: 372292226
[InitialPlace]  Iter: 17 CG residual: 0.00031308 HPWL: 372233285
[InitialPlace]  Iter: 18 CG residual: 0.00036260 HPWL: 372341414
[InitialPlace]  Iter: 19 CG residual: 0.00028475 HPWL: 372268988
[InitialPlace]  Iter: 20 CG residual: 0.00027193 HPWL: 372370455
[INFO GPL-0031] FillerInit: NumGCells: 13207
[INFO GPL-0032] FillerInit: NumGNets: 12008
[INFO GPL-0033] FillerInit: NumGPins: 36073
[INFO GPL-0023] TargetDensity: 0.56
[INFO GPL-0024] AveragePlaceInstArea: 85352098
[INFO GPL-0025] IdealBinArea: 152414464
[INFO GPL-0026] IdealBinCnt: 13440
[INFO GPL-0027] TotalBinArea: 2048455270400
[INFO GPL-0028] BinCnt: 128 64
[INFO GPL-0029] BinSize: 16870 14823
[INFO GPL-0030] NumBins: 8192
[NesterovSolve] Iter: 1 overflow: 0.996338 HPWL: 89821512
[NesterovSolve] Iter: 10 overflow: 0.988541 HPWL: 97969213
[NesterovSolve] Iter: 20 overflow: 0.986359 HPWL: 101810535
[NesterovSolve] Iter: 30 overflow: 0.985442 HPWL: 103122708
[NesterovSolve] Iter: 40 overflow: 0.984543 HPWL: 103878464
[NesterovSolve] Iter: 50 overflow: 0.983567 HPWL: 104000667
[NesterovSolve] Iter: 60 overflow: 0.983399 HPWL: 104213096
[NesterovSolve] Iter: 70 overflow: 0.983034 HPWL: 104456378
[NesterovSolve] Iter: 80 overflow: 0.982834 HPWL: 104636664
[NesterovSolve] Iter: 90 overflow: 0.98216 HPWL: 104942273
[NesterovSolve] Iter: 100 overflow: 0.9817 HPWL: 105479085
[NesterovSolve] Iter: 110 overflow: 0.981076 HPWL: 106224230
[NesterovSolve] Iter: 120 overflow: 0.980129 HPWL: 107256525
[NesterovSolve] Iter: 130 overflow: 0.979319 HPWL: 108734658
[NesterovSolve] Iter: 140 overflow: 0.977597 HPWL: 110966018
[NesterovSolve] Iter: 150 overflow: 0.97506 HPWL: 114408697
[NesterovSolve] Iter: 160 overflow: 0.970918 HPWL: 119449466
[NesterovSolve] Iter: 170 overflow: 0.964214 HPWL: 126417107
[NesterovSolve] Iter: 180 overflow: 0.954065 HPWL: 135587160
[NesterovSolve] Iter: 190 overflow: 0.940638 HPWL: 147071986
[NesterovSolve] Iter: 200 overflow: 0.923578 HPWL: 161096121
[NesterovSolve] Iter: 210 overflow: 0.902057 HPWL: 177710104
[NesterovSolve] Iter: 220 overflow: 0.878456 HPWL: 196349557
[NesterovSolve] Iter: 230 overflow: 0.85565 HPWL: 216770103
[NesterovSolve] Iter: 240 overflow: 0.830853 HPWL: 239670409
[NesterovSolve] Iter: 250 overflow: 0.806986 HPWL: 264857008
[INFO GPL-0100] worst slack 6.68e-09
[INFO GPL-0103] Weighted 997 nets.
[NesterovSolve] Iter: 260 overflow: 0.779198 HPWL: 293595146
[NesterovSolve] Iter: 270 overflow: 0.755458 HPWL: 325338752
[NesterovSolve] Iter: 280 overflow: 0.730423 HPWL: 347756085
[NesterovSolve] Iter: 290 overflow: 0.704223 HPWL: 355288082
[NesterovSolve] Iter: 300 overflow: 0.672313 HPWL: 357911402
[NesterovSolve] Iter: 310 overflow: 0.637653 HPWL: 359402603
[INFO GPL-0100] worst slack 6.1e-09
[INFO GPL-0103] Weighted 997 nets.
[NesterovSolve] Iter: 320 overflow: 0.59916 HPWL: 360574351
[NesterovSolve] Snapshot saved at iter = 319
[NesterovSolve] Iter: 330 overflow: 0.558748 HPWL: 368587937
[NesterovSolve] Iter: 340 overflow: 0.517173 HPWL: 373862240
[INFO GPL-0100] worst slack 6.23e-09
[INFO GPL-0103] Weighted 997 nets.
[NesterovSolve] Iter: 350 overflow: 0.471829 HPWL: 376027263
[NesterovSolve] Iter: 360 overflow: 0.426757 HPWL: 381656130
[NesterovSolve] Iter: 370 overflow: 0.379212 HPWL: 384805577
[NesterovSolve] Iter: 380 overflow: 0.329496 HPWL: 386437545
[NesterovSolve] Iter: 390 overflow: 0.295199 HPWL: 388611459
[INFO GPL-0100] worst slack 6.44e-09
[INFO GPL-0103] Weighted 994 nets.
[NesterovSolve] Iter: 400 overflow: 0.25976 HPWL: 390447723
[NesterovSolve] Iter: 410 overflow: 0.227019 HPWL: 392212570
[INFO GPL-0100] worst slack 6.51e-09
[INFO GPL-0103] Weighted 994 nets.
[NesterovSolve] Iter: 420 overflow: 0.200425 HPWL: 394658472
[INFO GPL-0075] Routability numCall: 1 inflationIterCnt: 1 bloatIterCnt: 0
[INFO GPL-0036] TileLxLy: 0 0
[INFO GPL-0037] TileSize: 16800 16800
[INFO GPL-0038] TileCnt: 130 59
[INFO GPL-0039] numRoutingLayers: 5
[INFO GPL-0040] NumTiles: 7670
[INFO GPL-0063] TotalRouteOverflowH2: 0.0
[INFO GPL-0064] TotalRouteOverflowV2: 0.0
[INFO GPL-0065] OverflowTileCnt2: 0
[INFO GPL-0066] 0.5%RC: 0.9961904748280843
[INFO GPL-0067] 1.0%RC: 0.9623809389273326
[INFO GPL-0068] 2.0%RC: 0.913869043191274
[INFO GPL-0069] 5.0%RC: 0.838093640648316
[INFO GPL-0070] 0.5rcK: 1.0
[INFO GPL-0071] 1.0rcK: 1.0
[INFO GPL-0072] 2.0rcK: 0.0
[INFO GPL-0073] 5.0rcK: 0.0
[INFO GPL-0074] FinalRC: 0.9792857
[NesterovSolve] Iter: 430 overflow: 0.174828 HPWL: 397074658
[NesterovSolve] Iter: 440 overflow: 0.152104 HPWL: 398932712
[INFO GPL-0100] worst slack 6.58e-09
[INFO GPL-0103] Weighted 997 nets.
[NesterovSolve] Iter: 450 overflow: 0.132162 HPWL: 401679429
[NesterovSolve] Iter: 460 overflow: 0.112963 HPWL: 404177482
[NesterovSolve] Finished with Overflow: 0.098789
Setting global connections for newly added cells…
Writing OpenROAD database to '/openlane/designs/Markov_Chain_Accelerator/runs/fanout_fix_run2/tmp/placement/7-global.odb'…
Writing netlist to '/openlane/designs/Markov_Chain_Accelerator/runs/fanout_fix_run2/tmp/placement/7-global.nl.v'…
Writing powered netlist to '/openlane/designs/Markov_Chain_Accelerator/runs/fanout_fix_run2/tmp/placement/7-global.pnl.v'…
Writing layout to '/openlane/designs/Markov_Chain_Accelerator/runs/fanout_fix_run2/tmp/placement/7-global.def'…
