OpenROAD 41a51eaf4ca2171c92ff38afb91eb37bbd3f36da 
This program is licensed under the BSD-3 license. See the LICENSE file for details.
Components of this program may be licensed under more restrictive licenses which must be honored.
[INFO]: Reading ODB at '/openlane/designs/Markov_Chain_Accelerator/runs/fanout_fix_run2/results/placement/Markov_Chain_Accelerator.odb'…
define_corners Slowest Typical Fastest
read_liberty -corner Slowest /openlane/designs/Markov_Chain_Accelerator/runs/fanout_fix_run2/tmp/cts/cts-slowest.lib
read_liberty -corner Typical /openlane/designs/Markov_Chain_Accelerator/runs/fanout_fix_run2/tmp/cts/cts.lib
read_liberty -corner Fastest /openlane/designs/Markov_Chain_Accelerator/runs/fanout_fix_run2/tmp/cts/cts-fastest.lib
Using 1e-12 for capacitance...
Using 1e+00 for resistance...
Using 1e-09 for time...
Using 1e+00 for voltage...
Using 1e-03 for current...
Using 1e-06 for power...
Using 1e-06 for distance...
Reading design constraints file at '/openlane/designs/Markov_Chain_Accelerator/runs/fanout_fix_run2/tmp/placement/9-resizer.sdc'…
[INFO]: Setting RC values...
[INFO]: Configuring cts characterization...
[INFO]: Performing clock tree synthesis...
[INFO]: Looking for the following net(s): clk
[INFO]: Running Clock Tree Synthesis...
[INFO CTS-0049] Characterization buffer is: gf180mcu_fd_sc_mcu7t5v0__clkbuf_8.
[INFO CTS-0038] Number of created patterns = 50000.
[INFO CTS-0038] Number of created patterns = 100000.
[INFO CTS-0039] Number of created patterns = 141984.
[INFO CTS-0084] Compiling LUT.
Min. len    Max. len    Min. cap    Max. cap    Min. slew   Max. slew
2           8           1           34          1           12          
[WARNING CTS-0043] 4896 wires are pure wire and no slew degradation.
TritonCTS forced slew degradation on these wires.
[INFO CTS-0046]     Number of wire segments: 141984.
[INFO CTS-0047]     Number of keys in characterization LUT: 1676.
[INFO CTS-0048]     Actual min input cap: 1.
[INFO CTS-0007] Net "clk" found for clock "clk".
[INFO CTS-0010]  Clock net "clk" has 1189 sinks.
[INFO CTS-0008] TritonCTS found 1 clock nets.
[INFO CTS-0097] Characterization used 2 buffer(s) types.
[INFO CTS-0027] Generating H-Tree topology for net clk.
[INFO CTS-0028]  Total number of sinks: 1189.
[INFO CTS-0029]  Sinks will be clustered in groups of up to 25 and with maximum cluster diameter of 50.0 um.
[INFO CTS-0030]  Number of static layers: 0.
[INFO CTS-0020]  Wire segment unit: 38000  dbu (19 um).
[INFO CTS-0019]  Total number of sinks after clustering: 188.
[INFO CTS-0024]  Normalized sink region: [(1.49289, 1.23789), (55.4593, 25.1914)].
[INFO CTS-0025]     Width:  53.9664.
[INFO CTS-0026]     Height: 23.9535.
 Level 1
    Direction: Horizontal
    Sinks per sub-region: 94
    Sub-region size: 26.9832 X 23.9535
[INFO CTS-0034]     Segment length (rounded): 14.
    Key: 4140 inSlew: 1 inCap: 1 outSlew: 2 load: 1 length: 8 delay: 1
    Key: 1044 inSlew: 1 inCap: 1 outSlew: 2 load: 1 length: 6 delay: 1
 Level 2
    Direction: Vertical
    Sinks per sub-region: 47
    Sub-region size: 26.9832 X 11.9767
[INFO CTS-0034]     Segment length (rounded): 6.
    Key: 1047 inSlew: 2 inCap: 1 outSlew: 3 load: 1 length: 6 delay: 1
 Level 3
    Direction: Horizontal
    Sinks per sub-region: 24
    Sub-region size: 13.4916 X 11.9767
[INFO CTS-0034]     Segment length (rounded): 6.
    Key: 290 inSlew: 3 inCap: 1 outSlew: 1 load: 1 length: 6 delay: 5
      location: 0.333333 buffer: gf180mcu_fd_sc_mcu7t5v0__clkbuf_8
 Level 4
    Direction: Vertical
    Sinks per sub-region: 12
    Sub-region size: 13.4916 X 5.9884
[INFO CTS-0034]     Segment length (rounded): 2.
    Key: 36 inSlew: 1 inCap: 1 outSlew: 2 load: 1 length: 2 delay: 1
[INFO CTS-0032]  Stop criterion found. Max number of sinks is 15.
[INFO CTS-0035]  Number of sinks covered: 188.
[INFO CTS-0018]     Created 210 clock buffers.
[INFO CTS-0012]     Minimum number of buffers in the clock path: 3.
[INFO CTS-0013]     Maximum number of buffers in the clock path: 4.
[INFO CTS-0015]     Created 210 clock nets.
[INFO CTS-0016]     Fanout distribution for the current clock = 2:6, 3:9, 4:20, 5:33, 6:22, 7:34, 8:31, 9:19, 10:8, 11:9, 12:8, 13:2..
[INFO CTS-0017]     Max level of the clock tree: 4.
[INFO CTS-0098] Clock net "clk"
[INFO CTS-0099]  Sinks 1189
[INFO CTS-0100]  Leaf buffers 185
[INFO CTS-0101]  Average sink wire length 1172.44 um
[INFO CTS-0102]  Path depth 3 - 4
[INFO]: Repairing long wires on clock nets...
[INFO RSZ-0058] Using max wire length 9189um.
Setting global connections for newly added cells…
Writing OpenROAD database to '/openlane/designs/Markov_Chain_Accelerator/runs/fanout_fix_run2/results/cts/Markov_Chain_Accelerator.odb'…
Writing layout to '/openlane/designs/Markov_Chain_Accelerator/runs/fanout_fix_run2/results/cts/Markov_Chain_Accelerator.def'…
Writing timing constraints to '/openlane/designs/Markov_Chain_Accelerator/runs/fanout_fix_run2/results/cts/Markov_Chain_Accelerator.sdc'…
[INFO]: Legalizing...
Placement Analysis
---------------------------------
total displacement       7176.9 u
average displacement        0.5 u
max displacement           16.8 u
original HPWL          283968.1 u
legalized HPWL         296688.1 u
delta HPWL                    4 %

[INFO DPL-0020] Mirrored 5128 instances
[INFO DPL-0021] HPWL before          296688.1 u
[INFO DPL-0022] HPWL after           288562.7 u
[INFO DPL-0023] HPWL delta               -2.7 %
Setting global connections for newly added cells…
Writing OpenROAD database to '/openlane/designs/Markov_Chain_Accelerator/runs/fanout_fix_run2/results/cts/Markov_Chain_Accelerator.odb'…
Writing layout to '/openlane/designs/Markov_Chain_Accelerator/runs/fanout_fix_run2/results/cts/Markov_Chain_Accelerator.def'…
Writing timing constraints to '/openlane/designs/Markov_Chain_Accelerator/runs/fanout_fix_run2/results/cts/Markov_Chain_Accelerator.sdc'…
cts_report
[INFO CTS-0003] Total number of Clock Roots: 1.
[INFO CTS-0004] Total number of Buffers Inserted: 210.
[INFO CTS-0005] Total number of Clock Subnets: 210.
[INFO CTS-0006] Total number of Sinks: 1189.
cts_report_end
