Thu Aug 06 15:25:30 UTC 2026 - Executing "/openlane/scripts/mergeLef.py -o /openlane/designs/Markov_Chain_Accelerator/runs/fanout_fix_run2/tmp/merged.nom.lef -i /home/user/.ciel/gf180mcuC/libs.ref/gf180mcu_fd_sc_mcu7t5v0/techlef/gf180mcu_fd_sc_mcu7t5v0__nom.tlef /home/user/.ciel/gf180mcuC/libs.ref/gf180mcu_fd_sc_mcu7t5v0/lef/gf180mcu_fd_sc_mcu7t5v0.lef |& tee /dev/null"

Thu Aug 06 15:25:30 UTC 2026 - Executing "/openlane/scripts/mergeLef.py -o /openlane/designs/Markov_Chain_Accelerator/runs/fanout_fix_run2/tmp/merged.min.lef -i /home/user/.ciel/gf180mcuC/libs.ref/gf180mcu_fd_sc_mcu7t5v0/techlef/gf180mcu_fd_sc_mcu7t5v0__min.tlef /home/user/.ciel/gf180mcuC/libs.ref/gf180mcu_fd_sc_mcu7t5v0/lef/gf180mcu_fd_sc_mcu7t5v0.lef |& tee /dev/null"

Thu Aug 06 15:25:30 UTC 2026 - Executing "/openlane/scripts/mergeLef.py -o /openlane/designs/Markov_Chain_Accelerator/runs/fanout_fix_run2/tmp/merged.max.lef -i /home/user/.ciel/gf180mcuC/libs.ref/gf180mcu_fd_sc_mcu7t5v0/techlef/gf180mcu_fd_sc_mcu7t5v0__max.tlef /home/user/.ciel/gf180mcuC/libs.ref/gf180mcu_fd_sc_mcu7t5v0/lef/gf180mcu_fd_sc_mcu7t5v0.lef |& tee /dev/null"

Thu Aug 06 15:25:30 UTC 2026 - Executing "python3 /openlane/scripts/mergeLib.py --output /openlane/designs/Markov_Chain_Accelerator/runs/fanout_fix_run2/tmp/synthesis/merged.lib --name gf180mcuC_merged /home/user/.ciel/gf180mcuC/libs.ref/gf180mcu_fd_sc_mcu7t5v0/lib/gf180mcu_fd_sc_mcu7t5v0__tt_025C_5v00.lib"

Thu Aug 06 15:25:31 UTC 2026 - Executing "python3 /openlane/scripts/libtrim.py --cell-file /openlane/designs/Markov_Chain_Accelerator/runs/fanout_fix_run2/tmp/synthesis/trimmed.lib.exclude.list --output /openlane/designs/Markov_Chain_Accelerator/runs/fanout_fix_run2/tmp/synthesis/trimmed.lib /openlane/designs/Markov_Chain_Accelerator/runs/fanout_fix_run2/tmp/synthesis/merged.lib"

Thu Aug 06 15:25:32 UTC 2026 - Executing "python3 /openlane/scripts/libtrim.py --cell-file /openlane/designs/Markov_Chain_Accelerator/runs/fanout_fix_run2/tmp/cts/cts.lib.exclude.list --output /openlane/designs/Markov_Chain_Accelerator/runs/fanout_fix_run2/tmp/cts/cts.lib /home/user/.ciel/gf180mcuC/libs.ref/gf180mcu_fd_sc_mcu7t5v0/lib/gf180mcu_fd_sc_mcu7t5v0__tt_025C_5v00.lib"

Thu Aug 06 15:25:32 UTC 2026 - Executing "python3 /openlane/scripts/libtrim.py --cell-file /openlane/designs/Markov_Chain_Accelerator/runs/fanout_fix_run2/tmp/cts/cts-fastest.lib.exclude.list --output /openlane/designs/Markov_Chain_Accelerator/runs/fanout_fix_run2/tmp/cts/cts-fastest.lib /home/user/.ciel/gf180mcuC/libs.ref/gf180mcu_fd_sc_mcu7t5v0/lib/gf180mcu_fd_sc_mcu7t5v0__ff_n40C_5v50.lib"

Thu Aug 06 15:25:33 UTC 2026 - Executing "python3 /openlane/scripts/libtrim.py --cell-file /openlane/designs/Markov_Chain_Accelerator/runs/fanout_fix_run2/tmp/cts/cts-slowest.lib.exclude.list --output /openlane/designs/Markov_Chain_Accelerator/runs/fanout_fix_run2/tmp/cts/cts-slowest.lib /home/user/.ciel/gf180mcuC/libs.ref/gf180mcu_fd_sc_mcu7t5v0/lib/gf180mcu_fd_sc_mcu7t5v0__ss_125C_4v50.lib"

Thu Aug 06 15:25:33 UTC 2026 - Executing "python3 /openlane/scripts/new_tracks.py -i /home/user/.ciel/gf180mcuC/libs.tech/openlane/gf180mcu_fd_sc_mcu7t5v0/tracks.info -o /openlane/designs/Markov_Chain_Accelerator/runs/fanout_fix_run2/tmp/routing/config.tracks"

Thu Aug 06 15:25:33 UTC 2026 - Executing "echo {OpenLane ff5509f65b17bfa4068d5336495ab1718987ff69} > /openlane/designs/Markov_Chain_Accelerator/runs/fanout_fix_run2/OPENLANE_COMMIT"

Thu Aug 06 15:25:33 UTC 2026 - Executing "sed -E {s/^([[:space:]]+)pg_pin(.*)/\1pin\2\n\1    direction : "inout";/g} /home/user/.ciel/gf180mcuC/libs.ref/gf180mcu_fd_sc_mcu7t5v0/lib/gf180mcu_fd_sc_mcu7t5v0__tt_025C_5v00.lib > /openlane/designs/Markov_Chain_Accelerator/runs/fanout_fix_run2/tmp/synthesis/1-gf180mcu_fd_sc_mcu7t5v0__tt_025C_5v00.no_pg.lib"

Thu Aug 06 15:25:34 UTC 2026 - Executing "sed -E {s/^([[:space:]]+)pg_pin(.*)/\1pin\2\n\1    direction : "inout";/g} /openlane/designs/Markov_Chain_Accelerator/runs/fanout_fix_run2/tmp/synthesis/trimmed.lib > /openlane/designs/Markov_Chain_Accelerator/runs/fanout_fix_run2/tmp/synthesis/1-trimmed.no_pg.lib"

Thu Aug 06 15:25:34 UTC 2026 - Executing "yosys -c /openlane/scripts/yosys/synth.tcl |& tee /dev/null /openlane/designs/Markov_Chain_Accelerator/runs/fanout_fix_run2/logs/synthesis/1-synthesis.log"

Thu Aug 06 15:25:43 UTC 2026 - Executing "sed -i.bak -e {s/\(set ::env(CURRENT_NETLIST)\).*/\1 \/openlane\/designs\/Markov_Chain_Accelerator\/runs\/fanout_fix_run2\/results\/synthesis\/Markov_Chain_Accelerator.v/} /openlane/designs/Markov_Chain_Accelerator/runs/fanout_fix_run2/config.tcl"

Thu Aug 06 15:25:43 UTC 2026 - Executing "sed -i.bak /defparam/d /openlane/designs/Markov_Chain_Accelerator/runs/fanout_fix_run2/results/synthesis/Markov_Chain_Accelerator.v"

Thu Aug 06 15:25:44 UTC 2026 - Executing "sta -exit -no_init /openlane/scripts/openroad/sta/multi_corner.tcl |& tee /dev/null /openlane/designs/Markov_Chain_Accelerator/runs/fanout_fix_run2/logs/synthesis/2-sta.log"

Thu Aug 06 15:25:46 UTC 2026 - Executing "openroad -exit /openlane/scripts/openroad/floorplan.tcl |& tee /dev/null /openlane/designs/Markov_Chain_Accelerator/runs/fanout_fix_run2/logs/floorplan/3-initial_fp.log"

Thu Aug 06 15:25:47 UTC 2026 - Executing "openroad -exit -no_init -python /openlane/scripts/odbpy/defutil.py extract_core_dims --output-data /openlane/designs/Markov_Chain_Accelerator/runs/fanout_fix_run2/tmp/dimensions.txt --input-lef /openlane/designs/Markov_Chain_Accelerator/runs/fanout_fix_run2/tmp/merged.nom.lef /openlane/designs/Markov_Chain_Accelerator/runs/fanout_fix_run2/tmp/floorplan/3-initial_fp.def"

Thu Aug 06 15:25:48 UTC 2026 - Executing "openroad -exit /openlane/scripts/openroad/ioplacer.tcl |& tee /dev/null /openlane/designs/Markov_Chain_Accelerator/runs/fanout_fix_run2/logs/floorplan/4-io.log"

Thu Aug 06 15:25:49 UTC 2026 - Executing "openroad -exit /openlane/scripts/openroad/tapcell.tcl |& tee /dev/null /openlane/designs/Markov_Chain_Accelerator/runs/fanout_fix_run2/logs/floorplan/5-tap.log"

Thu Aug 06 15:25:50 UTC 2026 - Executing "openroad -exit /openlane/scripts/openroad/pdn.tcl |& tee /dev/null /openlane/designs/Markov_Chain_Accelerator/runs/fanout_fix_run2/logs/floorplan/6-pdn.log"

Thu Aug 06 15:25:51 UTC 2026 - Executing "openroad -exit /openlane/scripts/openroad/gpl.tcl |& tee /dev/null /openlane/designs/Markov_Chain_Accelerator/runs/fanout_fix_run2/logs/placement/7-global.log"

Thu Aug 06 15:26:10 UTC 2026 - Executing "sed -i.bak -e {s/\(set ::env(CURRENT_NETLIST)\).*/\1 \/openlane\/designs\/Markov_Chain_Accelerator\/runs\/fanout_fix_run2\/tmp\/placement\/7-global.nl.v/} /openlane/designs/Markov_Chain_Accelerator/runs/fanout_fix_run2/config.tcl"

Thu Aug 06 15:26:11 UTC 2026 - Executing "openroad -exit /openlane/scripts/openroad/sta/multi_corner.tcl |& tee /dev/null /openlane/designs/Markov_Chain_Accelerator/runs/fanout_fix_run2/logs/placement/8-gpl_sta.log"

Thu Aug 06 15:26:14 UTC 2026 - Executing "openroad -exit /openlane/scripts/openroad/resizer.tcl |& tee /dev/null /openlane/designs/Markov_Chain_Accelerator/runs/fanout_fix_run2/logs/placement/9-resizer.log"

Thu Aug 06 15:26:20 UTC 2026 - Executing "sed -i.bak -e {s/\(set ::env(CURRENT_NETLIST)\).*/\1 \/openlane\/designs\/Markov_Chain_Accelerator\/runs\/fanout_fix_run2\/tmp\/placement\/9-resizer.nl.v/} /openlane/designs/Markov_Chain_Accelerator/runs/fanout_fix_run2/config.tcl"

Thu Aug 06 15:26:20 UTC 2026 - Executing "openroad -exit /openlane/scripts/openroad/dpl.tcl |& tee /dev/null /openlane/designs/Markov_Chain_Accelerator/runs/fanout_fix_run2/logs/placement/10-detailed.log"

Thu Aug 06 15:26:22 UTC 2026 - Executing "sed -i.bak -e {s/\(set ::env(CURRENT_NETLIST)\).*/\1 \/openlane\/designs\/Markov_Chain_Accelerator\/runs\/fanout_fix_run2\/results\/placement\/Markov_Chain_Accelerator.nl.v/} /openlane/designs/Markov_Chain_Accelerator/runs/fanout_fix_run2/config.tcl"

Thu Aug 06 15:26:22 UTC 2026 - Executing "openroad -exit /openlane/scripts/openroad/sta/multi_corner.tcl |& tee /dev/null /openlane/designs/Markov_Chain_Accelerator/runs/fanout_fix_run2/logs/placement/11-dpl_sta.log"

Thu Aug 06 15:26:25 UTC 2026 - Executing "openroad -exit /openlane/scripts/openroad/cts.tcl |& tee /dev/null /openlane/designs/Markov_Chain_Accelerator/runs/fanout_fix_run2/logs/cts/12-cts.log"

Thu Aug 06 15:27:07 UTC 2026 - Executing "openroad -exit /openlane/scripts/openroad/sta/multi_corner.tcl |& tee /dev/null /openlane/designs/Markov_Chain_Accelerator/runs/fanout_fix_run2/logs/cts/13-cts_sta.log"

Thu Aug 06 15:27:12 UTC 2026 - Executing "openroad -exit /openlane/scripts/openroad/resizer_timing.tcl |& tee /dev/null /openlane/designs/Markov_Chain_Accelerator/runs/fanout_fix_run2/logs/cts/14-resizer.log"

Thu Aug 06 15:27:33 UTC 2026 - Executing "sed -i.bak -e {s/\(set ::env(CURRENT_NETLIST)\).*/\1 \/openlane\/designs\/Markov_Chain_Accelerator\/runs\/fanout_fix_run2\/tmp\/cts\/14-Markov_Chain_Accelerator.resized.nl.v/} /openlane/designs/Markov_Chain_Accelerator/runs/fanout_fix_run2/config.tcl"

Thu Aug 06 15:27:33 UTC 2026 - Executing "openroad -exit /openlane/scripts/openroad/resizer_routing_design.tcl |& tee /dev/null /openlane/designs/Markov_Chain_Accelerator/runs/fanout_fix_run2/logs/routing/15-resizer_design.log"

Thu Aug 06 15:27:42 UTC 2026 - Executing "sed -i.bak -e {s/\(set ::env(CURRENT_NETLIST)\).*/\1 \/openlane\/designs\/Markov_Chain_Accelerator\/runs\/fanout_fix_run2\/tmp\/15-Markov_Chain_Accelerator.nl.v/} /openlane/designs/Markov_Chain_Accelerator/runs/fanout_fix_run2/config.tcl"

Thu Aug 06 15:27:42 UTC 2026 - Executing "openroad -exit /openlane/scripts/openroad/sta/multi_corner.tcl |& tee /dev/null /openlane/designs/Markov_Chain_Accelerator/runs/fanout_fix_run2/logs/routing/16-rsz_design_sta.log"

Thu Aug 06 15:27:47 UTC 2026 - Executing "openroad -exit /openlane/scripts/openroad/resizer_routing_timing.tcl |& tee /dev/null /openlane/designs/Markov_Chain_Accelerator/runs/fanout_fix_run2/logs/routing/17-resizer_timing.log"

Thu Aug 06 15:27:58 UTC 2026 - Executing "sed -i.bak -e {s/\(set ::env(CURRENT_NETLIST)\).*/\1 \/openlane\/designs\/Markov_Chain_Accelerator\/runs\/fanout_fix_run2\/tmp\/17-Markov_Chain_Accelerator.nl.v/} /openlane/designs/Markov_Chain_Accelerator/runs/fanout_fix_run2/config.tcl"

Thu Aug 06 15:27:58 UTC 2026 - Executing "openroad -exit /openlane/scripts/openroad/sta/multi_corner.tcl |& tee /dev/null /openlane/designs/Markov_Chain_Accelerator/runs/fanout_fix_run2/logs/routing/18-rsz_timing_sta.log"

Thu Aug 06 15:28:03 UTC 2026 - Executing "openroad -exit -no_init -python /openlane/scripts/odbpy/diodes.py place --diode-cell gf180mcu_fd_sc_mcu7t5v0__antenna --diode-pin I --threshold 90 --side-strategy source --port-protect none --input-lef /openlane/designs/Markov_Chain_Accelerator/runs/fanout_fix_run2/tmp/merged.nom.lef --output-def /openlane/designs/Markov_Chain_Accelerator/runs/fanout_fix_run2/tmp/routing/19-diodes.def --output /openlane/designs/Markov_Chain_Accelerator/runs/fanout_fix_run2/tmp/routing/19-diodes.odb /openlane/designs/Markov_Chain_Accelerator/runs/fanout_fix_run2/tmp/17-Markov_Chain_Accelerator.odb |& tee /dev/null /openlane/designs/Markov_Chain_Accelerator/runs/fanout_fix_run2/logs/routing/19-diodes.log"

Thu Aug 06 15:28:04 UTC 2026 - Executing "openroad -exit /openlane/scripts/openroad/dpl.tcl |& tee /dev/null /openlane/designs/Markov_Chain_Accelerator/runs/fanout_fix_run2/logs/routing/20-diode_legalization.log"

Thu Aug 06 15:28:06 UTC 2026 - Executing "sed -i.bak -e {s/\(set ::env(CURRENT_NETLIST)\).*/\1 \/openlane\/designs\/Markov_Chain_Accelerator\/runs\/fanout_fix_run2\/tmp\/routing\/.\/19-diodes_legalized.nl.v/} /openlane/designs/Markov_Chain_Accelerator/runs/fanout_fix_run2/config.tcl"

Thu Aug 06 15:28:06 UTC 2026 - Executing "openroad -exit /openlane/scripts/openroad/groute.tcl |& tee /dev/null /openlane/designs/Markov_Chain_Accelerator/runs/fanout_fix_run2/logs/routing/21-global.log"

Thu Aug 06 15:28:08 UTC 2026 - Executing "openroad -exit /openlane/scripts/openroad/write_views.tcl |& tee /dev/null /openlane/designs/Markov_Chain_Accelerator/runs/fanout_fix_run2/logs/routing/21-global_write_netlist.log"

Thu Aug 06 15:28:09 UTC 2026 - Executing "sed -i.bak -e {s/\(set ::env(CURRENT_NETLIST)\).*/\1 \/openlane\/designs\/Markov_Chain_Accelerator\/runs\/fanout_fix_run2\/tmp\/routing\/global.nl.v/} /openlane/designs/Markov_Chain_Accelerator/runs/fanout_fix_run2/config.tcl"

Thu Aug 06 15:28:10 UTC 2026 - Executing "openroad -exit /openlane/scripts/openroad/sta/multi_corner.tcl |& tee /dev/null /openlane/designs/Markov_Chain_Accelerator/runs/fanout_fix_run2/logs/routing/23-grt_sta.log"

Thu Aug 06 15:28:13 UTC 2026 - Executing "openroad -exit /openlane/scripts/openroad/fill.tcl |& tee /dev/null /openlane/designs/Markov_Chain_Accelerator/runs/fanout_fix_run2/logs/routing/24-fill.log"

Thu Aug 06 15:28:15 UTC 2026 - Executing "sed -i.bak -e {s/\(set ::env(CURRENT_NETLIST)\).*/\1 \/openlane\/designs\/Markov_Chain_Accelerator\/runs\/fanout_fix_run2\/tmp\/routing\/24-fill.nl.v/} /openlane/designs/Markov_Chain_Accelerator/runs/fanout_fix_run2/config.tcl"

Thu Aug 06 15:28:15 UTC 2026 - Executing "openroad -exit /openlane/scripts/openroad/droute.tcl |& tee /dev/null /openlane/designs/Markov_Chain_Accelerator/runs/fanout_fix_run2/logs/routing/25-detailed.log"

Thu Aug 06 15:30:17 UTC 2026 - Executing "sed -i.bak -e {s/\(set ::env(CURRENT_NETLIST)\).*/\1 \/openlane\/designs\/Markov_Chain_Accelerator\/runs\/fanout_fix_run2\/results\/routing\/Markov_Chain_Accelerator.nl.v/} /openlane/designs/Markov_Chain_Accelerator/runs/fanout_fix_run2/config.tcl"

Thu Aug 06 15:30:17 UTC 2026 - Executing "python3 /openlane/scripts/drc_rosetta.py tr to_klayout -o /openlane/designs/Markov_Chain_Accelerator/runs/fanout_fix_run2/reports/routing/drt.klayout.xml --design-name Markov_Chain_Accelerator /openlane/designs/Markov_Chain_Accelerator/runs/fanout_fix_run2/reports/routing/drt.drc"

Thu Aug 06 15:30:17 UTC 2026 - Executing "openroad -exit -no_init -python /openlane/scripts/odbpy/wire_lengths.py --report-out /openlane/designs/Markov_Chain_Accelerator/runs/fanout_fix_run2/reports/routing/26-wire_lengths.csv --input-lef /openlane/designs/Markov_Chain_Accelerator/runs/fanout_fix_run2/tmp/merged.nom.lef --output-def /dev/null --output /openlane/designs/Markov_Chain_Accelerator/runs/fanout_fix_run2/results/routing/Markov_Chain_Accelerator.odb /openlane/designs/Markov_Chain_Accelerator/runs/fanout_fix_run2/results/routing/Markov_Chain_Accelerator.odb |& tee /dev/null /openlane/designs/Markov_Chain_Accelerator/runs/fanout_fix_run2/logs/routing/26-wire_lengths.log"

Thu Aug 06 15:30:18 UTC 2026 - Executing "openroad -exit /openlane/scripts/openroad/rcx.tcl |& tee /dev/null /openlane/designs/Markov_Chain_Accelerator/runs/fanout_fix_run2/logs/signoff/27-parasitics_extraction.min.log"

Thu Aug 06 15:30:22 UTC 2026 - Executing "sta -exit -no_init /openlane/scripts/openroad/sta/multi_corner.tcl |& tee /dev/null /openlane/designs/Markov_Chain_Accelerator/runs/fanout_fix_run2/logs/signoff/28-rcx_mcsta.min.log"

Thu Aug 06 15:30:45 UTC 2026 - Executing "openroad -exit /openlane/scripts/openroad/rcx.tcl |& tee /dev/null /openlane/designs/Markov_Chain_Accelerator/runs/fanout_fix_run2/logs/signoff/29-parasitics_extraction.max.log"

Thu Aug 06 15:30:49 UTC 2026 - Executing "sta -exit -no_init /openlane/scripts/openroad/sta/multi_corner.tcl |& tee /dev/null /openlane/designs/Markov_Chain_Accelerator/runs/fanout_fix_run2/logs/signoff/30-rcx_mcsta.max.log"

Thu Aug 06 15:31:10 UTC 2026 - Executing "openroad -exit /openlane/scripts/openroad/rcx.tcl |& tee /dev/null /openlane/designs/Markov_Chain_Accelerator/runs/fanout_fix_run2/logs/signoff/31-parasitics_extraction.nom.log"

Thu Aug 06 15:31:15 UTC 2026 - Executing "sta -exit -no_init /openlane/scripts/openroad/sta/multi_corner.tcl |& tee /dev/null /openlane/designs/Markov_Chain_Accelerator/runs/fanout_fix_run2/logs/signoff/32-rcx_mcsta.nom.log"

Thu Aug 06 15:31:37 UTC 2026 - Executing "sta -exit -no_init /openlane/scripts/openroad/sta/multi_corner.tcl |& tee /dev/null /openlane/designs/Markov_Chain_Accelerator/runs/fanout_fix_run2/logs/signoff/33-rcx_sta.log"

Thu Aug 06 15:31:43 UTC 2026 - Executing "openroad -exit /openlane/scripts/openroad/irdrop.tcl |& tee /dev/null /openlane/designs/Markov_Chain_Accelerator/runs/fanout_fix_run2/logs/signoff/34-irdrop.log"

Thu Aug 06 15:31:49 UTC 2026 - Executing "magic -noconsole -dnull -rcfile /home/user/.ciel/gf180mcuC/libs.tech/magic/gf180mcuC.magicrc < /openlane/scripts/magic/wrapper.tcl |& tee /dev/null /openlane/designs/Markov_Chain_Accelerator/runs/fanout_fix_run2/logs/signoff/35-gdsii.log"

Thu Aug 06 15:31:54 UTC 2026 - Executing "magic -noconsole -dnull -rcfile /home/user/.ciel/gf180mcuC/libs.tech/magic/gf180mcuC.magicrc < /openlane/scripts/magic/wrapper.tcl |& tee /dev/null /openlane/designs/Markov_Chain_Accelerator/runs/fanout_fix_run2/logs/signoff/35-gds_ptrs.log"

Thu Aug 06 15:31:58 UTC 2026 - Executing "sed -i.bak -n {/^<< properties >>/,/^<< end >>/p} /openlane/designs/Markov_Chain_Accelerator/runs/fanout_fix_run2/tmp/signoff/gds_ptrs.mag"

Thu Aug 06 15:31:59 UTC 2026 - Executing "magic -noconsole -dnull -rcfile /home/user/.ciel/gf180mcuC/libs.tech/magic/gf180mcuC.magicrc < /openlane/scripts/magic/wrapper.tcl |& tee /dev/null /openlane/designs/Markov_Chain_Accelerator/runs/fanout_fix_run2/logs/signoff/35-lef.log"

Thu Aug 06 15:32:04 UTC 2026 - Executing "magic -noconsole -dnull -rcfile /home/user/.ciel/gf180mcuC/libs.tech/magic/gf180mcuC.magicrc < /openlane/scripts/magic/wrapper.tcl |& tee /dev/null /openlane/designs/Markov_Chain_Accelerator/runs/fanout_fix_run2/logs/signoff/35-maglef.log"

Thu Aug 06 15:32:05 UTC 2026 - Executing "python3 /openlane/scripts/klayout/stream_out.py --output /openlane/designs/Markov_Chain_Accelerator/runs/fanout_fix_run2/results/signoff/Markov_Chain_Accelerator.klayout.gds --lyt /home/user/.ciel/gf180mcuC/libs.tech/klayout/tech/gf180mcu.lyt --lym /home/user/.ciel/gf180mcuC/libs.tech/klayout/tech/gf180mcu.map --lyp /home/user/.ciel/gf180mcuC/libs.tech/klayout/tech/gf180mcu.lyp --top Markov_Chain_Accelerator --with-gds-file /home/user/.ciel/gf180mcuC/libs.ref/gf180mcu_fd_sc_mcu7t5v0/gds/gf180mcu_fd_sc_mcu7t5v0.gds --input-lef /openlane/designs/Markov_Chain_Accelerator/runs/fanout_fix_run2/tmp/merged.nom.lef /openlane/designs/Markov_Chain_Accelerator/runs/fanout_fix_run2/results/routing/Markov_Chain_Accelerator.def |& tee /dev/null /openlane/designs/Markov_Chain_Accelerator/runs/fanout_fix_run2/logs/signoff/36-gdsii-klayout.log"

Thu Aug 06 15:32:07 UTC 2026 - Executing "klayout -b -r /openlane/scripts/klayout/xor.drc -rd a=/openlane/designs/Markov_Chain_Accelerator/runs/fanout_fix_run2/results/signoff/Markov_Chain_Accelerator.gds -rd b=/openlane/designs/Markov_Chain_Accelerator/runs/fanout_fix_run2/results/signoff/Markov_Chain_Accelerator.klayout.gds -rd jobs=1 -rd rdb_out=/openlane/designs/Markov_Chain_Accelerator/runs/fanout_fix_run2/reports/signoff/37-xor.xml -rd ignore= -rd rpt_out=/openlane/designs/Markov_Chain_Accelerator/runs/fanout_fix_run2/reports/signoff/37-xor.rpt |& tee /dev/null /openlane/designs/Markov_Chain_Accelerator/runs/fanout_fix_run2/logs/signoff/37-xor.log"

Thu Aug 06 15:32:23 UTC 2026 - Executing "magic -noconsole -dnull -rcfile /home/user/.ciel/gf180mcuC/libs.tech/magic/gf180mcuC.magicrc < /openlane/scripts/magic/wrapper.tcl |& tee /dev/null /openlane/designs/Markov_Chain_Accelerator/runs/fanout_fix_run2/logs/signoff/38-spice.log"

Thu Aug 06 15:32:45 UTC 2026 - Executing "openroad -exit -no_init -python /openlane/scripts/odbpy/power_utils.py write_powered_def --output /openlane/designs/Markov_Chain_Accelerator/runs/fanout_fix_run2/tmp/signoff/38-Markov_Chain_Accelerator.p.def --input-lef /openlane/designs/Markov_Chain_Accelerator/runs/fanout_fix_run2/tmp/merged.nom.lef --power-port VDD --ground-port VSS --powered-netlist {} /openlane/designs/Markov_Chain_Accelerator/runs/fanout_fix_run2/results/routing/Markov_Chain_Accelerator.def |& tee /dev/null /openlane/designs/Markov_Chain_Accelerator/runs/fanout_fix_run2/logs/signoff/39-write_powered_def.log"

Thu Aug 06 15:32:46 UTC 2026 - Executing "openroad -exit /openlane/scripts/openroad/write_views.tcl |& tee /dev/null /openlane/designs/Markov_Chain_Accelerator/runs/fanout_fix_run2/logs/signoff/39-write_powered_verilog.log"

Thu Aug 06 15:32:48 UTC 2026 - Executing "sed -i.bak -e {s/\(set ::env(CURRENT_NETLIST)\).*/\1 \/openlane\/designs\/Markov_Chain_Accelerator\/runs\/fanout_fix_run2\/tmp\/signoff\/38-Markov_Chain_Accelerator.nl.v/} /openlane/designs/Markov_Chain_Accelerator/runs/fanout_fix_run2/config.tcl"

Thu Aug 06 15:32:49 UTC 2026 - Executing "netgen -batch source /openlane/designs/Markov_Chain_Accelerator/runs/fanout_fix_run2/tmp/signoff/41-setup_file.lef.lvs |& tee /dev/null /openlane/designs/Markov_Chain_Accelerator/runs/fanout_fix_run2/logs/signoff/41-lvs.lef.log"

Thu Aug 06 15:32:53 UTC 2026 - Executing "magic -noconsole -dnull -rcfile /home/user/.ciel/gf180mcuC/libs.tech/magic/gf180mcuC.magicrc < /openlane/scripts/magic/wrapper.tcl |& tee /dev/null /openlane/designs/Markov_Chain_Accelerator/runs/fanout_fix_run2/logs/signoff/42-drc.log"

Thu Aug 06 15:33:16 UTC 2026 - Executing "python3 /openlane/scripts/drc_rosetta.py magic to_tcl -o /openlane/designs/Markov_Chain_Accelerator/runs/fanout_fix_run2/reports/signoff/drc.tcl /openlane/designs/Markov_Chain_Accelerator/runs/fanout_fix_run2/reports/signoff/drc.rpt"

Thu Aug 06 15:33:16 UTC 2026 - Executing "python3 /openlane/scripts/drc_rosetta.py magic to_tr -o /openlane/designs/Markov_Chain_Accelerator/runs/fanout_fix_run2/reports/signoff/drc.tr /openlane/designs/Markov_Chain_Accelerator/runs/fanout_fix_run2/reports/signoff/drc.rpt"

Thu Aug 06 15:33:16 UTC 2026 - Executing "python3 /openlane/scripts/drc_rosetta.py tr to_klayout -o /openlane/designs/Markov_Chain_Accelerator/runs/fanout_fix_run2/reports/signoff/drc.klayout.xml --design-name Markov_Chain_Accelerator /openlane/designs/Markov_Chain_Accelerator/runs/fanout_fix_run2/reports/signoff/drc.tr"

Thu Aug 06 15:33:17 UTC 2026 - Executing "python3 /openlane/scripts/drc_rosetta.py magic to_rdb -o /openlane/designs/Markov_Chain_Accelerator/runs/fanout_fix_run2/reports/signoff/drc.rdb /openlane/designs/Markov_Chain_Accelerator/runs/fanout_fix_run2/reports/signoff/drc.rpt"

Thu Aug 06 15:33:17 UTC 2026 - Executing "openroad -exit /openlane/scripts/openroad/antenna_check.tcl |& tee /dev/null /openlane/designs/Markov_Chain_Accelerator/runs/fanout_fix_run2/logs/signoff/43-arc.log"

Thu Aug 06 15:33:20 UTC 2026 - Executing "python3 /openlane/scripts/extract_antenna_violators.py --output /openlane/designs/Markov_Chain_Accelerator/runs/fanout_fix_run2/reports/signoff/43-antenna_violators.rpt --plain-out /openlane/designs/Markov_Chain_Accelerator/runs/fanout_fix_run2/reports/signoff/43-antenna_violators_pins.txt /openlane/designs/Markov_Chain_Accelerator/runs/fanout_fix_run2/logs/signoff/43-arc.log"

