Tue Sep 08 16:37:51 UTC 2026 - Executing "/openlane/scripts/mergeLef.py -o /openlane/designs/Markov_Chain_Accelerator/runs/PDN_mqrn_test/tmp/merged.nom.lef -i /home/user/.ciel/gf180mcuC/libs.ref/gf180mcu_fd_sc_mcu7t5v0/techlef/gf180mcu_fd_sc_mcu7t5v0__nom.tlef /home/user/.ciel/gf180mcuC/libs.ref/gf180mcu_fd_sc_mcu7t5v0/lef/gf180mcu_fd_sc_mcu7t5v0.lef |& tee /dev/null"

Tue Sep 08 16:37:51 UTC 2026 - Executing "/openlane/scripts/mergeLef.py -o /openlane/designs/Markov_Chain_Accelerator/runs/PDN_mqrn_test/tmp/merged.min.lef -i /home/user/.ciel/gf180mcuC/libs.ref/gf180mcu_fd_sc_mcu7t5v0/techlef/gf180mcu_fd_sc_mcu7t5v0__min.tlef /home/user/.ciel/gf180mcuC/libs.ref/gf180mcu_fd_sc_mcu7t5v0/lef/gf180mcu_fd_sc_mcu7t5v0.lef |& tee /dev/null"

Tue Sep 08 16:37:51 UTC 2026 - Executing "/openlane/scripts/mergeLef.py -o /openlane/designs/Markov_Chain_Accelerator/runs/PDN_mqrn_test/tmp/merged.max.lef -i /home/user/.ciel/gf180mcuC/libs.ref/gf180mcu_fd_sc_mcu7t5v0/techlef/gf180mcu_fd_sc_mcu7t5v0__max.tlef /home/user/.ciel/gf180mcuC/libs.ref/gf180mcu_fd_sc_mcu7t5v0/lef/gf180mcu_fd_sc_mcu7t5v0.lef |& tee /dev/null"

Tue Sep 08 16:37:51 UTC 2026 - Executing "python3 /openlane/scripts/mergeLib.py --output /openlane/designs/Markov_Chain_Accelerator/runs/PDN_mqrn_test/tmp/synthesis/merged.lib --name gf180mcuC_merged /home/user/.ciel/gf180mcuC/libs.ref/gf180mcu_fd_sc_mcu7t5v0/lib/gf180mcu_fd_sc_mcu7t5v0__tt_025C_5v00.lib"

Tue Sep 08 16:37:52 UTC 2026 - Executing "python3 /openlane/scripts/libtrim.py --cell-file /openlane/designs/Markov_Chain_Accelerator/runs/PDN_mqrn_test/tmp/synthesis/trimmed.lib.exclude.list --output /openlane/designs/Markov_Chain_Accelerator/runs/PDN_mqrn_test/tmp/synthesis/trimmed.lib /openlane/designs/Markov_Chain_Accelerator/runs/PDN_mqrn_test/tmp/synthesis/merged.lib"

Tue Sep 08 16:37:52 UTC 2026 - Executing "python3 /openlane/scripts/libtrim.py --cell-file /openlane/designs/Markov_Chain_Accelerator/runs/PDN_mqrn_test/tmp/cts/cts.lib.exclude.list --output /openlane/designs/Markov_Chain_Accelerator/runs/PDN_mqrn_test/tmp/cts/cts.lib /home/user/.ciel/gf180mcuC/libs.ref/gf180mcu_fd_sc_mcu7t5v0/lib/gf180mcu_fd_sc_mcu7t5v0__tt_025C_5v00.lib"

Tue Sep 08 16:37:53 UTC 2026 - Executing "python3 /openlane/scripts/libtrim.py --cell-file /openlane/designs/Markov_Chain_Accelerator/runs/PDN_mqrn_test/tmp/cts/cts-fastest.lib.exclude.list --output /openlane/designs/Markov_Chain_Accelerator/runs/PDN_mqrn_test/tmp/cts/cts-fastest.lib /home/user/.ciel/gf180mcuC/libs.ref/gf180mcu_fd_sc_mcu7t5v0/lib/gf180mcu_fd_sc_mcu7t5v0__ff_n40C_5v50.lib"

Tue Sep 08 16:37:54 UTC 2026 - Executing "python3 /openlane/scripts/libtrim.py --cell-file /openlane/designs/Markov_Chain_Accelerator/runs/PDN_mqrn_test/tmp/cts/cts-slowest.lib.exclude.list --output /openlane/designs/Markov_Chain_Accelerator/runs/PDN_mqrn_test/tmp/cts/cts-slowest.lib /home/user/.ciel/gf180mcuC/libs.ref/gf180mcu_fd_sc_mcu7t5v0/lib/gf180mcu_fd_sc_mcu7t5v0__ss_125C_4v50.lib"

Tue Sep 08 16:37:54 UTC 2026 - Executing "python3 /openlane/scripts/new_tracks.py -i /home/user/.ciel/gf180mcuC/libs.tech/openlane/gf180mcu_fd_sc_mcu7t5v0/tracks.info -o /openlane/designs/Markov_Chain_Accelerator/runs/PDN_mqrn_test/tmp/routing/config.tracks"

Tue Sep 08 16:37:54 UTC 2026 - Executing "echo {OpenLane ff5509f65b17bfa4068d5336495ab1718987ff69} > /openlane/designs/Markov_Chain_Accelerator/runs/PDN_mqrn_test/OPENLANE_COMMIT"

Tue Sep 08 16:37:54 UTC 2026 - Executing "sed -E {s/^([[:space:]]+)pg_pin(.*)/\1pin\2\n\1    direction : "inout";/g} /home/user/.ciel/gf180mcuC/libs.ref/gf180mcu_fd_sc_mcu7t5v0/lib/gf180mcu_fd_sc_mcu7t5v0__tt_025C_5v00.lib > /openlane/designs/Markov_Chain_Accelerator/runs/PDN_mqrn_test/tmp/synthesis/1-gf180mcu_fd_sc_mcu7t5v0__tt_025C_5v00.no_pg.lib"

Tue Sep 08 16:37:55 UTC 2026 - Executing "sed -E {s/^([[:space:]]+)pg_pin(.*)/\1pin\2\n\1    direction : "inout";/g} /openlane/designs/Markov_Chain_Accelerator/runs/PDN_mqrn_test/tmp/synthesis/trimmed.lib > /openlane/designs/Markov_Chain_Accelerator/runs/PDN_mqrn_test/tmp/synthesis/1-trimmed.no_pg.lib"

Tue Sep 08 16:37:55 UTC 2026 - Executing "yosys -c /openlane/scripts/yosys/synth.tcl |& tee /dev/null /openlane/designs/Markov_Chain_Accelerator/runs/PDN_mqrn_test/logs/synthesis/1-synthesis.log"

Tue Sep 08 16:38:06 UTC 2026 - Executing "sed -i.bak -e {s/\(set ::env(CURRENT_NETLIST)\).*/\1 \/openlane\/designs\/Markov_Chain_Accelerator\/runs\/PDN_mqrn_test\/results\/synthesis\/A06_BH_top_wrapper.v/} /openlane/designs/Markov_Chain_Accelerator/runs/PDN_mqrn_test/config.tcl"

Tue Sep 08 16:38:06 UTC 2026 - Executing "sed -i.bak /defparam/d /openlane/designs/Markov_Chain_Accelerator/runs/PDN_mqrn_test/results/synthesis/A06_BH_top_wrapper.v"

Tue Sep 08 16:38:07 UTC 2026 - Executing "sta -exit -no_init /openlane/scripts/openroad/sta/multi_corner.tcl |& tee /dev/null /openlane/designs/Markov_Chain_Accelerator/runs/PDN_mqrn_test/logs/synthesis/2-sta.log"

Tue Sep 08 16:38:09 UTC 2026 - Executing "openroad -exit /openlane/scripts/openroad/floorplan.tcl |& tee /dev/null /openlane/designs/Markov_Chain_Accelerator/runs/PDN_mqrn_test/logs/floorplan/3-initial_fp.log"

Tue Sep 08 16:38:10 UTC 2026 - Executing "openroad -exit -no_init -python /openlane/scripts/odbpy/defutil.py extract_core_dims --output-data /openlane/designs/Markov_Chain_Accelerator/runs/PDN_mqrn_test/tmp/dimensions.txt --input-lef /openlane/designs/Markov_Chain_Accelerator/runs/PDN_mqrn_test/tmp/merged.nom.lef /openlane/designs/Markov_Chain_Accelerator/runs/PDN_mqrn_test/tmp/floorplan/3-initial_fp.def"

Tue Sep 08 16:38:10 UTC 2026 - Executing "openroad -exit /openlane/scripts/openroad/ioplacer.tcl |& tee /dev/null /openlane/designs/Markov_Chain_Accelerator/runs/PDN_mqrn_test/logs/floorplan/4-io.log"

Tue Sep 08 16:38:12 UTC 2026 - Executing "openroad -exit -no_init -python /openlane/scripts/odbpy/apply_def_template.py --def-template /openlane/designs/Markov_Chain_Accelerator/src/A06_BH.def --input-lef /openlane/designs/Markov_Chain_Accelerator/runs/PDN_mqrn_test/tmp/merged.nom.lef --output-def /openlane/designs/Markov_Chain_Accelerator/runs/PDN_mqrn_test/tmp/floorplan/4-io.def --output /openlane/designs/Markov_Chain_Accelerator/runs/PDN_mqrn_test/tmp/floorplan/4-io.odb /openlane/designs/Markov_Chain_Accelerator/runs/PDN_mqrn_test/tmp/floorplan/4-io.odb |& tee /dev/null /openlane/designs/Markov_Chain_Accelerator/runs/PDN_mqrn_test/logs/floorplan/4-apply_def_template.log"

Tue Sep 08 16:38:12 UTC 2026 - Executing "openroad -exit /openlane/scripts/openroad/tapcell.tcl |& tee /dev/null /openlane/designs/Markov_Chain_Accelerator/runs/PDN_mqrn_test/logs/floorplan/5-tap.log"

Tue Sep 08 16:38:13 UTC 2026 - Executing "openroad -exit /openlane/scripts/openroad/pdn.tcl |& tee /dev/null /openlane/designs/Markov_Chain_Accelerator/runs/PDN_mqrn_test/logs/floorplan/6-pdn.log"

Tue Sep 08 16:38:14 UTC 2026 - Executing "openroad -exit /openlane/scripts/openroad/gpl.tcl |& tee /dev/null /openlane/designs/Markov_Chain_Accelerator/runs/PDN_mqrn_test/logs/placement/7-global.log"

Tue Sep 08 16:38:32 UTC 2026 - Executing "sed -i.bak -e {s/\(set ::env(CURRENT_NETLIST)\).*/\1 \/openlane\/designs\/Markov_Chain_Accelerator\/runs\/PDN_mqrn_test\/tmp\/placement\/7-global.nl.v/} /openlane/designs/Markov_Chain_Accelerator/runs/PDN_mqrn_test/config.tcl"

Tue Sep 08 16:38:32 UTC 2026 - Executing "openroad -exit /openlane/scripts/openroad/sta/multi_corner.tcl |& tee /dev/null /openlane/designs/Markov_Chain_Accelerator/runs/PDN_mqrn_test/logs/placement/8-gpl_sta.log"

Tue Sep 08 16:38:35 UTC 2026 - Executing "openroad -exit /openlane/scripts/openroad/resizer.tcl |& tee /dev/null /openlane/designs/Markov_Chain_Accelerator/runs/PDN_mqrn_test/logs/placement/9-resizer.log"

Tue Sep 08 16:38:42 UTC 2026 - Executing "sed -i.bak -e {s/\(set ::env(CURRENT_NETLIST)\).*/\1 \/openlane\/designs\/Markov_Chain_Accelerator\/runs\/PDN_mqrn_test\/tmp\/placement\/9-resizer.nl.v/} /openlane/designs/Markov_Chain_Accelerator/runs/PDN_mqrn_test/config.tcl"

Tue Sep 08 16:38:42 UTC 2026 - Executing "openroad -exit /openlane/scripts/openroad/dpl.tcl |& tee /dev/null /openlane/designs/Markov_Chain_Accelerator/runs/PDN_mqrn_test/logs/placement/10-detailed.log"

Tue Sep 08 16:38:43 UTC 2026 - Executing "sed -i.bak -e {s/\(set ::env(CURRENT_NETLIST)\).*/\1 \/openlane\/designs\/Markov_Chain_Accelerator\/runs\/PDN_mqrn_test\/results\/placement\/A06_BH_top_wrapper.nl.v/} /openlane/designs/Markov_Chain_Accelerator/runs/PDN_mqrn_test/config.tcl"

Tue Sep 08 16:38:44 UTC 2026 - Executing "openroad -exit /openlane/scripts/openroad/sta/multi_corner.tcl |& tee /dev/null /openlane/designs/Markov_Chain_Accelerator/runs/PDN_mqrn_test/logs/placement/11-dpl_sta.log"

Tue Sep 08 16:38:47 UTC 2026 - Executing "openroad -exit /openlane/scripts/openroad/cts.tcl |& tee /dev/null /openlane/designs/Markov_Chain_Accelerator/runs/PDN_mqrn_test/logs/cts/12-cts.log"

Tue Sep 08 16:39:30 UTC 2026 - Executing "openroad -exit /openlane/scripts/openroad/sta/multi_corner.tcl |& tee /dev/null /openlane/designs/Markov_Chain_Accelerator/runs/PDN_mqrn_test/logs/cts/13-cts_sta.log"

Tue Sep 08 16:39:36 UTC 2026 - Executing "openroad -exit /openlane/scripts/openroad/resizer_timing.tcl |& tee /dev/null /openlane/designs/Markov_Chain_Accelerator/runs/PDN_mqrn_test/logs/cts/14-resizer.log"

Tue Sep 08 16:39:42 UTC 2026 - Executing "sed -i.bak -e {s/\(set ::env(CURRENT_NETLIST)\).*/\1 \/openlane\/designs\/Markov_Chain_Accelerator\/runs\/PDN_mqrn_test\/tmp\/cts\/14-A06_BH_top_wrapper.resized.nl.v/} /openlane/designs/Markov_Chain_Accelerator/runs/PDN_mqrn_test/config.tcl"

Tue Sep 08 16:39:42 UTC 2026 - Executing "openroad -exit /openlane/scripts/openroad/resizer_routing_design.tcl |& tee /dev/null /openlane/designs/Markov_Chain_Accelerator/runs/PDN_mqrn_test/logs/routing/15-resizer_design.log"

Tue Sep 08 16:39:51 UTC 2026 - Executing "sed -i.bak -e {s/\(set ::env(CURRENT_NETLIST)\).*/\1 \/openlane\/designs\/Markov_Chain_Accelerator\/runs\/PDN_mqrn_test\/tmp\/15-A06_BH_top_wrapper.nl.v/} /openlane/designs/Markov_Chain_Accelerator/runs/PDN_mqrn_test/config.tcl"

Tue Sep 08 16:39:51 UTC 2026 - Executing "openroad -exit /openlane/scripts/openroad/sta/multi_corner.tcl |& tee /dev/null /openlane/designs/Markov_Chain_Accelerator/runs/PDN_mqrn_test/logs/routing/16-rsz_design_sta.log"

Tue Sep 08 16:39:56 UTC 2026 - Executing "openroad -exit /openlane/scripts/openroad/resizer_routing_timing.tcl |& tee /dev/null /openlane/designs/Markov_Chain_Accelerator/runs/PDN_mqrn_test/logs/routing/17-resizer_timing.log"

Tue Sep 08 16:40:03 UTC 2026 - Executing "sed -i.bak -e {s/\(set ::env(CURRENT_NETLIST)\).*/\1 \/openlane\/designs\/Markov_Chain_Accelerator\/runs\/PDN_mqrn_test\/tmp\/17-A06_BH_top_wrapper.nl.v/} /openlane/designs/Markov_Chain_Accelerator/runs/PDN_mqrn_test/config.tcl"

Tue Sep 08 16:40:03 UTC 2026 - Executing "openroad -exit /openlane/scripts/openroad/sta/multi_corner.tcl |& tee /dev/null /openlane/designs/Markov_Chain_Accelerator/runs/PDN_mqrn_test/logs/routing/18-rsz_timing_sta.log"

Tue Sep 08 16:40:08 UTC 2026 - Executing "openroad -exit -no_init -python /openlane/scripts/odbpy/diodes.py place --diode-cell gf180mcu_fd_sc_mcu7t5v0__antenna --diode-pin I --threshold 90 --side-strategy source --port-protect none --input-lef /openlane/designs/Markov_Chain_Accelerator/runs/PDN_mqrn_test/tmp/merged.nom.lef --output-def /openlane/designs/Markov_Chain_Accelerator/runs/PDN_mqrn_test/tmp/routing/19-diodes.def --output /openlane/designs/Markov_Chain_Accelerator/runs/PDN_mqrn_test/tmp/routing/19-diodes.odb /openlane/designs/Markov_Chain_Accelerator/runs/PDN_mqrn_test/tmp/17-A06_BH_top_wrapper.odb |& tee /dev/null /openlane/designs/Markov_Chain_Accelerator/runs/PDN_mqrn_test/logs/routing/19-diodes.log"

Tue Sep 08 16:40:09 UTC 2026 - Executing "openroad -exit /openlane/scripts/openroad/dpl.tcl |& tee /dev/null /openlane/designs/Markov_Chain_Accelerator/runs/PDN_mqrn_test/logs/routing/20-diode_legalization.log"

Tue Sep 08 16:40:11 UTC 2026 - Executing "sed -i.bak -e {s/\(set ::env(CURRENT_NETLIST)\).*/\1 \/openlane\/designs\/Markov_Chain_Accelerator\/runs\/PDN_mqrn_test\/tmp\/routing\/.\/19-diodes_legalized.nl.v/} /openlane/designs/Markov_Chain_Accelerator/runs/PDN_mqrn_test/config.tcl"

Tue Sep 08 16:40:11 UTC 2026 - Executing "openroad -exit /openlane/scripts/openroad/groute.tcl |& tee /dev/null /openlane/designs/Markov_Chain_Accelerator/runs/PDN_mqrn_test/logs/routing/21-global.log"

Tue Sep 08 16:40:14 UTC 2026 - Executing "openroad -exit /openlane/scripts/openroad/write_views.tcl |& tee /dev/null /openlane/designs/Markov_Chain_Accelerator/runs/PDN_mqrn_test/logs/routing/21-global_write_netlist.log"

Tue Sep 08 16:40:15 UTC 2026 - Executing "sed -i.bak -e {s/\(set ::env(CURRENT_NETLIST)\).*/\1 \/openlane\/designs\/Markov_Chain_Accelerator\/runs\/PDN_mqrn_test\/tmp\/routing\/global.nl.v/} /openlane/designs/Markov_Chain_Accelerator/runs/PDN_mqrn_test/config.tcl"

Tue Sep 08 16:40:15 UTC 2026 - Executing "openroad -exit /openlane/scripts/openroad/sta/multi_corner.tcl |& tee /dev/null /openlane/designs/Markov_Chain_Accelerator/runs/PDN_mqrn_test/logs/routing/23-grt_sta.log"

Tue Sep 08 16:40:19 UTC 2026 - Executing "openroad -exit /openlane/scripts/openroad/fill.tcl |& tee /dev/null /openlane/designs/Markov_Chain_Accelerator/runs/PDN_mqrn_test/logs/routing/24-fill.log"

Tue Sep 08 16:40:21 UTC 2026 - Executing "sed -i.bak -e {s/\(set ::env(CURRENT_NETLIST)\).*/\1 \/openlane\/designs\/Markov_Chain_Accelerator\/runs\/PDN_mqrn_test\/tmp\/routing\/24-fill.nl.v/} /openlane/designs/Markov_Chain_Accelerator/runs/PDN_mqrn_test/config.tcl"

Tue Sep 08 16:40:21 UTC 2026 - Executing "openroad -exit /openlane/scripts/openroad/droute.tcl |& tee /dev/null /openlane/designs/Markov_Chain_Accelerator/runs/PDN_mqrn_test/logs/routing/25-detailed.log"

Tue Sep 08 16:42:31 UTC 2026 - Executing "sed -i.bak -e {s/\(set ::env(CURRENT_NETLIST)\).*/\1 \/openlane\/designs\/Markov_Chain_Accelerator\/runs\/PDN_mqrn_test\/results\/routing\/A06_BH_top_wrapper.nl.v/} /openlane/designs/Markov_Chain_Accelerator/runs/PDN_mqrn_test/config.tcl"

Tue Sep 08 16:42:31 UTC 2026 - Executing "python3 /openlane/scripts/drc_rosetta.py tr to_klayout -o /openlane/designs/Markov_Chain_Accelerator/runs/PDN_mqrn_test/reports/routing/drt.klayout.xml --design-name A06_BH_top_wrapper /openlane/designs/Markov_Chain_Accelerator/runs/PDN_mqrn_test/reports/routing/drt.drc"

Tue Sep 08 16:42:31 UTC 2026 - Executing "openroad -exit -no_init -python /openlane/scripts/odbpy/wire_lengths.py --report-out /openlane/designs/Markov_Chain_Accelerator/runs/PDN_mqrn_test/reports/routing/26-wire_lengths.csv --input-lef /openlane/designs/Markov_Chain_Accelerator/runs/PDN_mqrn_test/tmp/merged.nom.lef --output-def /dev/null --output /openlane/designs/Markov_Chain_Accelerator/runs/PDN_mqrn_test/results/routing/A06_BH_top_wrapper.odb /openlane/designs/Markov_Chain_Accelerator/runs/PDN_mqrn_test/results/routing/A06_BH_top_wrapper.odb |& tee /dev/null /openlane/designs/Markov_Chain_Accelerator/runs/PDN_mqrn_test/logs/routing/26-wire_lengths.log"

Tue Sep 08 16:42:32 UTC 2026 - Executing "openroad -exit /openlane/scripts/openroad/rcx.tcl |& tee /dev/null /openlane/designs/Markov_Chain_Accelerator/runs/PDN_mqrn_test/logs/signoff/27-parasitics_extraction.min.log"

Tue Sep 08 16:42:36 UTC 2026 - Executing "sta -exit -no_init /openlane/scripts/openroad/sta/multi_corner.tcl |& tee /dev/null /openlane/designs/Markov_Chain_Accelerator/runs/PDN_mqrn_test/logs/signoff/28-rcx_mcsta.min.log"

Tue Sep 08 16:42:58 UTC 2026 - Executing "openroad -exit /openlane/scripts/openroad/rcx.tcl |& tee /dev/null /openlane/designs/Markov_Chain_Accelerator/runs/PDN_mqrn_test/logs/signoff/29-parasitics_extraction.max.log"

Tue Sep 08 16:43:02 UTC 2026 - Executing "sta -exit -no_init /openlane/scripts/openroad/sta/multi_corner.tcl |& tee /dev/null /openlane/designs/Markov_Chain_Accelerator/runs/PDN_mqrn_test/logs/signoff/30-rcx_mcsta.max.log"

Tue Sep 08 16:43:25 UTC 2026 - Executing "openroad -exit /openlane/scripts/openroad/rcx.tcl |& tee /dev/null /openlane/designs/Markov_Chain_Accelerator/runs/PDN_mqrn_test/logs/signoff/31-parasitics_extraction.nom.log"

Tue Sep 08 16:43:29 UTC 2026 - Executing "sta -exit -no_init /openlane/scripts/openroad/sta/multi_corner.tcl |& tee /dev/null /openlane/designs/Markov_Chain_Accelerator/runs/PDN_mqrn_test/logs/signoff/32-rcx_mcsta.nom.log"

Tue Sep 08 16:43:50 UTC 2026 - Executing "sta -exit -no_init /openlane/scripts/openroad/sta/multi_corner.tcl |& tee /dev/null /openlane/designs/Markov_Chain_Accelerator/runs/PDN_mqrn_test/logs/signoff/33-rcx_sta.log"

Tue Sep 08 16:43:57 UTC 2026 - Executing "openroad -exit /openlane/scripts/openroad/irdrop.tcl |& tee /dev/null /openlane/designs/Markov_Chain_Accelerator/runs/PDN_mqrn_test/logs/signoff/34-irdrop.log"

Tue Sep 08 16:44:02 UTC 2026 - Executing "magic -noconsole -dnull -rcfile /home/user/.ciel/gf180mcuC/libs.tech/magic/gf180mcuC.magicrc < /openlane/scripts/magic/wrapper.tcl |& tee /dev/null /openlane/designs/Markov_Chain_Accelerator/runs/PDN_mqrn_test/logs/signoff/35-gdsii.log"

Tue Sep 08 16:44:08 UTC 2026 - Executing "magic -noconsole -dnull -rcfile /home/user/.ciel/gf180mcuC/libs.tech/magic/gf180mcuC.magicrc < /openlane/scripts/magic/wrapper.tcl |& tee /dev/null /openlane/designs/Markov_Chain_Accelerator/runs/PDN_mqrn_test/logs/signoff/35-gds_ptrs.log"

Tue Sep 08 16:44:12 UTC 2026 - Executing "sed -i.bak -n {/^<< properties >>/,/^<< end >>/p} /openlane/designs/Markov_Chain_Accelerator/runs/PDN_mqrn_test/tmp/signoff/gds_ptrs.mag"

Tue Sep 08 16:44:12 UTC 2026 - Executing "magic -noconsole -dnull -rcfile /home/user/.ciel/gf180mcuC/libs.tech/magic/gf180mcuC.magicrc < /openlane/scripts/magic/wrapper.tcl |& tee /dev/null /openlane/designs/Markov_Chain_Accelerator/runs/PDN_mqrn_test/logs/signoff/35-lef.log"

Tue Sep 08 16:44:18 UTC 2026 - Executing "magic -noconsole -dnull -rcfile /home/user/.ciel/gf180mcuC/libs.tech/magic/gf180mcuC.magicrc < /openlane/scripts/magic/wrapper.tcl |& tee /dev/null /openlane/designs/Markov_Chain_Accelerator/runs/PDN_mqrn_test/logs/signoff/35-maglef.log"

Tue Sep 08 16:44:18 UTC 2026 - Executing "python3 /openlane/scripts/klayout/stream_out.py --output /openlane/designs/Markov_Chain_Accelerator/runs/PDN_mqrn_test/results/signoff/A06_BH_top_wrapper.klayout.gds --lyt /home/user/.ciel/gf180mcuC/libs.tech/klayout/tech/gf180mcu.lyt --lym /home/user/.ciel/gf180mcuC/libs.tech/klayout/tech/gf180mcu.map --lyp /home/user/.ciel/gf180mcuC/libs.tech/klayout/tech/gf180mcu.lyp --top A06_BH_top_wrapper --with-gds-file /home/user/.ciel/gf180mcuC/libs.ref/gf180mcu_fd_sc_mcu7t5v0/gds/gf180mcu_fd_sc_mcu7t5v0.gds --input-lef /openlane/designs/Markov_Chain_Accelerator/runs/PDN_mqrn_test/tmp/merged.nom.lef /openlane/designs/Markov_Chain_Accelerator/runs/PDN_mqrn_test/results/routing/A06_BH_top_wrapper.def |& tee /dev/null /openlane/designs/Markov_Chain_Accelerator/runs/PDN_mqrn_test/logs/signoff/36-gdsii-klayout.log"

Tue Sep 08 16:44:20 UTC 2026 - Executing "klayout -b -r /openlane/scripts/klayout/xor.drc -rd a=/openlane/designs/Markov_Chain_Accelerator/runs/PDN_mqrn_test/results/signoff/A06_BH_top_wrapper.gds -rd b=/openlane/designs/Markov_Chain_Accelerator/runs/PDN_mqrn_test/results/signoff/A06_BH_top_wrapper.klayout.gds -rd jobs=1 -rd rdb_out=/openlane/designs/Markov_Chain_Accelerator/runs/PDN_mqrn_test/reports/signoff/37-xor.xml -rd ignore= -rd rpt_out=/openlane/designs/Markov_Chain_Accelerator/runs/PDN_mqrn_test/reports/signoff/37-xor.rpt |& tee /dev/null /openlane/designs/Markov_Chain_Accelerator/runs/PDN_mqrn_test/logs/signoff/37-xor.log"

Tue Sep 08 16:44:39 UTC 2026 - Executing "magic -noconsole -dnull -rcfile /home/user/.ciel/gf180mcuC/libs.tech/magic/gf180mcuC.magicrc < /openlane/scripts/magic/wrapper.tcl |& tee /dev/null /openlane/designs/Markov_Chain_Accelerator/runs/PDN_mqrn_test/logs/signoff/38-spice.log"

Tue Sep 08 16:44:57 UTC 2026 - Executing "openroad -exit -no_init -python /openlane/scripts/odbpy/power_utils.py write_powered_def --output /openlane/designs/Markov_Chain_Accelerator/runs/PDN_mqrn_test/tmp/signoff/38-A06_BH_top_wrapper.p.def --input-lef /openlane/designs/Markov_Chain_Accelerator/runs/PDN_mqrn_test/tmp/merged.nom.lef --power-port VDD --ground-port VSS --powered-netlist {} /openlane/designs/Markov_Chain_Accelerator/runs/PDN_mqrn_test/results/routing/A06_BH_top_wrapper.def |& tee /dev/null /openlane/designs/Markov_Chain_Accelerator/runs/PDN_mqrn_test/logs/signoff/39-write_powered_def.log"

Tue Sep 08 16:44:59 UTC 2026 - Executing "openroad -exit /openlane/scripts/openroad/write_views.tcl |& tee /dev/null /openlane/designs/Markov_Chain_Accelerator/runs/PDN_mqrn_test/logs/signoff/39-write_powered_verilog.log"

Tue Sep 08 16:45:01 UTC 2026 - Executing "sed -i.bak -e {s/\(set ::env(CURRENT_NETLIST)\).*/\1 \/openlane\/designs\/Markov_Chain_Accelerator\/runs\/PDN_mqrn_test\/tmp\/signoff\/38-A06_BH_top_wrapper.nl.v/} /openlane/designs/Markov_Chain_Accelerator/runs/PDN_mqrn_test/config.tcl"

Tue Sep 08 16:45:02 UTC 2026 - Executing "netgen -batch source /openlane/designs/Markov_Chain_Accelerator/runs/PDN_mqrn_test/tmp/signoff/41-setup_file.lef.lvs |& tee /dev/null /openlane/designs/Markov_Chain_Accelerator/runs/PDN_mqrn_test/logs/signoff/41-lvs.lef.log"

Tue Sep 08 16:45:07 UTC 2026 - Executing "magic -noconsole -dnull -rcfile /home/user/.ciel/gf180mcuC/libs.tech/magic/gf180mcuC.magicrc < /openlane/scripts/magic/wrapper.tcl |& tee /dev/null /openlane/designs/Markov_Chain_Accelerator/runs/PDN_mqrn_test/logs/signoff/42-drc.log"

Tue Sep 08 16:45:31 UTC 2026 - Executing "python3 /openlane/scripts/drc_rosetta.py magic to_tcl -o /openlane/designs/Markov_Chain_Accelerator/runs/PDN_mqrn_test/reports/signoff/drc.tcl /openlane/designs/Markov_Chain_Accelerator/runs/PDN_mqrn_test/reports/signoff/drc.rpt"

Tue Sep 08 16:45:31 UTC 2026 - Executing "python3 /openlane/scripts/drc_rosetta.py magic to_tr -o /openlane/designs/Markov_Chain_Accelerator/runs/PDN_mqrn_test/reports/signoff/drc.tr /openlane/designs/Markov_Chain_Accelerator/runs/PDN_mqrn_test/reports/signoff/drc.rpt"

Tue Sep 08 16:45:31 UTC 2026 - Executing "python3 /openlane/scripts/drc_rosetta.py tr to_klayout -o /openlane/designs/Markov_Chain_Accelerator/runs/PDN_mqrn_test/reports/signoff/drc.klayout.xml --design-name A06_BH_top_wrapper /openlane/designs/Markov_Chain_Accelerator/runs/PDN_mqrn_test/reports/signoff/drc.tr"

Tue Sep 08 16:45:32 UTC 2026 - Executing "python3 /openlane/scripts/drc_rosetta.py magic to_rdb -o /openlane/designs/Markov_Chain_Accelerator/runs/PDN_mqrn_test/reports/signoff/drc.rdb /openlane/designs/Markov_Chain_Accelerator/runs/PDN_mqrn_test/reports/signoff/drc.rpt"

Tue Sep 08 16:45:32 UTC 2026 - Executing "openroad -exit /openlane/scripts/openroad/antenna_check.tcl |& tee /dev/null /openlane/designs/Markov_Chain_Accelerator/runs/PDN_mqrn_test/logs/signoff/43-arc.log"

Tue Sep 08 16:45:35 UTC 2026 - Executing "python3 /openlane/scripts/extract_antenna_violators.py --output /openlane/designs/Markov_Chain_Accelerator/runs/PDN_mqrn_test/reports/signoff/43-antenna_violators.rpt --plain-out /openlane/designs/Markov_Chain_Accelerator/runs/PDN_mqrn_test/reports/signoff/43-antenna_violators_pins.txt /openlane/designs/Markov_Chain_Accelerator/runs/PDN_mqrn_test/logs/signoff/43-arc.log"

